Downloading mojang_1.21.jar
Applying patches
Starting org.bukkit.craftbukkit.Main
*** Warning, you've not updated in a while! ***
*** Please download a new build as per instructions from https://papermc.io/downloads/paper ***
WARN StatusConsoleListener Advanced terminal features are not available in this environment
[09:59:22 INFO]: [bootstrap] Running Java 21 (OpenJDK 64-Bit Server VM 21.0.12.1+1-LTS; Eclipse Adoptium Temurin-21.0.12.1+1) on Windows 11 10.0 (amd64)
[09:59:22 INFO]: [bootstrap] Loading Paper 1.21-130-master@b1b5d4c (2024-08-10T10:02:42Z) for Minecraft 1.21
[09:59:23 WARN]: [oshi.driver.windows.perfmon.PerfmonDisabled] Invalid registry value type detected for PerfOS counters. Should be REG_DWORD. Ignoring: HKEY_LOCAL_MACHINE\SYSTEM\CurrentControlSet\Services\PerfOS\Performance\Disable Performance Counters.
[09:59:23 INFO]: [PluginInitializerManager] Initializing plugins...
[09:59:24 INFO]: [ReobfServer] Remapping server...
[09:59:28 INFO]: [ReobfServer] Done remapping server in 3522ms.
[09:59:28 INFO]: [PluginRemapper] Remapping plugin 'plugins\piri-juggler-paper-1.0.0.jar'...
[09:59:28 INFO]: [PluginRemapper] Remapping plugin 'plugins\piri-runtime-test-paper-1.0.0.jar'...
[09:59:28 INFO]: [PluginRemapper] Done remapping plugin 'plugins\piri-runtime-test-paper-1.0.0.jar' in 100ms.
[09:59:29 INFO]: [PluginRemapper] Done remapping plugin 'plugins\piri-juggler-paper-1.0.0.jar' in 1498ms.
[09:59:29 INFO]: [PluginInitializerManager] Initialized 2 plugins
[09:59:29 INFO]: [PluginInitializerManager] Bukkit plugins (2):
 - PiriJuggler (1.0.0), PiriRuntimeAcceptance (1.0.0)
[09:59:33 INFO]: Environment: Environment[sessionHost=https://sessionserver.mojang.com, servicesHost=https://api.minecraftservices.com, name=PROD]
[09:59:33 INFO]: Found new data pack file/bukkit, loading it automatically
[09:59:33 INFO]: Found new data pack paper, loading it automatically
[09:59:34 INFO]: No existing world data, creating new world
[09:59:34 INFO]: Loaded 1290 recipes
[09:59:35 INFO]: Loaded 1399 advancements
[09:59:35 INFO]: Starting minecraft server version 1.21
[09:59:35 INFO]: Loading properties
[09:59:35 INFO]: This server is running Paper version 1.21-130-master@b1b5d4c (2024-08-10T10:02:42Z) (Implementing API version 1.21-R0.1-SNAPSHOT)
[09:59:35 INFO]: [spark] This server bundles the spark profiler. For more information please visit https://docs.papermc.io/paper/profiling
[09:59:35 INFO]: Server Ping Player Sample Count: 12
[09:59:35 INFO]: Using 4 threads for Netty based IO
[09:59:36 INFO]: [ChunkTaskScheduler] Chunk system is using 1 I/O threads, 4 worker threads, and population gen parallelism of 4 threads
[09:59:36 INFO]: Default game type: SURVIVAL
[09:59:36 INFO]: Generating keypair
[09:59:36 INFO]: Starting Minecraft server on 127.0.0.1:25589
[09:59:36 INFO]: Using default channel type
[09:59:36 INFO]: Paper: Using Java compression from Velocity.
[09:59:36 INFO]: Paper: Using Java cipher from Velocity.
[09:59:36 INFO]: [PiriJuggler] Loading server plugin PiriJuggler v1.0.0
[09:59:36 INFO]: [PiriRuntimeAcceptance] Loading server plugin PiriRuntimeAcceptance v1.0.0
[09:59:36 WARN]: **** SERVER IS RUNNING IN OFFLINE/INSECURE MODE!
[09:59:36 WARN]: The server will make no attempt to authenticate usernames. Beware.
[09:59:36 WARN]: While this makes the game possible to play without internet access, it also opens up the ability for hackers to connect with any username they choose.
[09:59:36 WARN]: To change this, set "online-mode" to "true" in the server.properties file.
[09:59:36 INFO]: Preparing level "world"
[09:59:38 INFO]: Preparing start region for dimension minecraft:overworld
[09:59:40 INFO]: Time elapsed: 1358 ms
[09:59:40 INFO]: Preparing start region for dimension minecraft:the_nether
[09:59:40 INFO]: Time elapsed: 450 ms
[09:59:40 INFO]: Preparing start region for dimension minecraft:the_end
[09:59:40 INFO]: Time elapsed: 101 ms
[09:59:40 INFO]: [PiriJuggler] Enabling PiriJuggler v1.0.0
[09:59:41 INFO]: [PiriJuggler] PIRI_REELS_READY Report[counts={CHERRY=1510, BONUS=5250, GRAPE=750, BIG_ENTRY=10, REPLAY=525, PREMIUM_B=774, REG_ENTRY=10, MISS=5242, PIERO=20, BELL=50}, allSequences=555660, premiumFSecondChecks=7938, premiumFSequences=166698]
[09:59:41 INFO]: [PiriJuggler] Protocol 1; configuration valid
[09:59:41 INFO]: [PiriRuntimeAcceptance] Enabling PiriRuntimeAcceptance v1.0.0
[09:59:41 INFO]: [PiriRuntimeAcceptance] PIRI_RUNTIME_OBSERVER_READY Phase05
[09:59:41 INFO]: [spark] Starting background profiler...
[09:59:41 INFO]: [spark] The async-profiler engine is not supported for your os/arch (windows11/amd64), so the built-in Java engine will be used instead.
[09:59:41 INFO]: Done preparing level "world" (5.437s)
[09:59:41 INFO]: Running delayed init tasks
[09:59:41 INFO]: [PiriJuggler] PIRI_DATABASE_READY schema=4 period=e3a544d6-a7ee-4612-a5a6-d2b53affb7d4 machines=0
[09:59:41 INFO]: Done (19.680s)! For help, type "help"
[09:59:41 INFO]: *************************************************************************************
[09:59:41 INFO]: This is the first time you're starting this server.
[09:59:41 INFO]: It's recommended you read our 'Getting Started' documentation for guidance.
[09:59:41 INFO]: View this and more helpful information here: https://docs.papermc.io/paper/next-steps
[09:59:41 INFO]: *************************************************************************************
[09:59:41 INFO]: Timings Reset
[10:00:21 INFO]: UUID of player PiriRuntimeTest is 2b9a0e28-4a8f-3fe1-a65b-c41ad05e8077
[10:00:22 INFO]: [93mPiriRuntimeTest joined the game[0m
[10:00:22 INFO]: PiriRuntimeTest[/127.0.0.1:59991] logged in with entity id 51 at ([world]0.5, 65.0, 3.5)
[10:00:23 INFO]: PiriRuntimeTest issued server command: /piri machine create
[10:00:40 INFO]: PiriRuntimeTest lost connection: Disconnected
[10:00:40 INFO]: [93mPiriRuntimeTest left the game[0m
[10:00:40 INFO]: Stopping the server
[10:00:41 INFO]: Stopping server
[10:00:41 INFO]: [PiriRuntimeAcceptance] Disabling PiriRuntimeAcceptance v1.0.0
[10:00:41 INFO]: [PiriJuggler] Disabling PiriJuggler v1.0.0
[10:00:41 INFO]: Saving players
[10:00:41 INFO]: Saving worlds
[10:00:41 INFO]: Saving chunks for level 'ServerLevel[world]'/minecraft:overworld
[10:00:41 INFO]: [ChunkHolderManager] Waiting 60s for chunk system to halt for world 'world'
[10:00:41 INFO]: [ChunkHolderManager] Halted chunk system for world 'world'
[10:00:41 INFO]: [ChunkHolderManager] Saving all chunkholders for world 'world'
[10:00:41 INFO]: [ChunkHolderManager] Saved 1147 block chunks, 135 entity chunks, 0 poi chunks in world 'world' in 0.69s
[10:00:41 INFO]: Saving chunks for level 'ServerLevel[world_nether]'/minecraft:the_nether
[10:00:41 INFO]: [ChunkHolderManager] Waiting 60s for chunk system to halt for world 'world_nether'
[10:00:41 INFO]: [ChunkHolderManager] Halted chunk system for world 'world_nether'
[10:00:41 INFO]: [ChunkHolderManager] Saving all chunkholders for world 'world_nether'
[10:00:42 INFO]: [ChunkHolderManager] Saved 841 block chunks, 49 entity chunks, 0 poi chunks in world 'world_nether' in 0.29s
[10:00:42 INFO]: Saving chunks for level 'ServerLevel[world_the_end]'/minecraft:the_end
[10:00:42 INFO]: [ChunkHolderManager] Waiting 60s for chunk system to halt for world 'world_the_end'
[10:00:42 INFO]: [ChunkHolderManager] Halted chunk system for world 'world_the_end'
[10:00:42 INFO]: [ChunkHolderManager] Saving all chunkholders for world 'world_the_end'
[10:00:42 INFO]: [ChunkHolderManager] Saved 841 block chunks, 49 entity chunks, 0 poi chunks in world 'world_the_end' in 0.17s
[10:00:42 INFO]: ThreadedAnvilChunkStorage (world): All chunks are saved
[10:00:42 INFO]: ThreadedAnvilChunkStorage (DIM-1): All chunks are saved
[10:00:42 INFO]: ThreadedAnvilChunkStorage (DIM1): All chunks are saved
[10:00:42 INFO]: ThreadedAnvilChunkStorage: All dimensions are saved
