Downloading mojang_1.21.jar
Applying patches
Starting org.bukkit.craftbukkit.Main
*** Warning, you've not updated in a while! ***
*** Please download a new build as per instructions from https://papermc.io/downloads/paper ***
WARN StatusConsoleListener Advanced terminal features are not available in this environment
[14:17:39 INFO]: [bootstrap] Running Java 21 (OpenJDK 64-Bit Server VM 21.0.12.1+1-LTS; Eclipse Adoptium Temurin-21.0.12.1+1) on Windows 11 10.0 (amd64)
[14:17:39 INFO]: [bootstrap] Loading Paper 1.21-130-master@b1b5d4c (2024-08-10T10:02:42Z) for Minecraft 1.21
[14:17:39 WARN]: [oshi.driver.windows.perfmon.PerfmonDisabled] Invalid registry value type detected for PerfOS counters. Should be REG_DWORD. Ignoring: HKEY_LOCAL_MACHINE\SYSTEM\CurrentControlSet\Services\PerfOS\Performance\Disable Performance Counters.
[14:17:39 INFO]: [PluginInitializerManager] Initializing plugins...
[14:17:40 INFO]: [ReobfServer] Remapping server...
[14:17:43 INFO]: [ReobfServer] Done remapping server in 3350ms.
[14:17:43 INFO]: [PluginRemapper] Remapping plugin 'plugins\piri-runtime-test-paper-1.0.0.jar'...
[14:17:43 INFO]: [PluginRemapper] Remapping plugin 'plugins\piri-juggler-paper-1.0.0.jar'...
[14:17:43 INFO]: [PluginRemapper] Done remapping plugin 'plugins\piri-runtime-test-paper-1.0.0.jar' in 93ms.
[14:17:45 INFO]: [PluginRemapper] Done remapping plugin 'plugins\piri-juggler-paper-1.0.0.jar' in 1405ms.
[14:17:45 INFO]: [PluginInitializerManager] Initialized 2 plugins
[14:17:45 INFO]: [PluginInitializerManager] Bukkit plugins (2):
 - PiriJuggler (1.0.0), PiriRuntimeAcceptance (1.0.0)
[14:17:48 INFO]: Environment: Environment[sessionHost=https://sessionserver.mojang.com, servicesHost=https://api.minecraftservices.com, name=PROD]
[14:17:48 INFO]: Found new data pack file/bukkit, loading it automatically
[14:17:48 INFO]: Found new data pack paper, loading it automatically
[14:17:49 INFO]: No existing world data, creating new world
[14:17:49 INFO]: Loaded 1290 recipes
[14:17:50 INFO]: Loaded 1399 advancements
[14:17:50 INFO]: Starting minecraft server version 1.21
[14:17:50 INFO]: Loading properties
[14:17:50 INFO]: This server is running Paper version 1.21-130-master@b1b5d4c (2024-08-10T10:02:42Z) (Implementing API version 1.21-R0.1-SNAPSHOT)
[14:17:50 INFO]: [spark] This server bundles the spark profiler. For more information please visit https://docs.papermc.io/paper/profiling
[14:17:50 INFO]: Server Ping Player Sample Count: 12
[14:17:50 INFO]: Using 4 threads for Netty based IO
[14:17:51 INFO]: [ChunkTaskScheduler] Chunk system is using 1 I/O threads, 4 worker threads, and population gen parallelism of 4 threads
[14:17:51 INFO]: Default game type: SURVIVAL
[14:17:51 INFO]: Generating keypair
[14:17:51 INFO]: Starting Minecraft server on 127.0.0.1:25586
[14:17:51 INFO]: Using default channel type
[14:17:51 INFO]: Paper: Using Java compression from Velocity.
[14:17:51 INFO]: Paper: Using Java cipher from Velocity.
[14:17:51 INFO]: [PiriJuggler] Loading server plugin PiriJuggler v1.0.0
[14:17:51 INFO]: [PiriRuntimeAcceptance] Loading server plugin PiriRuntimeAcceptance v1.0.0
[14:17:51 WARN]: **** SERVER IS RUNNING IN OFFLINE/INSECURE MODE!
[14:17:51 WARN]: The server will make no attempt to authenticate usernames. Beware.
[14:17:51 WARN]: While this makes the game possible to play without internet access, it also opens up the ability for hackers to connect with any username they choose.
[14:17:51 WARN]: To change this, set "online-mode" to "true" in the server.properties file.
[14:17:51 INFO]: Preparing level "world"
[14:17:54 INFO]: Preparing start region for dimension minecraft:overworld
[14:17:55 INFO]: Time elapsed: 1466 ms
[14:17:55 INFO]: Preparing start region for dimension minecraft:the_nether
[14:17:56 INFO]: Time elapsed: 779 ms
[14:17:56 INFO]: Preparing start region for dimension minecraft:the_end
[14:17:56 INFO]: Time elapsed: 101 ms
[14:17:56 INFO]: [PiriJuggler] Enabling PiriJuggler v1.0.0
[14:17:56 INFO]: [PiriJuggler] Protocol 1; configuration valid
[14:17:56 INFO]: [PiriRuntimeAcceptance] Enabling PiriRuntimeAcceptance v1.0.0
[14:17:57 INFO]: [PiriRuntimeAcceptance] PIRI_RUNTIME_OBSERVER_READY Phase02 1.21-130-b1b5d4c (MC: 1.21)
[14:17:57 INFO]: [spark] Starting background profiler...
[14:17:57 INFO]: [spark] The async-profiler engine is not supported for your os/arch (windows11/amd64), so the built-in Java engine will be used instead.
[14:17:57 INFO]: Done preparing level "world" (5.879s)
[14:17:57 INFO]: Running delayed init tasks
[14:17:57 INFO]: [PiriJuggler] PIRI_DATABASE_READY schema=4 period=3698459e-96f3-4cb9-a855-fe6c2d92b5b5 machines=0
[14:17:57 INFO]: Done (18.955s)! For help, type "help"
[14:17:57 INFO]: *************************************************************************************
[14:17:57 INFO]: This is the first time you're starting this server.
[14:17:57 INFO]: It's recommended you read our 'Getting Started' documentation for guidance.
[14:17:57 INFO]: View this and more helpful information here: https://docs.papermc.io/paper/next-steps
[14:17:57 INFO]: *************************************************************************************
[14:17:57 INFO]: Timings Reset
[14:18:38 INFO]: UUID of player PiriRuntimeTest is 2b9a0e28-4a8f-3fe1-a65b-c41ad05e8077
[14:18:39 INFO]: [93mPiriRuntimeTest joined the game[0m
[14:18:39 INFO]: PiriRuntimeTest[/127.0.0.1:64613] logged in with entity id 29 at ([world]0.5, 65.0, 3.5)
[14:18:40 INFO]: PiriRuntimeTest issued server command: /piri machine create
[14:18:40 INFO]: PiriRuntimeTest issued server command: /piri machine create
[14:18:41 INFO]: PiriRuntimeTest issued server command: /piri machine create
[14:18:43 INFO]: PiriRuntimeTest issued server command: /piri machine remove 1
[14:18:44 INFO]: PiriRuntimeTest issued server command: /piri key give
[14:18:46 INFO]: PiriRuntimeTest lost connection: Disconnected
[14:18:46 INFO]: [93mPiriRuntimeTest left the game[0m
[14:18:47 INFO]: Stopping the server
[14:18:47 INFO]: Stopping server
[14:18:47 INFO]: [PiriRuntimeAcceptance] Disabling PiriRuntimeAcceptance v1.0.0
[14:18:47 INFO]: [PiriJuggler] Disabling PiriJuggler v1.0.0
[14:18:47 INFO]: Saving players
[14:18:47 INFO]: Saving worlds
[14:18:47 INFO]: Saving chunks for level 'ServerLevel[world]'/minecraft:overworld
[14:18:47 INFO]: [ChunkHolderManager] Waiting 60s for chunk system to halt for world 'world'
[14:18:47 INFO]: [ChunkHolderManager] Halted chunk system for world 'world'
[14:18:47 INFO]: [ChunkHolderManager] Saving all chunkholders for world 'world'
[14:18:48 INFO]: [ChunkHolderManager] Saved 1930 block chunks, 169 entity chunks, 0 poi chunks in world 'world' in 0.75s
[14:18:48 INFO]: Saving chunks for level 'ServerLevel[world_nether]'/minecraft:the_nether
[14:18:48 INFO]: [ChunkHolderManager] Waiting 60s for chunk system to halt for world 'world_nether'
[14:18:48 INFO]: [ChunkHolderManager] Halted chunk system for world 'world_nether'
[14:18:48 INFO]: [ChunkHolderManager] Saving all chunkholders for world 'world_nether'
[14:18:48 INFO]: [ChunkHolderManager] Saved 841 block chunks, 49 entity chunks, 0 poi chunks in world 'world_nether' in 0.24s
[14:18:48 INFO]: Saving chunks for level 'ServerLevel[world_the_end]'/minecraft:the_end
[14:18:48 INFO]: [ChunkHolderManager] Waiting 60s for chunk system to halt for world 'world_the_end'
[14:18:48 INFO]: [ChunkHolderManager] Halted chunk system for world 'world_the_end'
[14:18:48 INFO]: [ChunkHolderManager] Saving all chunkholders for world 'world_the_end'
[14:18:48 INFO]: [ChunkHolderManager] Saved 841 block chunks, 49 entity chunks, 0 poi chunks in world 'world_the_end' in 0.18s
[14:18:48 INFO]: ThreadedAnvilChunkStorage (world): All chunks are saved
[14:18:48 INFO]: ThreadedAnvilChunkStorage (DIM-1): All chunks are saved
[14:18:48 INFO]: ThreadedAnvilChunkStorage (DIM1): All chunks are saved
[14:18:48 INFO]: ThreadedAnvilChunkStorage: All dimensions are saved
