Starting org.bukkit.craftbukkit.Main
*** Warning, you've not updated in a while! ***
*** Please download a new build as per instructions from https://papermc.io/downloads/paper ***
WARN StatusConsoleListener Advanced terminal features are not available in this environment
[23:04:21 INFO]: [bootstrap] Running Java 21 (OpenJDK 64-Bit Server VM 21.0.12.1+1-LTS; Eclipse Adoptium Temurin-21.0.12.1+1) on Windows 11 10.0 (amd64)
[23:04:21 INFO]: [bootstrap] Loading Paper 1.21-130-master@b1b5d4c (2024-08-10T10:02:42Z) for Minecraft 1.21
[23:04:22 WARN]: [oshi.driver.windows.perfmon.PerfmonDisabled] Invalid registry value type detected for PerfOS counters. Should be REG_DWORD. Ignoring: HKEY_LOCAL_MACHINE\SYSTEM\CurrentControlSet\Services\PerfOS\Performance\Disable Performance Counters.
[23:04:22 INFO]: [PluginInitializerManager] Initializing plugins...
[23:04:23 INFO]: [PluginInitializerManager] Initialized 2 plugins
[23:04:23 INFO]: [PluginInitializerManager] Bukkit plugins (2):
 - PiriJuggler (1.0.0), PiriRuntimeAcceptance (1.0.0)
[23:04:27 INFO]: Environment: Environment[sessionHost=https://sessionserver.mojang.com, servicesHost=https://api.minecraftservices.com, name=PROD]
[23:04:29 INFO]: Loaded 1290 recipes
[23:04:29 INFO]: Loaded 1399 advancements
[23:04:29 INFO]: Starting minecraft server version 1.21
[23:04:29 INFO]: Loading properties
[23:04:29 INFO]: This server is running Paper version 1.21-130-master@b1b5d4c (2024-08-10T10:02:42Z) (Implementing API version 1.21-R0.1-SNAPSHOT)
[23:04:30 INFO]: [spark] This server bundles the spark profiler. For more information please visit https://docs.papermc.io/paper/profiling
[23:04:30 INFO]: Server Ping Player Sample Count: 12
[23:04:30 INFO]: Using 4 threads for Netty based IO
[23:04:31 INFO]: [ChunkTaskScheduler] Chunk system is using 1 I/O threads, 4 worker threads, and population gen parallelism of 4 threads
[23:04:31 INFO]: Default game type: SURVIVAL
[23:04:31 INFO]: Generating keypair
[23:04:31 INFO]: Starting Minecraft server on 127.0.0.1:25586
[23:04:31 INFO]: Using default channel type
[23:04:31 INFO]: Paper: Using Java compression from Velocity.
[23:04:31 INFO]: Paper: Using Java cipher from Velocity.
[23:04:31 INFO]: [PiriJuggler] Loading server plugin PiriJuggler v1.0.0
[23:04:31 INFO]: [PiriRuntimeAcceptance] Loading server plugin PiriRuntimeAcceptance v1.0.0
[23:04:31 INFO]: Server permissions file permissions.yml is empty, ignoring it
[23:04:31 WARN]: **** SERVER IS RUNNING IN OFFLINE/INSECURE MODE!
[23:04:31 WARN]: The server will make no attempt to authenticate usernames. Beware.
[23:04:31 WARN]: While this makes the game possible to play without internet access, it also opens up the ability for hackers to connect with any username they choose.
[23:04:31 WARN]: To change this, set "online-mode" to "true" in the server.properties file.
[23:04:31 INFO]: Preparing level "world"
[23:04:32 INFO]: Preparing start region for dimension minecraft:overworld
[23:04:33 INFO]: Time elapsed: 904 ms
[23:04:33 INFO]: Preparing start region for dimension minecraft:the_nether
[23:04:33 INFO]: Time elapsed: 102 ms
[23:04:33 INFO]: Preparing start region for dimension minecraft:the_end
[23:04:33 INFO]: Time elapsed: 80 ms
[23:04:33 INFO]: [PiriJuggler] Enabling PiriJuggler v1.0.0
[23:04:33 INFO]: [PiriJuggler] Protocol 1; configuration valid
[23:04:33 INFO]: [PiriRuntimeAcceptance] Enabling PiriRuntimeAcceptance v1.0.0
[23:04:33 INFO]: [PiriRuntimeAcceptance] PIRI_RUNTIME_OBSERVER_READY Phase02 1.21-130-b1b5d4c (MC: 1.21)
[23:04:33 INFO]: [spark] Starting background profiler...
[23:04:33 INFO]: [spark] The async-profiler engine is not supported for your os/arch (windows11/amd64), so the built-in Java engine will be used instead.
[23:04:33 INFO]: Done preparing level "world" (2.338s)
[23:04:33 INFO]: Running delayed init tasks
[23:04:33 INFO]: [PiriJuggler] PIRI_DATABASE_READY schema=4 period=b1f3bf84-335f-4e5f-b432-d2547d189600 machines=2
[23:04:33 INFO]: Done (12.898s)! For help, type "help"
[23:04:33 INFO]: Timings Reset
[23:05:19 INFO]: UUID of player PiriRuntimeTest is 2b9a0e28-4a8f-3fe1-a65b-c41ad05e8077
[23:05:20 INFO]: [93mPiriRuntimeTest joined the game[0m
[23:05:20 INFO]: PiriRuntimeTest[/127.0.0.1:61044] logged in with entity id 36 at ([world]0.5, 65.0, 3.5)
[23:06:17 INFO]: UUID of player PiriRuntimeTest2 is 8062c56f-e70c-32a6-a697-14af84a4d310
[23:06:18 INFO]: [93mPiriRuntimeTest2 joined the game[0m
[23:06:18 INFO]: PiriRuntimeTest2[/127.0.0.1:55602] logged in with entity id 49 at ([world]0.5, 65.0, 3.5)
[23:06:21 INFO]: PiriRuntimeTest lost connection: Disconnected
[23:06:21 INFO]: [93mPiriRuntimeTest left the game[0m
[23:06:22 INFO]: PiriRuntimeTest2 lost connection: Disconnected
[23:06:22 INFO]: [93mPiriRuntimeTest2 left the game[0m
[23:06:23 INFO]: Stopping the server
[23:06:23 INFO]: Stopping server
[23:06:23 INFO]: [PiriRuntimeAcceptance] Disabling PiriRuntimeAcceptance v1.0.0
[23:06:23 INFO]: [PiriJuggler] Disabling PiriJuggler v1.0.0
[23:06:23 INFO]: Saving players
[23:06:23 INFO]: Saving worlds
[23:06:23 INFO]: Saving chunks for level 'ServerLevel[world]'/minecraft:overworld
[23:06:23 INFO]: [ChunkHolderManager] Waiting 60s for chunk system to halt for world 'world'
[23:06:23 INFO]: [ChunkHolderManager] Halted chunk system for world 'world'
[23:06:23 INFO]: [ChunkHolderManager] Saving all chunkholders for world 'world'
[23:06:24 INFO]: [ChunkHolderManager] Saved 163 block chunks, 163 entity chunks, 0 poi chunks in world 'world' in 0.53s
[23:06:24 INFO]: Saving chunks for level 'ServerLevel[world_nether]'/minecraft:the_nether
[23:06:24 INFO]: [ChunkHolderManager] Waiting 60s for chunk system to halt for world 'world_nether'
[23:06:24 INFO]: [ChunkHolderManager] Halted chunk system for world 'world_nether'
[23:06:24 INFO]: [ChunkHolderManager] Saving all chunkholders for world 'world_nether'
[23:06:24 INFO]: [ChunkHolderManager] Saved 49 block chunks, 49 entity chunks, 0 poi chunks in world 'world_nether' in 0.11s
[23:06:24 INFO]: Saving chunks for level 'ServerLevel[world_the_end]'/minecraft:the_end
[23:06:24 INFO]: [ChunkHolderManager] Waiting 60s for chunk system to halt for world 'world_the_end'
[23:06:24 INFO]: [ChunkHolderManager] Halted chunk system for world 'world_the_end'
[23:06:24 INFO]: [ChunkHolderManager] Saving all chunkholders for world 'world_the_end'
[23:06:24 INFO]: [ChunkHolderManager] Saved 49 block chunks, 49 entity chunks, 0 poi chunks in world 'world_the_end' in 0.08s
[23:06:24 INFO]: ThreadedAnvilChunkStorage (world): All chunks are saved
[23:06:24 INFO]: ThreadedAnvilChunkStorage (DIM-1): All chunks are saved
[23:06:24 INFO]: ThreadedAnvilChunkStorage (DIM1): All chunks are saved
[23:06:24 INFO]: ThreadedAnvilChunkStorage: All dimensions are saved
