Downloading mojang_1.21.jar
Applying patches
Starting org.bukkit.craftbukkit.Main
*** Warning, you've not updated in a while! ***
*** Please download a new build as per instructions from https://papermc.io/downloads/paper ***
WARN StatusConsoleListener Advanced terminal features are not available in this environment
[10:32:48 INFO]: [bootstrap] Running Java 21 (OpenJDK 64-Bit Server VM 21.0.12.1+1-LTS; Eclipse Adoptium Temurin-21.0.12.1+1) on Windows 11 10.0 (amd64)
[10:32:48 INFO]: [bootstrap] Loading Paper 1.21-130-master@b1b5d4c (2024-08-10T10:02:42Z) for Minecraft 1.21
[10:32:49 WARN]: [oshi.driver.windows.perfmon.PerfmonDisabled] Invalid registry value type detected for PerfOS counters. Should be REG_DWORD. Ignoring: HKEY_LOCAL_MACHINE\SYSTEM\CurrentControlSet\Services\PerfOS\Performance\Disable Performance Counters.
[10:32:49 INFO]: [PluginInitializerManager] Initializing plugins...
[10:32:50 INFO]: [ReobfServer] Remapping server...
[10:32:53 INFO]: [ReobfServer] Done remapping server in 3196ms.
[10:32:53 INFO]: [PluginRemapper] Remapping plugin 'plugins\piri-juggler-paper-1.0.0.jar'...
[10:32:53 INFO]: [PluginRemapper] Remapping plugin 'plugins\piri-runtime-test-paper-1.0.0.jar'...
[10:32:53 INFO]: [PluginRemapper] Done remapping plugin 'plugins\piri-runtime-test-paper-1.0.0.jar' in 79ms.
[10:32:54 INFO]: [PluginRemapper] Done remapping plugin 'plugins\piri-juggler-paper-1.0.0.jar' in 1326ms.
[10:32:54 INFO]: [PluginInitializerManager] Initialized 2 plugins
[10:32:54 INFO]: [PluginInitializerManager] Bukkit plugins (2):
 - PiriJuggler (1.0.0), PiriRuntimeAcceptance (1.0.0)
[10:32:57 INFO]: Environment: Environment[sessionHost=https://sessionserver.mojang.com, servicesHost=https://api.minecraftservices.com, name=PROD]
[10:32:57 INFO]: Found new data pack file/bukkit, loading it automatically
[10:32:57 INFO]: Found new data pack paper, loading it automatically
[10:32:58 INFO]: No existing world data, creating new world
[10:32:58 INFO]: Loaded 1290 recipes
[10:32:59 INFO]: Loaded 1399 advancements
[10:32:59 INFO]: Starting minecraft server version 1.21
[10:32:59 INFO]: Loading properties
[10:32:59 INFO]: This server is running Paper version 1.21-130-master@b1b5d4c (2024-08-10T10:02:42Z) (Implementing API version 1.21-R0.1-SNAPSHOT)
[10:32:59 INFO]: [spark] This server bundles the spark profiler. For more information please visit https://docs.papermc.io/paper/profiling
[10:32:59 INFO]: Using 4 threads for Netty based IO
[10:32:59 INFO]: Server Ping Player Sample Count: 12
[10:32:59 INFO]: [ChunkTaskScheduler] Chunk system is using 1 I/O threads, 4 worker threads, and population gen parallelism of 4 threads
[10:33:00 INFO]: Default game type: SURVIVAL
[10:33:00 INFO]: Generating keypair
[10:33:00 INFO]: Starting Minecraft server on 127.0.0.1:25587
[10:33:00 INFO]: Using default channel type
[10:33:00 INFO]: Paper: Using Java compression from Velocity.
[10:33:00 INFO]: Paper: Using Java cipher from Velocity.
[10:33:00 INFO]: [PiriJuggler] Loading server plugin PiriJuggler v1.0.0
[10:33:00 INFO]: [PiriRuntimeAcceptance] Loading server plugin PiriRuntimeAcceptance v1.0.0
[10:33:00 WARN]: **** SERVER IS RUNNING IN OFFLINE/INSECURE MODE!
[10:33:00 WARN]: The server will make no attempt to authenticate usernames. Beware.
[10:33:00 WARN]: While this makes the game possible to play without internet access, it also opens up the ability for hackers to connect with any username they choose.
[10:33:00 WARN]: To change this, set "online-mode" to "true" in the server.properties file.
[10:33:00 INFO]: Preparing level "world"
[10:33:02 INFO]: Preparing start region for dimension minecraft:overworld
[10:33:03 INFO]: Time elapsed: 1072 ms
[10:33:03 INFO]: Preparing start region for dimension minecraft:the_nether
[10:33:03 INFO]: Time elapsed: 356 ms
[10:33:03 INFO]: Preparing start region for dimension minecraft:the_end
[10:33:04 INFO]: Time elapsed: 206 ms
[10:33:04 INFO]: [PiriJuggler] Enabling PiriJuggler v1.0.0
[10:33:04 INFO]: [PiriJuggler] Protocol 1; configuration valid
[10:33:04 INFO]: [PiriRuntimeAcceptance] Enabling PiriRuntimeAcceptance v1.0.0
[10:33:04 INFO]: [PiriRuntimeAcceptance] PIRI_RUNTIME_OBSERVER_READY Phase02 1.21-130-b1b5d4c (MC: 1.21)
[10:33:04 INFO]: [spark] Starting background profiler...
[10:33:04 INFO]: [spark] The async-profiler engine is not supported for your os/arch (windows11/amd64), so the built-in Java engine will be used instead.
[10:33:04 INFO]: Done preparing level "world" (4.376s)
[10:33:04 INFO]: Running delayed init tasks
[10:33:04 INFO]: [PiriJuggler] PIRI_DATABASE_READY schema=4 period=00f4c412-5602-450e-8ed4-c9c6e38c3fe0 machines=0
[10:33:04 INFO]: Done (16.145s)! For help, type "help"
[10:33:04 INFO]: *************************************************************************************
[10:33:04 INFO]: This is the first time you're starting this server.
[10:33:04 INFO]: It's recommended you read our 'Getting Started' documentation for guidance.
[10:33:04 INFO]: View this and more helpful information here: https://docs.papermc.io/paper/next-steps
[10:33:04 INFO]: *************************************************************************************
[10:33:04 INFO]: Timings Reset
[10:33:35 WARN]: Can't keep up! Is the server overloaded? Running 3503ms or 70 ticks behind
[10:33:47 INFO]: UUID of player PiriRuntimeTest is 2b9a0e28-4a8f-3fe1-a65b-c41ad05e8077
[10:33:48 INFO]: [93mPiriRuntimeTest joined the game[0m
[10:33:48 INFO]: PiriRuntimeTest[/127.0.0.1:56574] logged in with entity id 55 at ([world]0.5, 65.0, 3.5)
[10:33:49 INFO]: PiriRuntimeTest issued server command: /piri machine create
[10:34:09 INFO]: PiriRuntimeTest lost connection: Disconnected
[10:34:09 INFO]: [93mPiriRuntimeTest left the game[0m
[10:34:10 INFO]: Stopping the server
[10:34:10 INFO]: Stopping server
[10:34:10 INFO]: [PiriRuntimeAcceptance] Disabling PiriRuntimeAcceptance v1.0.0
[10:34:10 INFO]: [PiriJuggler] Disabling PiriJuggler v1.0.0
[10:34:10 INFO]: Saving players
[10:34:10 INFO]: Saving worlds
[10:34:10 INFO]: Saving chunks for level 'ServerLevel[world]'/minecraft:overworld
[10:34:10 INFO]: [ChunkHolderManager] Waiting 60s for chunk system to halt for world 'world'
[10:34:10 INFO]: [ChunkHolderManager] Halted chunk system for world 'world'
[10:34:10 INFO]: [ChunkHolderManager] Saving all chunkholders for world 'world'
[10:34:11 INFO]: [ChunkHolderManager] Saved 1089 block chunks, 121 entity chunks, 0 poi chunks in world 'world' in 0.66s
[10:34:11 INFO]: Saving chunks for level 'ServerLevel[world_nether]'/minecraft:the_nether
[10:34:11 INFO]: [ChunkHolderManager] Waiting 60s for chunk system to halt for world 'world_nether'
[10:34:11 INFO]: [ChunkHolderManager] Halted chunk system for world 'world_nether'
[10:34:11 INFO]: [ChunkHolderManager] Saving all chunkholders for world 'world_nether'
[10:34:11 INFO]: [ChunkHolderManager] Saved 841 block chunks, 49 entity chunks, 0 poi chunks in world 'world_nether' in 0.31s
[10:34:11 INFO]: Saving chunks for level 'ServerLevel[world_the_end]'/minecraft:the_end
[10:34:11 INFO]: [ChunkHolderManager] Waiting 60s for chunk system to halt for world 'world_the_end'
[10:34:11 INFO]: [ChunkHolderManager] Halted chunk system for world 'world_the_end'
[10:34:11 INFO]: [ChunkHolderManager] Saving all chunkholders for world 'world_the_end'
[10:34:11 INFO]: [ChunkHolderManager] Saved 841 block chunks, 49 entity chunks, 0 poi chunks in world 'world_the_end' in 0.24s
[10:34:11 INFO]: ThreadedAnvilChunkStorage (world): All chunks are saved
[10:34:11 INFO]: ThreadedAnvilChunkStorage (DIM-1): All chunks are saved
[10:34:11 INFO]: ThreadedAnvilChunkStorage (DIM1): All chunks are saved
[10:34:11 INFO]: ThreadedAnvilChunkStorage: All dimensions are saved
