reels\server.log
Downloading mojang_1.21.jar
Applying patches
Starting org.bukkit.craftbukkit.Main
*** Warning, you've not updated in a while! ***
*** Please download a new build as per instructions from https://papermc.io/downloads/paper ***
WARN StatusConsoleListener Advanced terminal features are not available in this environment
[15:28:09 INFO]: [bootstrap] Running Java 21 (OpenJDK 64-Bit Server VM 21.0.12.1+1-LTS; Eclipse Adoptium Temurin-21.0.12.1+1) on Windows 11 10.0 (amd64)
[15:28:09 INFO]: [bootstrap] Loading Paper 1.21-130-master@b1b5d4c (2024-08-10T10:02:42Z) for Minecraft 1.21
[15:28:10 WARN]: [oshi.driver.windows.perfmon.PerfmonDisabled] Invalid registry value type detected for PerfOS counters. Should be REG_DWORD. Ignoring: HKEY_LOCAL_MACHINE\SYSTEM\CurrentControlSet\Services\PerfOS\Performance\Disable Performance Counters.
[15:28:10 INFO]: [PluginInitializerManager] Initializing plugins...
[15:28:11 INFO]: [ReobfServer] Remapping server...
[15:28:14 INFO]: [ReobfServer] Done remapping server in 3289ms.
[15:28:14 INFO]: [PluginRemapper] Remapping plugin 'plugins\piri-juggler-paper-1.0.0.jar'...
[15:28:14 INFO]: [PluginRemapper] Remapping plugin 'plugins\piri-runtime-test-paper-1.0.0.jar'...
[15:28:14 INFO]: [PluginRemapper] Done remapping plugin 'plugins\piri-runtime-test-paper-1.0.0.jar' in 116ms.
[15:28:16 INFO]: [PluginRemapper] Done remapping plugin 'plugins\piri-juggler-paper-1.0.0.jar' in 1507ms.
[15:28:16 INFO]: [PluginInitializerManager] Initialized 2 plugins
[15:28:16 INFO]: [PluginInitializerManager] Bukkit plugins (2):
 - PiriJuggler (1.0.0), PiriRuntimeAcceptance (1.0.0)
[15:28:19 INFO]: Environment: Environment[sessionHost=https://sessionserver.mojang.com, servicesHost=https://api.minecraftservices.com, name=PROD]
[15:28:19 INFO]: Found new data pack file/bukkit, loading it automatically
[15:28:19 INFO]: Found new data pack paper, loading it automatically
[15:28:19 INFO]: No existing world data, creating new world
[15:28:20 INFO]: Loaded 1290 recipes
[15:28:20 INFO]: Loaded 1399 advancements
[15:28:20 INFO]: Starting minecraft server version 1.21
[15:28:20 INFO]: Loading properties
[15:28:20 INFO]: This server is running Paper version 1.21-130-master@b1b5d4c (2024-08-10T10:02:42Z) (Implementing API version 1.21-R0.1-SNAPSHOT)
[15:28:21 INFO]: [spark] This server bundles the spark profiler. For more information please visit https://docs.papermc.io/paper/profiling
[15:28:21 INFO]: Using 4 threads for Netty based IO
[15:28:21 INFO]: Server Ping Player Sample Count: 12
[15:28:21 INFO]: [ChunkTaskScheduler] Chunk system is using 1 I/O threads, 4 worker threads, and population gen parallelism of 4 threads
[15:28:21 INFO]: Default game type: SURVIVAL
[15:28:21 INFO]: Generating keypair
[15:28:21 INFO]: Starting Minecraft server on 127.0.0.1:25588
[15:28:21 INFO]: Using default channel type
[15:28:21 INFO]: Paper: Using Java compression from Velocity.
[15:28:21 INFO]: Paper: Using Java cipher from Velocity.
[15:28:21 INFO]: [PiriJuggler] Loading server plugin PiriJuggler v1.0.0
[15:28:21 INFO]: [PiriRuntimeAcceptance] Loading server plugin PiriRuntimeAcceptance v1.0.0
[15:28:21 WARN]: **** SERVER IS RUNNING IN OFFLINE/INSECURE MODE!
[15:28:21 WARN]: The server will make no attempt to authenticate usernames. Beware.
[15:28:21 WARN]: While this makes the game possible to play without internet access, it also opens up the ability for hackers to connect with any username they choose.
[15:28:21 WARN]: To change this, set "online-mode" to "true" in the server.properties file.
[15:28:21 INFO]: Preparing level "world"
[15:28:24 INFO]: Preparing start region for dimension minecraft:overworld
[15:28:26 INFO]: Time elapsed: 1542 ms
[15:28:26 INFO]: Preparing start region for dimension minecraft:the_nether
[15:28:26 INFO]: Time elapsed: 499 ms
[15:28:26 INFO]: Preparing start region for dimension minecraft:the_end
[15:28:26 INFO]: Time elapsed: 124 ms
[15:28:26 INFO]: [PiriJuggler] Enabling PiriJuggler v1.0.0
[15:28:27 INFO]: [PiriJuggler] PIRI_REELS_READY Report[counts={PREMIUM_B=782, BELL=50, BIG_ENTRY=10, PIERO=20, REPLAY=525, MISS=5250, REG_ENTRY=10, GRAPE=750, CHERRY=1514}, allSequences=500094, premiumFSecondChecks=7938, premiumFSequences=166698]
[15:28:27 INFO]: [PiriJuggler] Protocol 1; configuration valid
[15:28:27 INFO]: [PiriRuntimeAcceptance] Enabling PiriRuntimeAcceptance v1.0.0
[15:28:27 INFO]: [PiriRuntimeAcceptance] PIRI_RUNTIME_OBSERVER_READY Phase04 1.21-130-b1b5d4c (MC: 1.21)
[15:28:27 INFO]: [spark] Starting background profiler...
[15:28:27 INFO]: [spark] The async-profiler engine is not supported for your os/arch (windows11/amd64), so the built-in Java engine will be used instead.
[15:28:27 INFO]: Done preparing level "world" (5.869s)
[15:28:27 INFO]: Running delayed init tasks
[15:28:27 INFO]: [PiriJuggler] PIRI_DATABASE_READY schema=4 period=31fe1d07-d3cc-458b-8642-40c01ecb0772 machines=0
[15:28:27 INFO]: Done (18.297s)! For help, type "help"
[15:28:27 INFO]: *************************************************************************************
[15:28:27 INFO]: This is the first time you're starting this server.
[15:28:27 INFO]: It's recommended you read our 'Getting Started' documentation for guidance.
[15:28:27 INFO]: View this and more helpful information here: https://docs.papermc.io/paper/next-steps
[15:28:27 INFO]: *************************************************************************************
[15:28:27 INFO]: Timings Reset
[15:28:48 INFO]: UUID of player PiriRuntimeTest is 2b9a0e28-4a8f-3fe1-a65b-c41ad05e8077
[15:28:49 INFO]: [93mPiriRuntimeTest joined the game[0m
[15:28:49 INFO]: PiriRuntimeTest[/127.0.0.1:52449] logged in with entity id 40 at ([world]0.5, 65.0, 3.5)
[15:28:51 INFO]: PiriRuntimeTest issued server command: /piri machine create
[15:32:21 INFO]: PiriRuntimeTest lost connection: Disconnected
[15:32:21 INFO]: [93mPiriRuntimeTest left the game[0m
[15:32:21 INFO]: Stopping the server
[15:32:21 INFO]: Stopping server
[15:32:21 INFO]: [PiriRuntimeAcceptance] Disabling PiriRuntimeAcceptance v1.0.0
[15:32:21 INFO]: [PiriJuggler] Disabling PiriJuggler v1.0.0
[15:32:21 INFO]: Saving players
[15:32:21 INFO]: Saving worlds
[15:32:21 INFO]: Saving chunks for level 'ServerLevel[world]'/minecraft:overworld
[15:32:21 INFO]: [ChunkHolderManager] Waiting 60s for chunk system to halt for world 'world'
[15:32:21 INFO]: [ChunkHolderManager] Halted chunk system for world 'world'
[15:32:21 INFO]: [ChunkHolderManager] Saving all chunkholders for world 'world'
[15:32:22 INFO]: [ChunkHolderManager] Saved 1089 block chunks, 121 entity chunks, 0 poi chunks in world 'world' in 0.83s
[15:32:22 INFO]: Saving chunks for level 'ServerLevel[world_nether]'/minecraft:the_nether
[15:32:22 INFO]: [ChunkHolderManager] Waiting 60s for chunk system to halt for world 'world_nether'
[15:32:22 INFO]: [ChunkHolderManager] Halted chunk system for world 'world_nether'
[15:32:22 INFO]: [ChunkHolderManager] Saving all chunkholders for world 'world_nether'
[15:32:23 INFO]: [ChunkHolderManager] Saved 841 block chunks, 49 entity chunks, 0 poi chunks in world 'world_nether' in 0.24s
[15:32:23 INFO]: Saving chunks for level 'ServerLevel[world_the_end]'/minecraft:the_end
[15:32:23 INFO]: [ChunkHolderManager] Waiting 60s for chunk system to halt for world 'world_the_end'
[15:32:23 INFO]: [ChunkHolderManager] Halted chunk system for world 'world_the_end'
[15:32:23 INFO]: [ChunkHolderManager] Saving all chunkholders for world 'world_the_end'
[15:32:23 INFO]: [ChunkHolderManager] Saved 841 block chunks, 49 entity chunks, 0 poi chunks in world 'world_the_end' in 0.18s
[15:32:23 INFO]: ThreadedAnvilChunkStorage (world): All chunks are saved
[15:32:23 INFO]: ThreadedAnvilChunkStorage (DIM-1): All chunks are saved
[15:32:23 INFO]: ThreadedAnvilChunkStorage (DIM1): All chunks are saved
[15:32:23 INFO]: ThreadedAnvilChunkStorage: All dimensions are saved
