Starting org.bukkit.craftbukkit.Main
*** Warning, you've not updated in a while! ***
*** Please download a new build as per instructions from https://papermc.io/downloads/paper ***
WARN StatusConsoleListener Advanced terminal features are not available in this environment
[14:18:49 INFO]: [bootstrap] Running Java 21 (OpenJDK 64-Bit Server VM 21.0.12.1+1-LTS; Eclipse Adoptium Temurin-21.0.12.1+1) on Windows 11 10.0 (amd64)
[14:18:49 INFO]: [bootstrap] Loading Paper 1.21-130-master@b1b5d4c (2024-08-10T10:02:42Z) for Minecraft 1.21
[14:18:50 WARN]: [oshi.driver.windows.perfmon.PerfmonDisabled] Invalid registry value type detected for PerfOS counters. Should be REG_DWORD. Ignoring: HKEY_LOCAL_MACHINE\SYSTEM\CurrentControlSet\Services\PerfOS\Performance\Disable Performance Counters.
[14:18:50 INFO]: [PluginInitializerManager] Initializing plugins...
[14:18:50 INFO]: [PluginInitializerManager] Initialized 2 plugins
[14:18:50 INFO]: [PluginInitializerManager] Bukkit plugins (2):
 - PiriJuggler (1.0.0), PiriRuntimeAcceptance (1.0.0)
[14:18:54 INFO]: Environment: Environment[sessionHost=https://sessionserver.mojang.com, servicesHost=https://api.minecraftservices.com, name=PROD]
[14:18:55 INFO]: Loaded 1290 recipes
[14:18:55 INFO]: Loaded 1399 advancements
[14:18:56 INFO]: Starting minecraft server version 1.21
[14:18:56 INFO]: Loading properties
[14:18:56 INFO]: This server is running Paper version 1.21-130-master@b1b5d4c (2024-08-10T10:02:42Z) (Implementing API version 1.21-R0.1-SNAPSHOT)
[14:18:56 INFO]: [spark] This server bundles the spark profiler. For more information please visit https://docs.papermc.io/paper/profiling
[14:18:56 INFO]: Server Ping Player Sample Count: 12
[14:18:56 INFO]: Using 4 threads for Netty based IO
[14:18:57 INFO]: [ChunkTaskScheduler] Chunk system is using 1 I/O threads, 4 worker threads, and population gen parallelism of 4 threads
[14:18:57 INFO]: Default game type: SURVIVAL
[14:18:57 INFO]: Generating keypair
[14:18:57 INFO]: Starting Minecraft server on 127.0.0.1:25586
[14:18:57 INFO]: Using default channel type
[14:18:57 INFO]: Paper: Using Java compression from Velocity.
[14:18:57 INFO]: Paper: Using Java cipher from Velocity.
[14:18:57 INFO]: [PiriJuggler] Loading server plugin PiriJuggler v1.0.0
[14:18:57 INFO]: [PiriRuntimeAcceptance] Loading server plugin PiriRuntimeAcceptance v1.0.0
[14:18:57 INFO]: Server permissions file permissions.yml is empty, ignoring it
[14:18:57 WARN]: **** SERVER IS RUNNING IN OFFLINE/INSECURE MODE!
[14:18:57 WARN]: The server will make no attempt to authenticate usernames. Beware.
[14:18:57 WARN]: While this makes the game possible to play without internet access, it also opens up the ability for hackers to connect with any username they choose.
[14:18:57 WARN]: To change this, set "online-mode" to "true" in the server.properties file.
[14:18:57 INFO]: Preparing level "world"
[14:18:57 INFO]: Preparing start region for dimension minecraft:overworld
[14:18:58 INFO]: Time elapsed: 387 ms
[14:18:58 INFO]: Preparing start region for dimension minecraft:the_nether
[14:18:58 INFO]: Time elapsed: 445 ms
[14:18:58 INFO]: Preparing start region for dimension minecraft:the_end
[14:18:58 INFO]: Time elapsed: 52 ms
[14:18:58 INFO]: [PiriJuggler] Enabling PiriJuggler v1.0.0
[14:18:58 INFO]: [PiriJuggler] Protocol 1; configuration valid
[14:18:58 INFO]: [PiriRuntimeAcceptance] Enabling PiriRuntimeAcceptance v1.0.0
[14:18:59 INFO]: [PiriRuntimeAcceptance] PIRI_RUNTIME_OBSERVER_READY Phase02 1.21-130-b1b5d4c (MC: 1.21)
[14:18:59 INFO]: [spark] Starting background profiler...
[14:18:59 INFO]: [spark] The async-profiler engine is not supported for your os/arch (windows11/amd64), so the built-in Java engine will be used instead.
[14:18:59 INFO]: Done preparing level "world" (1.766s)
[14:18:59 INFO]: Running delayed init tasks
[14:18:59 INFO]: [PiriJuggler] PIRI_DATABASE_READY schema=4 period=bf9cb437-05d0-411a-8a40-bb5a728d36fa machines=2
[14:18:59 INFO]: Done (9.841s)! For help, type "help"
[14:18:59 INFO]: Timings Reset
[14:19:37 INFO]: UUID of player PiriRuntimeTest is 2b9a0e28-4a8f-3fe1-a65b-c41ad05e8077
[14:19:38 INFO]: [93mPiriRuntimeTest joined the game[0m
[14:19:38 INFO]: PiriRuntimeTest[/127.0.0.1:64732] logged in with entity id 15 at ([world]0.5, 65.0, 3.5)
[14:20:04 INFO]: UUID of player PiriRuntimeTest2 is 8062c56f-e70c-32a6-a697-14af84a4d310
[14:20:05 INFO]: [93mPiriRuntimeTest2 joined the game[0m
[14:20:05 INFO]: PiriRuntimeTest2[/127.0.0.1:58479] logged in with entity id 51 at ([world]0.5, 65.0, 3.5)
[14:20:08 INFO]: PiriRuntimeTest issued server command: /piri machine redefine 1
[14:20:09 INFO]: PiriRuntimeTest issued server command: /piri machine redefine 1
[14:20:11 INFO]: PiriRuntimeTest lost connection: Disconnected
[14:20:11 INFO]: [93mPiriRuntimeTest left the game[0m
[14:20:11 INFO]: PiriRuntimeTest2 lost connection: Disconnected
[14:20:11 INFO]: [93mPiriRuntimeTest2 left the game[0m
[14:20:11 INFO]: Stopping the server
[14:20:11 INFO]: Stopping server
[14:20:11 INFO]: [PiriRuntimeAcceptance] Disabling PiriRuntimeAcceptance v1.0.0
[14:20:11 INFO]: [PiriJuggler] Disabling PiriJuggler v1.0.0
[14:20:11 INFO]: Saving players
[14:20:11 INFO]: Saving worlds
[14:20:11 INFO]: Saving chunks for level 'ServerLevel[world]'/minecraft:overworld
[14:20:11 INFO]: [ChunkHolderManager] Waiting 60s for chunk system to halt for world 'world'
[14:20:11 INFO]: [ChunkHolderManager] Halted chunk system for world 'world'
[14:20:11 INFO]: [ChunkHolderManager] Saving all chunkholders for world 'world'
[14:20:12 INFO]: [ChunkHolderManager] Saved 170 block chunks, 169 entity chunks, 0 poi chunks in world 'world' in 0.45s
[14:20:12 INFO]: Saving chunks for level 'ServerLevel[world_nether]'/minecraft:the_nether
[14:20:12 INFO]: [ChunkHolderManager] Waiting 60s for chunk system to halt for world 'world_nether'
[14:20:12 INFO]: [ChunkHolderManager] Halted chunk system for world 'world_nether'
[14:20:12 INFO]: [ChunkHolderManager] Saving all chunkholders for world 'world_nether'
[14:20:12 INFO]: [ChunkHolderManager] Saved 49 block chunks, 49 entity chunks, 0 poi chunks in world 'world_nether' in 0.12s
[14:20:12 INFO]: Saving chunks for level 'ServerLevel[world_the_end]'/minecraft:the_end
[14:20:12 INFO]: [ChunkHolderManager] Waiting 60s for chunk system to halt for world 'world_the_end'
[14:20:12 INFO]: [ChunkHolderManager] Halted chunk system for world 'world_the_end'
[14:20:12 INFO]: [ChunkHolderManager] Saving all chunkholders for world 'world_the_end'
[14:20:12 INFO]: [ChunkHolderManager] Saved 49 block chunks, 49 entity chunks, 0 poi chunks in world 'world_the_end' in 0.05s
[14:20:12 INFO]: ThreadedAnvilChunkStorage (world): All chunks are saved
[14:20:12 INFO]: ThreadedAnvilChunkStorage (DIM-1): All chunks are saved
[14:20:12 INFO]: ThreadedAnvilChunkStorage (DIM1): All chunks are saved
[14:20:12 INFO]: ThreadedAnvilChunkStorage: All dimensions are saved
