Downloading mojang_1.21.jar
Applying patches
Starting org.bukkit.craftbukkit.Main
*** Warning, you've not updated in a while! ***
*** Please download a new build as per instructions from https://papermc.io/downloads/paper ***
WARN StatusConsoleListener Advanced terminal features are not available in this environment
[10:25:34 INFO]: [bootstrap] Running Java 21 (OpenJDK 64-Bit Server VM 21.0.12.1+1-LTS; Eclipse Adoptium Temurin-21.0.12.1+1) on Windows 11 10.0 (amd64)
[10:25:34 INFO]: [bootstrap] Loading Paper 1.21-130-master@b1b5d4c (2024-08-10T10:02:42Z) for Minecraft 1.21
[10:25:34 WARN]: [oshi.driver.windows.perfmon.PerfmonDisabled] Invalid registry value type detected for PerfOS counters. Should be REG_DWORD. Ignoring: HKEY_LOCAL_MACHINE\SYSTEM\CurrentControlSet\Services\PerfOS\Performance\Disable Performance Counters.
[10:25:35 INFO]: [PluginInitializerManager] Initializing plugins...
[10:25:36 INFO]: [ReobfServer] Remapping server...
[10:25:39 INFO]: [ReobfServer] Done remapping server in 3148ms.
[10:25:39 INFO]: [PluginRemapper] Remapping plugin 'plugins\piri-juggler-paper-1.0.0.jar'...
[10:25:39 INFO]: [PluginRemapper] Remapping plugin 'plugins\piri-runtime-test-paper-1.0.0.jar'...
[10:25:39 INFO]: [PluginRemapper] Done remapping plugin 'plugins\piri-runtime-test-paper-1.0.0.jar' in 81ms.
[10:25:40 INFO]: [PluginRemapper] Done remapping plugin 'plugins\piri-juggler-paper-1.0.0.jar' in 1345ms.
[10:25:40 INFO]: [PluginInitializerManager] Initialized 2 plugins
[10:25:40 INFO]: [PluginInitializerManager] Bukkit plugins (2):
 - PiriJuggler (1.0.0), PiriRuntimeAcceptance (1.0.0)
[10:25:44 INFO]: Environment: Environment[sessionHost=https://sessionserver.mojang.com, servicesHost=https://api.minecraftservices.com, name=PROD]
[10:25:44 INFO]: Found new data pack file/bukkit, loading it automatically
[10:25:44 INFO]: Found new data pack paper, loading it automatically
[10:25:44 INFO]: No existing world data, creating new world
[10:25:45 INFO]: Loaded 1290 recipes
[10:25:45 INFO]: Loaded 1399 advancements
[10:25:45 INFO]: Starting minecraft server version 1.21
[10:25:45 INFO]: Loading properties
[10:25:45 INFO]: This server is running Paper version 1.21-130-master@b1b5d4c (2024-08-10T10:02:42Z) (Implementing API version 1.21-R0.1-SNAPSHOT)
[10:25:45 INFO]: [spark] This server bundles the spark profiler. For more information please visit https://docs.papermc.io/paper/profiling
[10:25:45 INFO]: Using 4 threads for Netty based IO
[10:25:45 INFO]: Server Ping Player Sample Count: 12
[10:25:46 INFO]: [ChunkTaskScheduler] Chunk system is using 1 I/O threads, 4 worker threads, and population gen parallelism of 4 threads
[10:25:46 INFO]: Default game type: SURVIVAL
[10:25:46 INFO]: Generating keypair
[10:25:46 INFO]: Starting Minecraft server on 127.0.0.1:25587
[10:25:46 INFO]: Using default channel type
[10:25:46 INFO]: Paper: Using Java compression from Velocity.
[10:25:46 INFO]: Paper: Using Java cipher from Velocity.
[10:25:46 INFO]: [PiriJuggler] Loading server plugin PiriJuggler v1.0.0
[10:25:46 INFO]: [PiriRuntimeAcceptance] Loading server plugin PiriRuntimeAcceptance v1.0.0
[10:25:46 WARN]: **** SERVER IS RUNNING IN OFFLINE/INSECURE MODE!
[10:25:46 WARN]: The server will make no attempt to authenticate usernames. Beware.
[10:25:46 WARN]: While this makes the game possible to play without internet access, it also opens up the ability for hackers to connect with any username they choose.
[10:25:46 WARN]: To change this, set "online-mode" to "true" in the server.properties file.
[10:25:46 INFO]: Preparing level "world"
[10:25:48 INFO]: Preparing start region for dimension minecraft:overworld
[10:25:50 INFO]: Time elapsed: 1343 ms
[10:25:50 INFO]: Preparing start region for dimension minecraft:the_nether
[10:25:50 INFO]: Time elapsed: 428 ms
[10:25:50 INFO]: Preparing start region for dimension minecraft:the_end
[10:25:50 INFO]: Time elapsed: 160 ms
[10:25:50 INFO]: [PiriJuggler] Enabling PiriJuggler v1.0.0
[10:25:50 INFO]: [PiriJuggler] Protocol 1; configuration valid
[10:25:50 INFO]: [PiriRuntimeAcceptance] Enabling PiriRuntimeAcceptance v1.0.0
[10:25:51 INFO]: [PiriRuntimeAcceptance] PIRI_RUNTIME_OBSERVER_READY Phase02 1.21-130-b1b5d4c (MC: 1.21)
[10:25:51 INFO]: [spark] Starting background profiler...
[10:25:51 INFO]: [spark] The async-profiler engine is not supported for your os/arch (windows11/amd64), so the built-in Java engine will be used instead.
[10:25:51 INFO]: Done preparing level "world" (4.799s)
[10:25:51 INFO]: Running delayed init tasks
[10:25:51 INFO]: [PiriJuggler] PIRI_DATABASE_READY schema=4 period=e8fb3660-a3e1-4c58-95ad-0ecbdd1fe9f5 machines=0
[10:25:51 INFO]: Done (17.074s)! For help, type "help"
[10:25:51 INFO]: *************************************************************************************
[10:25:51 INFO]: This is the first time you're starting this server.
[10:25:51 INFO]: It's recommended you read our 'Getting Started' documentation for guidance.
[10:25:51 INFO]: View this and more helpful information here: https://docs.papermc.io/paper/next-steps
[10:25:51 INFO]: *************************************************************************************
[10:25:51 INFO]: Timings Reset
[10:26:32 INFO]: UUID of player PiriRuntimeTest is 2b9a0e28-4a8f-3fe1-a65b-c41ad05e8077
[10:26:32 INFO]: [93mPiriRuntimeTest joined the game[0m
[10:26:32 INFO]: PiriRuntimeTest[/127.0.0.1:50088] logged in with entity id 34 at ([world]0.5, 65.0, 3.5)
[10:26:33 INFO]: PiriRuntimeTest issued server command: /piri machine create
[10:26:52 INFO]: PiriRuntimeTest lost connection: Disconnected
[10:26:52 INFO]: [93mPiriRuntimeTest left the game[0m
[10:26:53 INFO]: Stopping the server
[10:26:53 INFO]: Stopping server
[10:26:53 INFO]: [PiriRuntimeAcceptance] Disabling PiriRuntimeAcceptance v1.0.0
[10:26:53 INFO]: [PiriJuggler] Disabling PiriJuggler v1.0.0
[10:26:53 INFO]: Saving players
[10:26:53 INFO]: Saving worlds
[10:26:53 INFO]: Saving chunks for level 'ServerLevel[world]'/minecraft:overworld
[10:26:53 INFO]: [ChunkHolderManager] Waiting 60s for chunk system to halt for world 'world'
[10:26:53 INFO]: [ChunkHolderManager] Halted chunk system for world 'world'
[10:26:53 INFO]: [ChunkHolderManager] Saving all chunkholders for world 'world'
[10:26:54 INFO]: [ChunkHolderManager] Saved 1089 block chunks, 121 entity chunks, 0 poi chunks in world 'world' in 0.76s
[10:26:54 INFO]: Saving chunks for level 'ServerLevel[world_nether]'/minecraft:the_nether
[10:26:54 INFO]: [ChunkHolderManager] Waiting 60s for chunk system to halt for world 'world_nether'
[10:26:54 INFO]: [ChunkHolderManager] Halted chunk system for world 'world_nether'
[10:26:54 INFO]: [ChunkHolderManager] Saving all chunkholders for world 'world_nether'
[10:26:54 INFO]: [ChunkHolderManager] Saved 841 block chunks, 49 entity chunks, 0 poi chunks in world 'world_nether' in 0.29s
[10:26:54 INFO]: Saving chunks for level 'ServerLevel[world_the_end]'/minecraft:the_end
[10:26:54 INFO]: [ChunkHolderManager] Waiting 60s for chunk system to halt for world 'world_the_end'
[10:26:54 INFO]: [ChunkHolderManager] Halted chunk system for world 'world_the_end'
[10:26:54 INFO]: [ChunkHolderManager] Saving all chunkholders for world 'world_the_end'
[10:26:54 INFO]: [ChunkHolderManager] Saved 841 block chunks, 49 entity chunks, 0 poi chunks in world 'world_the_end' in 0.28s
[10:26:54 INFO]: ThreadedAnvilChunkStorage (world): All chunks are saved
[10:26:54 INFO]: ThreadedAnvilChunkStorage (DIM-1): All chunks are saved
[10:26:54 INFO]: ThreadedAnvilChunkStorage (DIM1): All chunks are saved
[10:26:54 INFO]: ThreadedAnvilChunkStorage: All dimensions are saved
