
> Configure project :fabric
Fabric Loom: 1.10.5

> Configure project :runtime-test-client
Fabric Loom: 1.10.5

> Task :common:compileJava UP-TO-DATE
> Task :fabric:compileJava UP-TO-DATE
> Task :fabric:processResources UP-TO-DATE
> Task :fabric:classes UP-TO-DATE
> Task :paper:compileJava UP-TO-DATE
> Task :fabric:compileTestJava UP-TO-DATE
> Task :common:processResources NO-SOURCE
> Task :common:classes UP-TO-DATE
> Task :fabric:jar UP-TO-DATE
> Task :fabric:processIncludeJars UP-TO-DATE
> Task :runtime-test-client:compileJava UP-TO-DATE
> Task :runtime-test-client:processResources UP-TO-DATE
> Task :runtime-test-client:classes UP-TO-DATE
> Task :runtime-test-client:generateLog4jConfig UP-TO-DATE
> Task :runtime-test-client:downloadAssets
> Task :fabric:remapJar
> Task :runtime-test-client:generateRemapClasspath
> Task :runtime-test-client:generateDLIConfig UP-TO-DATE
> Task :runtime-test-client:configureLaunch
> Task :runtime-test-client:configureClientLaunch

> Task :runtime-test-client:runClient
[21:14:21] [main/INFO] (FabricLoader/GameProvider) Loading Minecraft 1.21 with Fabric Loader 0.16.14
[21:14:22] [main/INFO] (FabricLoader) Loading 56 mods:
	- fabric-api 0.102.0+1.21
	- fabric-api-base 0.4.42+6573ed8cd1
	- fabric-api-lookup-api-v1 1.6.68+b5597344d1
	- fabric-biome-api-v1 13.0.29+5bd9f1bcd1
	- fabric-block-api-v1 1.0.22+0af3f5a7d1
	- fabric-block-view-api-v2 1.0.10+6573ed8cd1
	- fabric-blockrenderlayer-v1 1.1.52+0af3f5a7d1
	- fabric-client-tags-api-v1 1.1.15+6573ed8cd1
	- fabric-command-api-v1 1.2.49+f71b366fd1
	- fabric-command-api-v2 2.2.28+6ced4dd9d1
	- fabric-commands-v0 0.2.66+df3654b3d1
	- fabric-content-registries-v0 8.0.16+b5597344d1
	- fabric-convention-tags-v1 2.0.19+7f945d5bd1
	- fabric-convention-tags-v2 2.5.0+c5e2b5c6d1
	- fabric-crash-report-info-v1 0.2.29+0af3f5a7d1
	- fabric-data-attachment-api-v1 1.1.27+6a6dfa19d1
	- fabric-data-generation-api-v1 20.2.16+16c4ae25d1
	- fabric-dimensions-v1 4.0.0+6fc22b99d1
	- fabric-entity-events-v1 1.6.12+6fc22b99d1
	- fabric-events-interaction-v0 0.7.12+ba9dae06d1
	- fabric-game-rule-api-v1 1.0.53+6ced4dd9d1
	- fabric-gametest-api-v1 2.0.4+6fc22b99d1
	- fabric-item-api-v1 11.0.0+afdfc921d1
	- fabric-item-group-api-v1 4.1.4+78017270d1
	- fabric-key-binding-api-v1 1.0.47+0af3f5a7d1
	- fabric-keybindings-v0 0.2.45+df3654b3d1
	- fabric-lifecycle-events-v1 2.3.12+6c1df360d1
	- fabric-loot-api-v2 3.0.14+3f89f5a5d1
	- fabric-loot-api-v3 1.0.2+3f89f5a5d1
	- fabric-message-api-v1 6.0.13+6573ed8cd1
	- fabric-model-loading-api-v1 2.0.0+fe474d6bd1
	- fabric-networking-api-v1 4.2.2+60c3209bd1
	- fabric-object-builder-api-v1 15.2.0+a551f7a4d1
	- fabric-particles-v1 4.0.2+6573ed8cd1
	- fabric-recipe-api-v1 5.0.12+65089712d1
	- fabric-registry-sync-v0 5.1.2+60c3209bd1
	- fabric-renderer-api-v1 3.4.0+c705a49cd1
	- fabric-renderer-indigo 1.7.0+c705a49cd1
	- fabric-renderer-registries-v1 3.2.68+df3654b3d1
	- fabric-rendering-data-attachment-v1 0.3.48+73761d2ed1
	- fabric-rendering-fluids-v1 3.1.6+b5597344d1
	- fabric-rendering-v0 1.1.71+df3654b3d1
	- fabric-rendering-v1 5.0.5+df16efd0d1
	- fabric-resource-conditions-api-v1 4.3.0+8dc279b1d1
	- fabric-resource-loader-v0 1.3.0+56599129d1
	- fabric-screen-api-v1 2.0.24+b5597344d1
	- fabric-screen-handler-api-v1 1.3.86+b5597344d1
	- fabric-sound-api-v1 1.0.23+6573ed8cd1
	- fabric-transfer-api-v1 5.1.16+3dccd343d1
	- fabric-transitive-access-wideners-v1 6.1.0+176f9036d1
	- fabricloader 0.16.14
	- java 21
	- minecraft 1.21
	- mixinextras 0.4.1
	- piri_juggler 1.0.0
	- piri_runtime_acceptance 1.0.0
[21:14:22] [main/INFO] (FabricLoader/Mixin) SpongePowered MIXIN Subsystem Version=0.8.7 Source=file:/C:/Users/PC_user/.gradle/caches/modules-2/files-2.1/net.fabricmc/sponge-mixin/0.15.5+mixin.0.8.7/22f9eb729e216a091673a574a5906dc1b9027fb3/sponge-mixin-0.15.5+mixin.0.8.7.jar Service=Knot/Fabric Env=CLIENT
[21:14:22] [main/INFO] (FabricLoader/Mixin) Loaded Fabric development mappings for mixin remapper!
[21:14:22] [main/INFO] (FabricLoader/Mixin) Compatibility level set to JAVA_17
[21:14:22] [main/INFO] (FabricLoader/Mixin) Compatibility level set to JAVA_21
[21:14:23] [main/INFO] (FabricLoader/MixinExtras|Service) Initializing MixinExtras via com.llamalad7.mixinextras.service.MixinExtrasServiceImpl(version=0.4.1).
[21:14:24] [Datafixer Bootstrap/INFO] (Minecraft) 226 Datafixer optimizations took 325 milliseconds
[21:14:25] [main/WARN] (PerfmonDisabled) Invalid registry value type detected for PerfOS counters. Should be REG_DWORD. Ignoring: HKEY_LOCAL_MACHINE\SYSTEM\CurrentControlSet\Services\PerfOS\Performance\Disable Performance Counters.
[21:14:31] [Render thread/INFO] (Minecraft) Environment: Environment[sessionHost=https://sessionserver.mojang.com, servicesHost=https://api.minecraftservices.com, name=PROD]
[21:14:31] [Render thread/INFO] (Minecraft) Setting user: PiriRuntimeTest
[21:14:31] [Render thread/INFO] (Indigo) [Indigo] Registering Indigo renderer!
[21:14:31] [Render thread/INFO] (PiriRuntimeAcceptance) PIRI_RUNTIME_CLIENT_READY Minecraft=1.21 FabricLoader=0.16.14 scenario=phase04-reels
[21:14:32] [Render thread/INFO] (Minecraft) Backend library: LWJGL version 3.3.3-snapshot
[21:14:33] [Render thread/INFO] (Minecraft) Reloading ResourceManager: vanilla, fabric, fabric-api, fabric-api-base, fabric-api-lookup-api-v1, fabric-biome-api-v1, fabric-block-api-v1, fabric-block-view-api-v2, fabric-blockrenderlayer-v1, fabric-client-tags-api-v1, fabric-command-api-v1, fabric-command-api-v2, fabric-commands-v0, fabric-content-registries-v0, fabric-convention-tags-v1, fabric-convention-tags-v2, fabric-crash-report-info-v1, fabric-data-attachment-api-v1, fabric-data-generation-api-v1, fabric-dimensions-v1, fabric-entity-events-v1, fabric-events-interaction-v0, fabric-game-rule-api-v1, fabric-gametest-api-v1, fabric-item-api-v1, fabric-item-group-api-v1, fabric-key-binding-api-v1, fabric-keybindings-v0, fabric-lifecycle-events-v1, fabric-loot-api-v2, fabric-loot-api-v3, fabric-message-api-v1, fabric-model-loading-api-v1, fabric-networking-api-v1, fabric-object-builder-api-v1, fabric-particles-v1, fabric-recipe-api-v1, fabric-registry-sync-v0, fabric-renderer-api-v1, fabric-renderer-indigo, fabric-renderer-registries-v1, fabric-rendering-data-attachment-v1, fabric-rendering-fluids-v1, fabric-rendering-v0, fabric-rendering-v1, fabric-resource-conditions-api-v1, fabric-resource-loader-v0, fabric-screen-api-v1, fabric-screen-handler-api-v1, fabric-sound-api-v1, fabric-transfer-api-v1, fabric-transitive-access-wideners-v1, fabricloader, piri_juggler
[21:14:33] [Worker-Main-1/WARN] (Minecraft) File piri:sounds/bet.ogg does not exist, cannot add it to event piri:bet
[21:14:33] [Worker-Main-1/WARN] (Minecraft) File piri:sounds/bonus_end.ogg does not exist, cannot add it to event piri:bonus_end
[21:14:33] [Worker-Main-1/WARN] (Minecraft) File piri:sounds/bonus_start.ogg does not exist, cannot add it to event piri:bonus_start
[21:14:33] [Worker-Main-1/WARN] (Minecraft) File piri:sounds/error.ogg does not exist, cannot add it to event piri:error
[21:14:33] [Worker-Main-1/WARN] (Minecraft) File piri:sounds/lever.ogg does not exist, cannot add it to event piri:lever
[21:14:33] [Worker-Main-1/WARN] (Minecraft) File piri:sounds/notice.ogg does not exist, cannot add it to event piri:notice
[21:14:33] [Worker-Main-1/WARN] (Minecraft) File piri:sounds/notice_strong.ogg does not exist, cannot add it to event piri:notice_strong
[21:14:33] [Worker-Main-1/WARN] (Minecraft) File piri:sounds/payout.ogg does not exist, cannot add it to event piri:payout
[21:14:33] [Worker-Main-1/WARN] (Minecraft) File piri:sounds/stop.ogg does not exist, cannot add it to event piri:stop
[21:14:33] [Worker-Main-1/WARN] (Minecraft) File piri:sounds/tenpai.ogg does not exist, cannot add it to event piri:tenpai
[21:14:33] [Worker-Main-13/INFO] (Minecraft) Found unifont_all_no_pua-15.1.05.hex, loading
[21:14:33] [Worker-Main-11/INFO] (Minecraft) Found unifont_jp_patch-15.1.05.hex, loading
[21:14:34] [Render thread/WARN] (Minecraft) Missing sound for event: minecraft:item.goat_horn.play
[21:14:34] [Render thread/WARN] (Minecraft) Missing sound for event: minecraft:entity.goat.screaming.horn_break
[21:14:35] [Render thread/INFO] (Minecraft) OpenAL initialized on device OpenAL Soft on Headphones (High Definition Audio Device)
[21:14:35] [Render thread/INFO] (Minecraft) Sound engine started
[21:14:35] [Render thread/INFO] (Minecraft) Created: 1024x512x4 minecraft:textures/atlas/blocks.png-atlas
[21:14:35] [Render thread/INFO] (Minecraft) Created: 256x256x4 minecraft:textures/atlas/signs.png-atlas
[21:14:35] [Render thread/INFO] (Minecraft) Created: 512x512x4 minecraft:textures/atlas/banner_patterns.png-atlas
[21:14:35] [Render thread/INFO] (Minecraft) Created: 512x512x4 minecraft:textures/atlas/shield_patterns.png-atlas
[21:14:35] [Render thread/INFO] (Minecraft) Created: 1024x1024x4 minecraft:textures/atlas/armor_trims.png-atlas
[21:14:35] [Render thread/INFO] (Minecraft) Created: 256x256x4 minecraft:textures/atlas/chest.png-atlas
[21:14:35] [Render thread/INFO] (Minecraft) Created: 128x64x4 minecraft:textures/atlas/decorated_pot.png-atlas
[21:14:35] [Render thread/INFO] (Minecraft) Created: 512x256x4 minecraft:textures/atlas/beds.png-atlas
[21:14:35] [Render thread/INFO] (Minecraft) Created: 512x256x4 minecraft:textures/atlas/shulker_boxes.png-atlas
[21:14:35] [Render thread/INFO] (Minecraft) Created: 512x256x0 minecraft:textures/atlas/particles.png-atlas
[21:14:35] [Render thread/INFO] (Minecraft) Created: 512x256x0 minecraft:textures/atlas/paintings.png-atlas
[21:14:35] [Render thread/INFO] (Minecraft) Created: 256x128x0 minecraft:textures/atlas/mob_effects.png-atlas
[21:14:35] [Render thread/INFO] (Minecraft) Created: 64x64x0 minecraft:textures/atlas/map_decorations.png-atlas
[21:14:35] [Render thread/INFO] (Minecraft) Created: 1024x512x0 minecraft:textures/atlas/gui.png-atlas
[21:14:35] [Render thread/WARN] (Minecraft) Shader rendertype_entity_translucent_emissive could not find sampler named Sampler2 in the specified shader program.
[21:14:35] [Render thread/INFO] (Minecraft) Connecting to 127.0.0.1, 25588
[21:14:37] [Render thread/WARN] (Minecraft) Ignoring player info update for unknown player 2b9a0e28-4a8f-3fe1-a65b-c41ad05e8077 ([UPDATE_GAME_MODE])
[21:14:37] [Render thread/INFO] (Minecraft) [System] [CHAT] PiriRuntimeTest joined the game
[21:14:37] [Render thread/INFO] (Minecraft) Loaded 2 advancements
[21:14:37] [Render thread/INFO] (PiriRuntimeAcceptance) PIRI_RUNTIME_HELLO protocol=1 payload={"protocol":1,"modVersion":"1.0.0"}
[21:14:37] [Render thread/INFO] (PiriRuntimeAcceptance) PIRI_PHASE02_PACKET {"type":"HELLO_ACK","payload":{"protocol":1,"serverVersion":"1.0.0"}}
[21:14:38] [Render thread/INFO] (Minecraft) [System] [CHAT] MACHINE_CREATED 1
[21:14:38] [Render thread/INFO] (PiriRuntimeAcceptance) PIRI_PHASE02_REAL_CLICK block=BlockPos{x=0, y=66, z=0} result=SUCCESS
[21:14:38] [Render thread/INFO] (PiriRuntimeAcceptance) PIRI_PHASE02_PACKET {"type":"OPEN_MACHINE","payload":{"sessionId":"157fd8f0-2048-4ffe-9f03-416406541556","machineId":1,"expectedNextClientSequence":1}}
[21:14:38] [Render thread/INFO] (PiriRuntimeAcceptance) PIRI_PHASE02_PACKET {"type":"PUBLIC_STATE","payload":{"sessionId":"157fd8f0-2048-4ffe-9f03-416406541556","machineId":1,"expectedNextClientSequence":1,"gameState":"SEATED_READY","lifecycle":"ACTIVE","credit":0,"heldMedals":0,"bet":0,"pay":0,"bonusCount":0,"lampOn":false,"displayStops":{"left":0,"center":0,"right":0},"stoppedMask":0}}
[21:14:39] [Render thread/INFO] (PiriRuntimeAcceptance) PIRI_PHASE02_PACKET {"type":"PUBLIC_STATE","payload":{"sessionId":"157fd8f0-2048-4ffe-9f03-416406541556","machineId":1,"expectedNextClientSequence":1,"gameState":"NORMAL_SPINNING","lifecycle":"ACTIVE","credit":0,"heldMedals":0,"bet":0,"pay":0,"bonusCount":0,"lampOn":false,"displayStops":{"left":0,"center":0,"right":0},"stoppedMask":0}}
[21:14:39] [Render thread/INFO] (PiriRuntimeAcceptance) PIRI_PHASE02_PACKET {"type":"SPIN_START","payload":{"sessionId":"157fd8f0-2048-4ffe-9f03-416406541556","machineId":1,"spinId":"c8ba19ee-ce12-4c17-9c9d-4b428188e9f6","mode":"NORMAL","animation":"NORMAL","startPhase":{"left":0.0,"center":0.0,"right":0.0},"stopEnableAfterMs":400}}
[21:14:41] [Render thread/INFO] (PiriRuntimeAcceptance) PIRI_PHASE02_PACKET {"type":"ACTION_ACCEPTED","payload":{"clientSequence":1,"action":"STOP_LEFT"}}
[21:14:41] [Render thread/INFO] (PiriRuntimeAcceptance) PIRI_PHASE02_PACKET {"type":"REEL_STOP","payload":{"spinId":"c8ba19ee-ce12-4c17-9c9d-4b428188e9f6","reel":"LEFT","pressedIndex":15,"stopIndex":15,"slip":0,"durationMs":80}}
[21:14:41] [Render thread/INFO] (PiriRuntimeAcceptance) PIRI_PHASE02_PACKET {"type":"ACTION_ACCEPTED","payload":{"clientSequence":2,"action":"STOP_CENTER"}}
[21:14:41] [Render thread/INFO] (PiriRuntimeAcceptance) PIRI_PHASE02_PACKET {"type":"REEL_STOP","payload":{"spinId":"c8ba19ee-ce12-4c17-9c9d-4b428188e9f6","reel":"CENTER","pressedIndex":6,"stopIndex":4,"slip":2,"durationMs":180}}
[21:14:41] [Render thread/INFO] (PiriRuntimeAcceptance) PIRI_PHASE02_PACKET {"type":"TENPAI_SOUND","payload":{"spinId":"c8ba19ee-ce12-4c17-9c9d-4b428188e9f6"}}
[21:14:42] [Render thread/INFO] (PiriRuntimeAcceptance) PIRI_PHASE02_PACKET {"type":"ACTION_ACCEPTED","payload":{"clientSequence":3,"action":"STOP_RIGHT"}}
[21:14:42] [Render thread/INFO] (PiriRuntimeAcceptance) PIRI_PHASE02_PACKET {"type":"REEL_STOP","payload":{"spinId":"c8ba19ee-ce12-4c17-9c9d-4b428188e9f6","reel":"RIGHT","pressedIndex":18,"stopIndex":16,"slip":2,"durationMs":180}}
[21:14:42] [Render thread/INFO] (PiriRuntimeAcceptance) PIRI_PHASE02_PACKET {"type":"PUBLIC_STATE","payload":{"sessionId":"157fd8f0-2048-4ffe-9f03-416406541556","machineId":1,"expectedNextClientSequence":4,"gameState":"SEATED_READY","lifecycle":"ACTIVE","credit":0,"heldMedals":0,"bet":0,"pay":0,"bonusCount":0,"lampOn":false,"displayStops":{"left":15,"center":4,"right":16},"stoppedMask":7}}
[21:14:43] [Render thread/INFO] (PiriRuntimeAcceptance) PIRI_PHASE02_PACKET {"type":"PUBLIC_STATE","payload":{"sessionId":"157fd8f0-2048-4ffe-9f03-416406541556","machineId":1,"expectedNextClientSequence":4,"gameState":"NORMAL_SPINNING","lifecycle":"ACTIVE","credit":0,"heldMedals":0,"bet":0,"pay":0,"bonusCount":0,"lampOn":false,"displayStops":{"left":15,"center":4,"right":16},"stoppedMask":0}}
[21:14:43] [Render thread/INFO] (PiriRuntimeAcceptance) PIRI_PHASE02_PACKET {"type":"SPIN_START","payload":{"sessionId":"157fd8f0-2048-4ffe-9f03-416406541556","machineId":1,"spinId":"d8f9abe9-aac5-46d1-8bac-f35c68487355","mode":"NORMAL","animation":"REVERSE_500MS","startPhase":{"left":15.0,"center":4.0,"right":16.0},"stopEnableAfterMs":800}}
[21:14:45] [Render thread/INFO] (PiriRuntimeAcceptance) PIRI_PHASE02_PACKET {"type":"ACTION_ACCEPTED","payload":{"clientSequence":4,"action":"STOP_LEFT"}}
[21:14:45] [Render thread/INFO] (PiriRuntimeAcceptance) PIRI_PHASE02_PACKET {"type":"REEL_STOP","payload":{"spinId":"d8f9abe9-aac5-46d1-8bac-f35c68487355","reel":"LEFT","pressedIndex":4,"stopIndex":4,"slip":0,"durationMs":80}}
[21:14:46] [Render thread/INFO] (PiriRuntimeAcceptance) PIRI_PHASE02_PACKET {"type":"ACTION_ACCEPTED","payload":{"clientSequence":5,"action":"STOP_RIGHT"}}
[21:14:46] [Render thread/INFO] (PiriRuntimeAcceptance) PIRI_PHASE02_PACKET {"type":"REEL_STOP","payload":{"spinId":"d8f9abe9-aac5-46d1-8bac-f35c68487355","reel":"RIGHT","pressedIndex":8,"stopIndex":8,"slip":0,"durationMs":80}}
[21:14:46] [Render thread/INFO] (PiriRuntimeAcceptance) PIRI_PHASE02_PACKET {"type":"ACTION_ACCEPTED","payload":{"clientSequence":6,"action":"STOP_CENTER"}}
[21:14:46] [Render thread/INFO] (PiriRuntimeAcceptance) PIRI_PHASE02_PACKET {"type":"REEL_STOP","payload":{"spinId":"d8f9abe9-aac5-46d1-8bac-f35c68487355","reel":"CENTER","pressedIndex":8,"stopIndex":8,"slip":0,"durationMs":80}}
[21:14:46] [Render thread/INFO] (PiriRuntimeAcceptance) PIRI_PHASE02_PACKET {"type":"PUBLIC_STATE","payload":{"sessionId":"157fd8f0-2048-4ffe-9f03-416406541556","machineId":1,"expectedNextClientSequence":7,"gameState":"SEATED_READY","lifecycle":"ACTIVE","credit":0,"heldMedals":0,"bet":0,"pay":0,"bonusCount":0,"lampOn":false,"displayStops":{"left":4,"center":8,"right":8},"stoppedMask":7}}
[21:14:47] [Render thread/INFO] (PiriRuntimeAcceptance) PIRI_PHASE02_PACKET {"type":"PUBLIC_STATE","payload":{"sessionId":"157fd8f0-2048-4ffe-9f03-416406541556","machineId":1,"expectedNextClientSequence":7,"gameState":"NORMAL_SPINNING","lifecycle":"ACTIVE","credit":0,"heldMedals":0,"bet":0,"pay":0,"bonusCount":0,"lampOn":false,"displayStops":{"left":4,"center":8,"right":8},"stoppedMask":0}}
[21:14:47] [Render thread/INFO] (PiriRuntimeAcceptance) PIRI_PHASE02_PACKET {"type":"SPIN_START","payload":{"sessionId":"157fd8f0-2048-4ffe-9f03-416406541556","machineId":1,"spinId":"cdd30302-2400-4516-a4a2-3c17082e8294","mode":"NORMAL","animation":"RESUME_NORMAL","startPhase":{"left":4.0,"center":8.0,"right":8.0},"stopEnableAfterMs":200}}
[21:14:48] [Render thread/INFO] (PiriRuntimeAcceptance) PIRI_PHASE02_PACKET {"type":"ACTION_ACCEPTED","payload":{"clientSequence":7,"action":"STOP_CENTER"}}
[21:14:48] [Render thread/INFO] (PiriRuntimeAcceptance) PIRI_PHASE02_PACKET {"type":"REEL_STOP","payload":{"spinId":"cdd30302-2400-4516-a4a2-3c17082e8294","reel":"CENTER","pressedIndex":1,"stopIndex":0,"slip":1,"durationMs":130}}
[21:14:49] [Render thread/INFO] (PiriRuntimeAcceptance) PIRI_PHASE02_PACKET {"type":"ACTION_ACCEPTED","payload":{"clientSequence":8,"action":"STOP_LEFT"}}
[21:14:49] [Render thread/INFO] (PiriRuntimeAcceptance) PIRI_PHASE02_PACKET {"type":"REEL_STOP","payload":{"spinId":"cdd30302-2400-4516-a4a2-3c17082e8294","reel":"LEFT","pressedIndex":9,"stopIndex":6,"slip":3,"durationMs":230}}
[21:14:49] [Render thread/INFO] (PiriRuntimeAcceptance) PIRI_PHASE02_PACKET {"type":"ACTION_ACCEPTED","payload":{"clientSequence":9,"action":"STOP_RIGHT"}}
[21:14:49] [Render thread/INFO] (PiriRuntimeAcceptance) PIRI_PHASE02_PACKET {"type":"REEL_STOP","payload":{"spinId":"cdd30302-2400-4516-a4a2-3c17082e8294","reel":"RIGHT","pressedIndex":4,"stopIndex":3,"slip":1,"durationMs":130}}
[21:14:49] [Render thread/INFO] (PiriRuntimeAcceptance) PIRI_PHASE02_PACKET {"type":"PUBLIC_STATE","payload":{"sessionId":"157fd8f0-2048-4ffe-9f03-416406541556","machineId":1,"expectedNextClientSequence":10,"gameState":"SEATED_READY","lifecycle":"ACTIVE","credit":0,"heldMedals":0,"bet":0,"pay":0,"bonusCount":0,"lampOn":false,"displayStops":{"left":6,"center":0,"right":3},"stoppedMask":7}}
[21:14:50] [Render thread/INFO] (PiriRuntimeAcceptance) PIRI_PHASE02_PACKET {"type":"PUBLIC_STATE","payload":{"sessionId":"157fd8f0-2048-4ffe-9f03-416406541556","machineId":1,"expectedNextClientSequence":10,"gameState":"NORMAL_SPINNING","lifecycle":"ACTIVE","credit":0,"heldMedals":0,"bet":0,"pay":0,"bonusCount":0,"lampOn":false,"displayStops":{"left":6,"center":0,"right":3},"stoppedMask":0}}
[21:14:50] [Render thread/INFO] (PiriRuntimeAcceptance) PIRI_PHASE02_PACKET {"type":"SPIN_START","payload":{"sessionId":"157fd8f0-2048-4ffe-9f03-416406541556","machineId":1,"spinId":"9928e88e-aa93-46ae-ad45-802baca18544","mode":"NORMAL","animation":"NORMAL","startPhase":{"left":6.0,"center":0.0,"right":3.0},"stopEnableAfterMs":400}}
[21:14:51] [Render thread/INFO] (PiriRuntimeAcceptance) PIRI_PHASE02_PACKET {"type":"ACTION_ACCEPTED","payload":{"clientSequence":10,"action":"STOP_CENTER"}}
[21:14:51] [Render thread/INFO] (PiriRuntimeAcceptance) PIRI_PHASE02_PACKET {"type":"REEL_STOP","payload":{"spinId":"9928e88e-aa93-46ae-ad45-802baca18544","reel":"CENTER","pressedIndex":12,"stopIndex":12,"slip":0,"durationMs":80}}
[21:14:52] [Render thread/INFO] (PiriRuntimeAcceptance) PIRI_PHASE02_PACKET {"type":"ACTION_ACCEPTED","payload":{"clientSequence":11,"action":"STOP_RIGHT"}}
[21:14:52] [Render thread/INFO] (PiriRuntimeAcceptance) PIRI_PHASE02_PACKET {"type":"REEL_STOP","payload":{"spinId":"9928e88e-aa93-46ae-ad45-802baca18544","reel":"RIGHT","pressedIndex":18,"stopIndex":18,"slip":0,"durationMs":80}}
[21:14:52] [Render thread/INFO] (PiriRuntimeAcceptance) PIRI_PHASE02_PACKET {"type":"ACTION_ACCEPTED","payload":{"clientSequence":12,"action":"STOP_LEFT"}}
[21:14:52] [Render thread/INFO] (PiriRuntimeAcceptance) PIRI_PHASE02_PACKET {"type":"REEL_STOP","payload":{"spinId":"9928e88e-aa93-46ae-ad45-802baca18544","reel":"LEFT","pressedIndex":12,"stopIndex":11,"slip":1,"durationMs":130}}
[21:14:52] [Render thread/INFO] (PiriRuntimeAcceptance) PIRI_PHASE02_PACKET {"type":"PUBLIC_STATE","payload":{"sessionId":"157fd8f0-2048-4ffe-9f03-416406541556","machineId":1,"expectedNextClientSequence":13,"gameState":"SEATED_READY","lifecycle":"ACTIVE","credit":0,"heldMedals":0,"bet":0,"pay":0,"bonusCount":0,"lampOn":false,"displayStops":{"left":11,"center":12,"right":18},"stoppedMask":7}}
[21:14:53] [Render thread/INFO] (PiriRuntimeAcceptance) PIRI_PHASE02_PACKET {"type":"PUBLIC_STATE","payload":{"sessionId":"157fd8f0-2048-4ffe-9f03-416406541556","machineId":1,"expectedNextClientSequence":13,"gameState":"NORMAL_SPINNING","lifecycle":"ACTIVE","credit":0,"heldMedals":0,"bet":0,"pay":0,"bonusCount":0,"lampOn":false,"displayStops":{"left":11,"center":12,"right":18},"stoppedMask":0}}
[21:14:53] [Render thread/INFO] (PiriRuntimeAcceptance) PIRI_PHASE02_PACKET {"type":"SPIN_START","payload":{"sessionId":"157fd8f0-2048-4ffe-9f03-416406541556","machineId":1,"spinId":"e7bc16df-27fc-4c8e-bb65-8cea9974665c","mode":"NORMAL","animation":"REVERSE_500MS","startPhase":{"left":11.0,"center":12.0,"right":18.0},"stopEnableAfterMs":800}}
[21:14:54] [Render thread/INFO] (PiriRuntimeAcceptance) PIRI_PHASE02_PACKET {"type":"ACTION_ACCEPTED","payload":{"clientSequence":13,"action":"STOP_RIGHT"}}
[21:14:54] [Render thread/INFO] (PiriRuntimeAcceptance) PIRI_PHASE02_PACKET {"type":"REEL_STOP","payload":{"spinId":"e7bc16df-27fc-4c8e-bb65-8cea9974665c","reel":"RIGHT","pressedIndex":16,"stopIndex":16,"slip":0,"durationMs":80}}
[21:14:54] [Render thread/INFO] (PiriRuntimeAcceptance) PIRI_PHASE02_PACKET {"type":"ACTION_ACCEPTED","payload":{"clientSequence":14,"action":"STOP_LEFT"}}
[21:14:54] [Render thread/INFO] (PiriRuntimeAcceptance) PIRI_PHASE02_PACKET {"type":"REEL_STOP","payload":{"spinId":"e7bc16df-27fc-4c8e-bb65-8cea9974665c","reel":"LEFT","pressedIndex":0,"stopIndex":17,"slip":4,"durationMs":280}}
[21:14:55] [Render thread/INFO] (PiriRuntimeAcceptance) PIRI_PHASE02_PACKET {"type":"ACTION_ACCEPTED","payload":{"clientSequence":15,"action":"STOP_CENTER"}}
[21:14:55] [Render thread/INFO] (PiriRuntimeAcceptance) PIRI_PHASE02_PACKET {"type":"REEL_STOP","payload":{"spinId":"e7bc16df-27fc-4c8e-bb65-8cea9974665c","reel":"CENTER","pressedIndex":13,"stopIndex":13,"slip":0,"durationMs":80}}
[21:14:55] [Render thread/INFO] (PiriRuntimeAcceptance) PIRI_PHASE02_PACKET {"type":"PUBLIC_STATE","payload":{"sessionId":"157fd8f0-2048-4ffe-9f03-416406541556","machineId":1,"expectedNextClientSequence":16,"gameState":"SEATED_READY","lifecycle":"ACTIVE","credit":0,"heldMedals":0,"bet":0,"pay":0,"bonusCount":0,"lampOn":false,"displayStops":{"left":17,"center":13,"right":16},"stoppedMask":7}}
[21:14:56] [Render thread/INFO] (PiriRuntimeAcceptance) PIRI_PHASE02_PACKET {"type":"PUBLIC_STATE","payload":{"sessionId":"157fd8f0-2048-4ffe-9f03-416406541556","machineId":1,"expectedNextClientSequence":16,"gameState":"NORMAL_SPINNING","lifecycle":"ACTIVE","credit":0,"heldMedals":0,"bet":0,"pay":0,"bonusCount":0,"lampOn":false,"displayStops":{"left":17,"center":13,"right":16},"stoppedMask":0}}
[21:14:56] [Render thread/INFO] (PiriRuntimeAcceptance) PIRI_PHASE02_PACKET {"type":"SPIN_START","payload":{"sessionId":"157fd8f0-2048-4ffe-9f03-416406541556","machineId":1,"spinId":"ec2c89b7-621c-43e5-8bcf-30dc442ae22a","mode":"NORMAL","animation":"RESUME_NORMAL","startPhase":{"left":17.0,"center":13.0,"right":16.0},"stopEnableAfterMs":200}}
[21:14:57] [Render thread/INFO] (PiriRuntimeAcceptance) PIRI_PHASE02_PACKET {"type":"ACTION_ACCEPTED","payload":{"clientSequence":16,"action":"STOP_RIGHT"}}
[21:14:57] [Render thread/INFO] (PiriRuntimeAcceptance) PIRI_PHASE02_PACKET {"type":"REEL_STOP","payload":{"spinId":"ec2c89b7-621c-43e5-8bcf-30dc442ae22a","reel":"RIGHT","pressedIndex":1,"stopIndex":1,"slip":0,"durationMs":80}}
[21:14:57] [Render thread/INFO] (PiriRuntimeAcceptance) PIRI_PHASE02_PACKET {"type":"ACTION_ACCEPTED","payload":{"clientSequence":17,"action":"STOP_CENTER"}}
[21:14:57] [Render thread/INFO] (PiriRuntimeAcceptance) PIRI_PHASE02_PACKET {"type":"REEL_STOP","payload":{"spinId":"ec2c89b7-621c-43e5-8bcf-30dc442ae22a","reel":"CENTER","pressedIndex":5,"stopIndex":4,"slip":1,"durationMs":130}}
[21:14:58] [Render thread/INFO] (PiriRuntimeAcceptance) PIRI_PHASE02_PACKET {"type":"ACTION_ACCEPTED","payload":{"clientSequence":18,"action":"STOP_LEFT"}}
[21:14:58] [Render thread/INFO] (PiriRuntimeAcceptance) PIRI_PHASE02_PACKET {"type":"REEL_STOP","payload":{"spinId":"ec2c89b7-621c-43e5-8bcf-30dc442ae22a","reel":"LEFT","pressedIndex":0,"stopIndex":17,"slip":4,"durationMs":280}}
[21:14:58] [Render thread/INFO] (PiriRuntimeAcceptance) PIRI_PHASE02_PACKET {"type":"PUBLIC_STATE","payload":{"sessionId":"157fd8f0-2048-4ffe-9f03-416406541556","machineId":1,"expectedNextClientSequence":19,"gameState":"SEATED_READY","lifecycle":"ACTIVE","credit":0,"heldMedals":0,"bet":0,"pay":0,"bonusCount":0,"lampOn":false,"displayStops":{"left":17,"center":4,"right":1},"stoppedMask":7}}
[21:14:58] [Render thread/INFO] (PiriRuntimeAcceptance) PIRI_PHASE02_PACKET {"type":"PUBLIC_STATE","payload":{"sessionId":"157fd8f0-2048-4ffe-9f03-416406541556","machineId":1,"expectedNextClientSequence":19,"gameState":"NORMAL_SPINNING","lifecycle":"ACTIVE","credit":0,"heldMedals":0,"bet":0,"pay":0,"bonusCount":0,"lampOn":false,"displayStops":{"left":17,"center":4,"right":1},"stoppedMask":0}}
[21:14:58] [Render thread/INFO] (PiriRuntimeAcceptance) PIRI_PHASE02_PACKET {"type":"SPIN_START","payload":{"sessionId":"157fd8f0-2048-4ffe-9f03-416406541556","machineId":1,"spinId":"5c29a59c-e6cf-467e-9c72-a629454b3b41","mode":"NORMAL","animation":"NORMAL","startPhase":{"left":17.0,"center":4.0,"right":1.0},"stopEnableAfterMs":400}}
[21:14:59] [Render thread/INFO] (PiriRuntimeAcceptance) PIRI_PHASE02_PACKET {"type":"ACTION_ACCEPTED","payload":{"clientSequence":19,"action":"STOP_LEFT"}}
[21:14:59] [Render thread/INFO] (PiriRuntimeAcceptance) PIRI_PHASE02_PACKET {"type":"REEL_STOP","payload":{"spinId":"5c29a59c-e6cf-467e-9c72-a629454b3b41","reel":"LEFT","pressedIndex":8,"stopIndex":14,"slip":15,"durationMs":830}}
[21:15:00] [Render thread/INFO] (PiriRuntimeAcceptance) PIRI_PHASE02_PACKET {"type":"ACTION_ACCEPTED","payload":{"clientSequence":20,"action":"STOP_CENTER"}}
[21:15:00] [Render thread/INFO] (PiriRuntimeAcceptance) PIRI_PHASE02_PACKET {"type":"REEL_STOP","payload":{"spinId":"5c29a59c-e6cf-467e-9c72-a629454b3b41","reel":"CENTER","pressedIndex":7,"stopIndex":7,"slip":0,"durationMs":80}}
[21:15:00] [Render thread/INFO] (PiriRuntimeAcceptance) PIRI_PHASE02_PACKET {"type":"ACTION_ACCEPTED","payload":{"clientSequence":21,"action":"STOP_RIGHT"}}
[21:15:00] [Render thread/INFO] (PiriRuntimeAcceptance) PIRI_PHASE02_PACKET {"type":"REEL_STOP","payload":{"spinId":"5c29a59c-e6cf-467e-9c72-a629454b3b41","reel":"RIGHT","pressedIndex":16,"stopIndex":16,"slip":0,"durationMs":80}}
[21:15:00] [Render thread/INFO] (PiriRuntimeAcceptance) PIRI_PHASE02_PACKET {"type":"PUBLIC_STATE","payload":{"sessionId":"157fd8f0-2048-4ffe-9f03-416406541556","machineId":1,"expectedNextClientSequence":22,"gameState":"SEATED_READY","lifecycle":"ACTIVE","credit":0,"heldMedals":0,"bet":0,"pay":0,"bonusCount":0,"lampOn":false,"displayStops":{"left":14,"center":7,"right":16},"stoppedMask":7}}
[21:15:02] [Render thread/INFO] (PiriRuntimeAcceptance) PIRI_PHASE02_PACKET {"type":"PUBLIC_STATE","payload":{"sessionId":"157fd8f0-2048-4ffe-9f03-416406541556","machineId":1,"expectedNextClientSequence":22,"gameState":"NORMAL_SPINNING","lifecycle":"ACTIVE","credit":0,"heldMedals":0,"bet":0,"pay":0,"bonusCount":0,"lampOn":false,"displayStops":{"left":14,"center":7,"right":16},"stoppedMask":0}}
[21:15:02] [Render thread/INFO] (PiriRuntimeAcceptance) PIRI_PHASE02_PACKET {"type":"SPIN_START","payload":{"sessionId":"157fd8f0-2048-4ffe-9f03-416406541556","machineId":1,"spinId":"975283d6-68a7-4411-be45-3ff7bf5c3252","mode":"NORMAL","animation":"REVERSE_500MS","startPhase":{"left":14.0,"center":7.0,"right":16.0},"stopEnableAfterMs":800}}
[21:15:03] [Render thread/INFO] (PiriRuntimeAcceptance) PIRI_PHASE02_PACKET {"type":"ACTION_ACCEPTED","payload":{"clientSequence":22,"action":"STOP_LEFT"}}
[21:15:03] [Render thread/INFO] (PiriRuntimeAcceptance) PIRI_PHASE02_PACKET {"type":"REEL_STOP","payload":{"spinId":"975283d6-68a7-4411-be45-3ff7bf5c3252","reel":"LEFT","pressedIndex":8,"stopIndex":14,"slip":15,"durationMs":830}}
[21:15:04] [Render thread/INFO] (PiriRuntimeAcceptance) PIRI_PHASE02_PACKET {"type":"ACTION_ACCEPTED","payload":{"clientSequence":23,"action":"STOP_RIGHT"}}
[21:15:04] [Render thread/INFO] (PiriRuntimeAcceptance) PIRI_PHASE02_PACKET {"type":"REEL_STOP","payload":{"spinId":"975283d6-68a7-4411-be45-3ff7bf5c3252","reel":"RIGHT","pressedIndex":1,"stopIndex":1,"slip":0,"durationMs":80}}
[21:15:04] [Render thread/INFO] (PiriRuntimeAcceptance) PIRI_PHASE02_PACKET {"type":"ACTION_ACCEPTED","payload":{"clientSequence":24,"action":"STOP_CENTER"}}
[21:15:04] [Render thread/INFO] (PiriRuntimeAcceptance) PIRI_PHASE02_PACKET {"type":"REEL_STOP","payload":{"spinId":"975283d6-68a7-4411-be45-3ff7bf5c3252","reel":"CENTER","pressedIndex":4,"stopIndex":16,"slip":9,"durationMs":530}}
[21:15:04] [Render thread/INFO] (PiriRuntimeAcceptance) PIRI_PHASE02_PACKET {"type":"PUBLIC_STATE","payload":{"sessionId":"157fd8f0-2048-4ffe-9f03-416406541556","machineId":1,"expectedNextClientSequence":25,"gameState":"SEATED_READY","lifecycle":"ACTIVE","credit":0,"heldMedals":0,"bet":0,"pay":0,"bonusCount":0,"lampOn":false,"displayStops":{"left":14,"center":16,"right":1},"stoppedMask":7}}
[21:15:06] [Render thread/INFO] (PiriRuntimeAcceptance) PIRI_PHASE02_PACKET {"type":"PUBLIC_STATE","payload":{"sessionId":"157fd8f0-2048-4ffe-9f03-416406541556","machineId":1,"expectedNextClientSequence":25,"gameState":"NORMAL_SPINNING","lifecycle":"ACTIVE","credit":0,"heldMedals":0,"bet":0,"pay":0,"bonusCount":0,"lampOn":false,"displayStops":{"left":14,"center":16,"right":1},"stoppedMask":0}}
[21:15:06] [Render thread/INFO] (PiriRuntimeAcceptance) PIRI_PHASE02_PACKET {"type":"SPIN_START","payload":{"sessionId":"157fd8f0-2048-4ffe-9f03-416406541556","machineId":1,"spinId":"d2a87f28-e15d-4f94-ae21-01e03a86c512","mode":"NORMAL","animation":"RESUME_NORMAL","startPhase":{"left":14.0,"center":16.0,"right":1.0},"stopEnableAfterMs":200}}
[21:15:06] [Render thread/INFO] (PiriRuntimeAcceptance) PIRI_PHASE02_PACKET {"type":"ACTION_ACCEPTED","payload":{"clientSequence":25,"action":"STOP_CENTER"}}
[21:15:06] [Render thread/INFO] (PiriRuntimeAcceptance) PIRI_PHASE02_PACKET {"type":"REEL_STOP","payload":{"spinId":"d2a87f28-e15d-4f94-ae21-01e03a86c512","reel":"CENTER","pressedIndex":5,"stopIndex":16,"slip":10,"durationMs":580}}
[21:15:07] [Render thread/INFO] (PiriRuntimeAcceptance) PIRI_PHASE02_PACKET {"type":"ACTION_ACCEPTED","payload":{"clientSequence":26,"action":"STOP_LEFT"}}
[21:15:07] [Render thread/INFO] (PiriRuntimeAcceptance) PIRI_PHASE02_PACKET {"type":"REEL_STOP","payload":{"spinId":"d2a87f28-e15d-4f94-ae21-01e03a86c512","reel":"LEFT","pressedIndex":6,"stopIndex":14,"slip":13,"durationMs":730}}
[21:15:08] [Render thread/INFO] (PiriRuntimeAcceptance) PIRI_PHASE02_PACKET {"type":"ACTION_ACCEPTED","payload":{"clientSequence":27,"action":"STOP_RIGHT"}}
[21:15:08] [Render thread/INFO] (PiriRuntimeAcceptance) PIRI_PHASE02_PACKET {"type":"REEL_STOP","payload":{"spinId":"d2a87f28-e15d-4f94-ae21-01e03a86c512","reel":"RIGHT","pressedIndex":6,"stopIndex":6,"slip":0,"durationMs":80}}
[21:15:08] [Render thread/INFO] (PiriRuntimeAcceptance) PIRI_PHASE02_PACKET {"type":"PUBLIC_STATE","payload":{"sessionId":"157fd8f0-2048-4ffe-9f03-416406541556","machineId":1,"expectedNextClientSequence":28,"gameState":"SEATED_READY","lifecycle":"ACTIVE","credit":0,"heldMedals":0,"bet":0,"pay":0,"bonusCount":0,"lampOn":false,"displayStops":{"left":14,"center":16,"right":6},"stoppedMask":7}}
[21:15:08] [Render thread/INFO] (PiriRuntimeAcceptance) PIRI_PHASE02_PACKET {"type":"PUBLIC_STATE","payload":{"sessionId":"157fd8f0-2048-4ffe-9f03-416406541556","machineId":1,"expectedNextClientSequence":28,"gameState":"NORMAL_SPINNING","lifecycle":"ACTIVE","credit":0,"heldMedals":0,"bet":0,"pay":0,"bonusCount":0,"lampOn":false,"displayStops":{"left":14,"center":16,"right":6},"stoppedMask":0}}
[21:15:08] [Render thread/INFO] (PiriRuntimeAcceptance) PIRI_PHASE02_PACKET {"type":"SPIN_START","payload":{"sessionId":"157fd8f0-2048-4ffe-9f03-416406541556","machineId":1,"spinId":"201f7353-a2bc-450c-801b-5fbc8c6e33e6","mode":"NORMAL","animation":"NORMAL","startPhase":{"left":14.0,"center":16.0,"right":6.0},"stopEnableAfterMs":400}}
[21:15:09] [Render thread/INFO] (PiriRuntimeAcceptance) PIRI_PHASE02_PACKET {"type":"ACTION_ACCEPTED","payload":{"clientSequence":28,"action":"STOP_CENTER"}}
[21:15:09] [Render thread/INFO] (PiriRuntimeAcceptance) PIRI_PHASE02_PACKET {"type":"REEL_STOP","payload":{"spinId":"201f7353-a2bc-450c-801b-5fbc8c6e33e6","reel":"CENTER","pressedIndex":7,"stopIndex":7,"slip":0,"durationMs":80}}
[21:15:10] [Render thread/INFO] (PiriRuntimeAcceptance) PIRI_PHASE02_PACKET {"type":"ACTION_ACCEPTED","payload":{"clientSequence":29,"action":"STOP_RIGHT"}}
[21:15:10] [Render thread/INFO] (PiriRuntimeAcceptance) PIRI_PHASE02_PACKET {"type":"REEL_STOP","payload":{"spinId":"201f7353-a2bc-450c-801b-5fbc8c6e33e6","reel":"RIGHT","pressedIndex":9,"stopIndex":9,"slip":0,"durationMs":80}}
[21:15:10] [Render thread/INFO] (PiriRuntimeAcceptance) PIRI_PHASE02_PACKET {"type":"ACTION_ACCEPTED","payload":{"clientSequence":30,"action":"STOP_LEFT"}}
[21:15:10] [Render thread/INFO] (PiriRuntimeAcceptance) PIRI_PHASE02_PACKET {"type":"REEL_STOP","payload":{"spinId":"201f7353-a2bc-450c-801b-5fbc8c6e33e6","reel":"LEFT","pressedIndex":8,"stopIndex":13,"slip":16,"durationMs":880}}
[21:15:10] [Render thread/INFO] (PiriRuntimeAcceptance) PIRI_PHASE02_PACKET {"type":"PUBLIC_STATE","payload":{"sessionId":"157fd8f0-2048-4ffe-9f03-416406541556","machineId":1,"expectedNextClientSequence":31,"gameState":"SEATED_READY","lifecycle":"ACTIVE","credit":0,"heldMedals":0,"bet":0,"pay":0,"bonusCount":0,"lampOn":false,"displayStops":{"left":13,"center":7,"right":9},"stoppedMask":7}}
[21:15:12] [Render thread/INFO] (PiriRuntimeAcceptance) PIRI_PHASE02_PACKET {"type":"PUBLIC_STATE","payload":{"sessionId":"157fd8f0-2048-4ffe-9f03-416406541556","machineId":1,"expectedNextClientSequence":31,"gameState":"NORMAL_SPINNING","lifecycle":"ACTIVE","credit":0,"heldMedals":0,"bet":0,"pay":0,"bonusCount":0,"lampOn":false,"displayStops":{"left":13,"center":7,"right":9},"stoppedMask":0}}
[21:15:12] [Render thread/INFO] (PiriRuntimeAcceptance) PIRI_PHASE02_PACKET {"type":"SPIN_START","payload":{"sessionId":"157fd8f0-2048-4ffe-9f03-416406541556","machineId":1,"spinId":"fa76a88d-01d0-49b9-837a-e5d2c9a6824d","mode":"NORMAL","animation":"REVERSE_500MS","startPhase":{"left":13.0,"center":7.0,"right":9.0},"stopEnableAfterMs":800}}
[21:15:13] [Render thread/INFO] (PiriRuntimeAcceptance) PIRI_PHASE02_PACKET {"type":"ACTION_ACCEPTED","payload":{"clientSequence":31,"action":"STOP_RIGHT"}}
[21:15:13] [Render thread/INFO] (PiriRuntimeAcceptance) PIRI_PHASE02_PACKET {"type":"REEL_STOP","payload":{"spinId":"fa76a88d-01d0-49b9-837a-e5d2c9a6824d","reel":"RIGHT","pressedIndex":7,"stopIndex":6,"slip":1,"durationMs":130}}
[21:15:13] [Render thread/INFO] (PiriRuntimeAcceptance) PIRI_PHASE02_PACKET {"type":"ACTION_ACCEPTED","payload":{"clientSequence":32,"action":"STOP_LEFT"}}
[21:15:13] [Render thread/INFO] (PiriRuntimeAcceptance) PIRI_PHASE02_PACKET {"type":"REEL_STOP","payload":{"spinId":"fa76a88d-01d0-49b9-837a-e5d2c9a6824d","reel":"LEFT","pressedIndex":2,"stopIndex":14,"slip":9,"durationMs":530}}
[21:15:14] [Render thread/INFO] (PiriRuntimeAcceptance) PIRI_PHASE02_PACKET {"type":"ACTION_ACCEPTED","payload":{"clientSequence":33,"action":"STOP_CENTER"}}
[21:15:14] [Render thread/INFO] (PiriRuntimeAcceptance) PIRI_PHASE02_PACKET {"type":"REEL_STOP","payload":{"spinId":"fa76a88d-01d0-49b9-837a-e5d2c9a6824d","reel":"CENTER","pressedIndex":8,"stopIndex":8,"slip":0,"durationMs":80}}
[21:15:14] [Render thread/INFO] (PiriRuntimeAcceptance) PIRI_PHASE02_PACKET {"type":"PUBLIC_STATE","payload":{"sessionId":"157fd8f0-2048-4ffe-9f03-416406541556","machineId":1,"expectedNextClientSequence":34,"gameState":"SEATED_READY","lifecycle":"ACTIVE","credit":0,"heldMedals":0,"bet":0,"pay":0,"bonusCount":0,"lampOn":false,"displayStops":{"left":14,"center":8,"right":6},"stoppedMask":7}}
[21:15:14] [Render thread/INFO] (PiriRuntimeAcceptance) PIRI_PHASE02_PACKET {"type":"PUBLIC_STATE","payload":{"sessionId":"157fd8f0-2048-4ffe-9f03-416406541556","machineId":1,"expectedNextClientSequence":34,"gameState":"NORMAL_SPINNING","lifecycle":"ACTIVE","credit":0,"heldMedals":0,"bet":0,"pay":0,"bonusCount":0,"lampOn":false,"displayStops":{"left":14,"center":8,"right":6},"stoppedMask":0}}
[21:15:14] [Render thread/INFO] (PiriRuntimeAcceptance) PIRI_PHASE02_PACKET {"type":"SPIN_START","payload":{"sessionId":"157fd8f0-2048-4ffe-9f03-416406541556","machineId":1,"spinId":"8646e9c4-46c5-4c26-9139-1e47512f6e21","mode":"NORMAL","animation":"RESUME_NORMAL","startPhase":{"left":14.0,"center":8.0,"right":6.0},"stopEnableAfterMs":200}}
[21:15:15] [Render thread/INFO] (PiriRuntimeAcceptance) PIRI_PHASE02_PACKET {"type":"ACTION_ACCEPTED","payload":{"clientSequence":34,"action":"STOP_RIGHT"}}
[21:15:15] [Render thread/INFO] (PiriRuntimeAcceptance) PIRI_PHASE02_PACKET {"type":"REEL_STOP","payload":{"spinId":"8646e9c4-46c5-4c26-9139-1e47512f6e21","reel":"RIGHT","pressedIndex":16,"stopIndex":16,"slip":0,"durationMs":80}}
[21:15:15] [Render thread/INFO] (PiriRuntimeAcceptance) PIRI_PHASE02_PACKET {"type":"ACTION_ACCEPTED","payload":{"clientSequence":35,"action":"STOP_CENTER"}}
[21:15:15] [Render thread/INFO] (PiriRuntimeAcceptance) PIRI_PHASE02_PACKET {"type":"REEL_STOP","payload":{"spinId":"8646e9c4-46c5-4c26-9139-1e47512f6e21","reel":"CENTER","pressedIndex":9,"stopIndex":7,"slip":2,"durationMs":180}}
[21:15:16] [Render thread/INFO] (PiriRuntimeAcceptance) PIRI_PHASE02_PACKET {"type":"ACTION_ACCEPTED","payload":{"clientSequence":36,"action":"STOP_LEFT"}}
[21:15:16] [Render thread/INFO] (PiriRuntimeAcceptance) PIRI_PHASE02_PACKET {"type":"REEL_STOP","payload":{"spinId":"8646e9c4-46c5-4c26-9139-1e47512f6e21","reel":"LEFT","pressedIndex":6,"stopIndex":14,"slip":13,"durationMs":730}}
[21:15:16] [Render thread/INFO] (PiriRuntimeAcceptance) PIRI_PHASE02_PACKET {"type":"PUBLIC_STATE","payload":{"sessionId":"157fd8f0-2048-4ffe-9f03-416406541556","machineId":1,"expectedNextClientSequence":37,"gameState":"SEATED_READY","lifecycle":"ACTIVE","credit":0,"heldMedals":0,"bet":0,"pay":0,"bonusCount":0,"lampOn":false,"displayStops":{"left":14,"center":7,"right":16},"stoppedMask":7}}
[21:15:17] [Render thread/INFO] (PiriRuntimeAcceptance) PIRI_PHASE02_PACKET {"type":"PUBLIC_STATE","payload":{"sessionId":"157fd8f0-2048-4ffe-9f03-416406541556","machineId":1,"expectedNextClientSequence":37,"gameState":"NORMAL_SPINNING","lifecycle":"ACTIVE","credit":0,"heldMedals":0,"bet":0,"pay":0,"bonusCount":0,"lampOn":false,"displayStops":{"left":14,"center":7,"right":16},"stoppedMask":0}}
[21:15:17] [Render thread/INFO] (PiriRuntimeAcceptance) PIRI_PHASE02_PACKET {"type":"SPIN_START","payload":{"sessionId":"157fd8f0-2048-4ffe-9f03-416406541556","machineId":1,"spinId":"75360149-74c2-44fa-8edc-1ff0c17b49c2","mode":"NORMAL","animation":"NORMAL","startPhase":{"left":14.0,"center":7.0,"right":16.0},"stopEnableAfterMs":400}}
[21:15:18] [Render thread/INFO] (PiriRuntimeAcceptance) PIRI_PHASE02_PACKET {"type":"ACTION_ACCEPTED","payload":{"clientSequence":37,"action":"STOP_LEFT"}}
[21:15:18] [Render thread/INFO] (PiriRuntimeAcceptance) PIRI_PHASE02_PACKET {"type":"REEL_STOP","payload":{"spinId":"75360149-74c2-44fa-8edc-1ff0c17b49c2","reel":"LEFT","pressedIndex":5,"stopIndex":5,"slip":0,"durationMs":80}}
[21:15:18] [Render thread/INFO] (PiriRuntimeAcceptance) PIRI_PHASE02_PACKET {"type":"ACTION_ACCEPTED","payload":{"clientSequence":38,"action":"STOP_CENTER"}}
[21:15:18] [Render thread/INFO] (PiriRuntimeAcceptance) PIRI_PHASE02_PACKET {"type":"REEL_STOP","payload":{"spinId":"75360149-74c2-44fa-8edc-1ff0c17b49c2","reel":"CENTER","pressedIndex":10,"stopIndex":2,"slip":8,"durationMs":480}}
[21:15:19] [Render thread/INFO] (PiriRuntimeAcceptance) PIRI_PHASE02_PACKET {"type":"ACTION_ACCEPTED","payload":{"clientSequence":39,"action":"STOP_RIGHT"}}
[21:15:19] [Render thread/INFO] (PiriRuntimeAcceptance) PIRI_PHASE02_PACKET {"type":"REEL_STOP","payload":{"spinId":"75360149-74c2-44fa-8edc-1ff0c17b49c2","reel":"RIGHT","pressedIndex":10,"stopIndex":9,"slip":1,"durationMs":130}}
[21:15:19] [Render thread/INFO] (PiriRuntimeAcceptance) PIRI_PHASE02_PACKET {"type":"PUBLIC_STATE","payload":{"sessionId":"157fd8f0-2048-4ffe-9f03-416406541556","machineId":1,"expectedNextClientSequence":40,"gameState":"SEATED_READY","lifecycle":"ACTIVE","credit":0,"heldMedals":0,"bet":0,"pay":0,"bonusCount":0,"lampOn":false,"displayStops":{"left":5,"center":2,"right":9},"stoppedMask":7}}
[21:15:20] [Render thread/INFO] (PiriRuntimeAcceptance) PIRI_PHASE02_PACKET {"type":"PUBLIC_STATE","payload":{"sessionId":"157fd8f0-2048-4ffe-9f03-416406541556","machineId":1,"expectedNextClientSequence":40,"gameState":"NORMAL_SPINNING","lifecycle":"ACTIVE","credit":0,"heldMedals":0,"bet":0,"pay":0,"bonusCount":0,"lampOn":false,"displayStops":{"left":5,"center":2,"right":9},"stoppedMask":0}}
[21:15:20] [Render thread/INFO] (PiriRuntimeAcceptance) PIRI_PHASE02_PACKET {"type":"SPIN_START","payload":{"sessionId":"157fd8f0-2048-4ffe-9f03-416406541556","machineId":1,"spinId":"89a4179d-0766-4b2a-93ef-4b0fc43adffe","mode":"NORMAL","animation":"REVERSE_500MS","startPhase":{"left":5.0,"center":2.0,"right":9.0},"stopEnableAfterMs":800}}
[21:15:22] [Render thread/INFO] (PiriRuntimeAcceptance) PIRI_PHASE02_PACKET {"type":"ACTION_ACCEPTED","payload":{"clientSequence":40,"action":"STOP_LEFT"}}
[21:15:22] [Render thread/INFO] (PiriRuntimeAcceptance) PIRI_PHASE02_PACKET {"type":"REEL_STOP","payload":{"spinId":"89a4179d-0766-4b2a-93ef-4b0fc43adffe","reel":"LEFT","pressedIndex":20,"stopIndex":5,"slip":15,"durationMs":830}}
[21:15:22] [Render thread/INFO] (PiriRuntimeAcceptance) PIRI_PHASE02_PACKET {"type":"ACTION_ACCEPTED","payload":{"clientSequence":41,"action":"STOP_RIGHT"}}
[21:15:22] [Render thread/INFO] (PiriRuntimeAcceptance) PIRI_PHASE02_PACKET {"type":"REEL_STOP","payload":{"spinId":"89a4179d-0766-4b2a-93ef-4b0fc43adffe","reel":"RIGHT","pressedIndex":15,"stopIndex":15,"slip":0,"durationMs":80}}
[21:15:23] [Render thread/INFO] (PiriRuntimeAcceptance) PIRI_PHASE02_PACKET {"type":"ACTION_ACCEPTED","payload":{"clientSequence":42,"action":"STOP_CENTER"}}
[21:15:23] [Render thread/INFO] (PiriRuntimeAcceptance) PIRI_PHASE02_PACKET {"type":"REEL_STOP","payload":{"spinId":"89a4179d-0766-4b2a-93ef-4b0fc43adffe","reel":"CENTER","pressedIndex":20,"stopIndex":1,"slip":19,"durationMs":1030}}
[21:15:23] [Render thread/INFO] (PiriRuntimeAcceptance) PIRI_PHASE02_PACKET {"type":"PUBLIC_STATE","payload":{"sessionId":"157fd8f0-2048-4ffe-9f03-416406541556","machineId":1,"expectedNextClientSequence":43,"gameState":"SEATED_READY","lifecycle":"ACTIVE","credit":0,"heldMedals":0,"bet":0,"pay":0,"bonusCount":0,"lampOn":false,"displayStops":{"left":5,"center":1,"right":15},"stoppedMask":7}}
[21:15:24] [Render thread/INFO] (PiriRuntimeAcceptance) PIRI_PHASE02_PACKET {"type":"PUBLIC_STATE","payload":{"sessionId":"157fd8f0-2048-4ffe-9f03-416406541556","machineId":1,"expectedNextClientSequence":43,"gameState":"NORMAL_SPINNING","lifecycle":"ACTIVE","credit":0,"heldMedals":0,"bet":0,"pay":0,"bonusCount":0,"lampOn":false,"displayStops":{"left":5,"center":1,"right":15},"stoppedMask":0}}
[21:15:24] [Render thread/INFO] (PiriRuntimeAcceptance) PIRI_PHASE02_PACKET {"type":"SPIN_START","payload":{"sessionId":"157fd8f0-2048-4ffe-9f03-416406541556","machineId":1,"spinId":"1765a419-4c8d-47e8-badf-7bba3d058106","mode":"NORMAL","animation":"RESUME_NORMAL","startPhase":{"left":5.0,"center":1.0,"right":15.0},"stopEnableAfterMs":200}}
[21:15:25] [Render thread/INFO] (PiriRuntimeAcceptance) PIRI_PHASE02_PACKET {"type":"ACTION_ACCEPTED","payload":{"clientSequence":43,"action":"STOP_CENTER"}}
[21:15:25] [Render thread/INFO] (PiriRuntimeAcceptance) PIRI_PHASE02_PACKET {"type":"REEL_STOP","payload":{"spinId":"1765a419-4c8d-47e8-badf-7bba3d058106","reel":"CENTER","pressedIndex":11,"stopIndex":2,"slip":9,"durationMs":530}}
[21:15:25] [Render thread/INFO] (PiriRuntimeAcceptance) PIRI_PHASE02_PACKET {"type":"ACTION_ACCEPTED","payload":{"clientSequence":44,"action":"STOP_LEFT"}}
[21:15:25] [Render thread/INFO] (PiriRuntimeAcceptance) PIRI_PHASE02_PACKET {"type":"REEL_STOP","payload":{"spinId":"1765a419-4c8d-47e8-badf-7bba3d058106","reel":"LEFT","pressedIndex":6,"stopIndex":5,"slip":1,"durationMs":130}}
[21:15:26] [Render thread/INFO] (PiriRuntimeAcceptance) PIRI_PHASE02_PACKET {"type":"ACTION_ACCEPTED","payload":{"clientSequence":45,"action":"STOP_RIGHT"}}
[21:15:26] [Render thread/INFO] (PiriRuntimeAcceptance) PIRI_PHASE02_PACKET {"type":"REEL_STOP","payload":{"spinId":"1765a419-4c8d-47e8-badf-7bba3d058106","reel":"RIGHT","pressedIndex":7,"stopIndex":0,"slip":7,"durationMs":430}}
[21:15:26] [Render thread/INFO] (PiriRuntimeAcceptance) PIRI_PHASE02_PACKET {"type":"PUBLIC_STATE","payload":{"sessionId":"157fd8f0-2048-4ffe-9f03-416406541556","machineId":1,"expectedNextClientSequence":46,"gameState":"SEATED_READY","lifecycle":"ACTIVE","credit":0,"heldMedals":0,"bet":0,"pay":0,"bonusCount":0,"lampOn":false,"displayStops":{"left":5,"center":2,"right":0},"stoppedMask":7}}
[21:15:27] [Render thread/INFO] (PiriRuntimeAcceptance) PIRI_PHASE02_PACKET {"type":"PUBLIC_STATE","payload":{"sessionId":"157fd8f0-2048-4ffe-9f03-416406541556","machineId":1,"expectedNextClientSequence":46,"gameState":"NORMAL_SPINNING","lifecycle":"ACTIVE","credit":0,"heldMedals":0,"bet":0,"pay":0,"bonusCount":0,"lampOn":false,"displayStops":{"left":5,"center":2,"right":0},"stoppedMask":0}}
[21:15:27] [Render thread/INFO] (PiriRuntimeAcceptance) PIRI_PHASE02_PACKET {"type":"SPIN_START","payload":{"sessionId":"157fd8f0-2048-4ffe-9f03-416406541556","machineId":1,"spinId":"6bdd59c0-47df-4e20-bb33-b4e9f8706c07","mode":"NORMAL","animation":"NORMAL","startPhase":{"left":5.0,"center":2.0,"right":0.0},"stopEnableAfterMs":400}}
[21:15:27] [Render thread/INFO] (PiriRuntimeAcceptance) PIRI_PHASE02_PACKET {"type":"ACTION_ACCEPTED","payload":{"clientSequence":46,"action":"STOP_CENTER"}}
[21:15:27] [Render thread/INFO] (PiriRuntimeAcceptance) PIRI_PHASE02_PACKET {"type":"REEL_STOP","payload":{"spinId":"6bdd59c0-47df-4e20-bb33-b4e9f8706c07","reel":"CENTER","pressedIndex":14,"stopIndex":2,"slip":12,"durationMs":680}}
[21:15:28] [Render thread/INFO] (PiriRuntimeAcceptance) PIRI_PHASE02_PACKET {"type":"ACTION_ACCEPTED","payload":{"clientSequence":47,"action":"STOP_RIGHT"}}
[21:15:28] [Render thread/INFO] (PiriRuntimeAcceptance) PIRI_PHASE02_PACKET {"type":"REEL_STOP","payload":{"spinId":"6bdd59c0-47df-4e20-bb33-b4e9f8706c07","reel":"RIGHT","pressedIndex":3,"stopIndex":0,"slip":3,"durationMs":230}}
[21:15:28] [Render thread/INFO] (PiriRuntimeAcceptance) PIRI_PHASE02_PACKET {"type":"ACTION_ACCEPTED","payload":{"clientSequence":48,"action":"STOP_LEFT"}}
[21:15:28] [Render thread/INFO] (PiriRuntimeAcceptance) PIRI_PHASE02_PACKET {"type":"REEL_STOP","payload":{"spinId":"6bdd59c0-47df-4e20-bb33-b4e9f8706c07","reel":"LEFT","pressedIndex":20,"stopIndex":5,"slip":15,"durationMs":830}}
[21:15:28] [Render thread/INFO] (PiriRuntimeAcceptance) PIRI_PHASE02_PACKET {"type":"PUBLIC_STATE","payload":{"sessionId":"157fd8f0-2048-4ffe-9f03-416406541556","machineId":1,"expectedNextClientSequence":49,"gameState":"SEATED_READY","lifecycle":"ACTIVE","credit":0,"heldMedals":0,"bet":0,"pay":0,"bonusCount":0,"lampOn":false,"displayStops":{"left":5,"center":2,"right":0},"stoppedMask":7}}
[21:15:29] [Render thread/INFO] (PiriRuntimeAcceptance) PIRI_PHASE02_PACKET {"type":"PUBLIC_STATE","payload":{"sessionId":"157fd8f0-2048-4ffe-9f03-416406541556","machineId":1,"expectedNextClientSequence":49,"gameState":"NORMAL_SPINNING","lifecycle":"ACTIVE","credit":0,"heldMedals":0,"bet":0,"pay":0,"bonusCount":0,"lampOn":false,"displayStops":{"left":5,"center":2,"right":0},"stoppedMask":0}}
[21:15:29] [Render thread/INFO] (PiriRuntimeAcceptance) PIRI_PHASE02_PACKET {"type":"SPIN_START","payload":{"sessionId":"157fd8f0-2048-4ffe-9f03-416406541556","machineId":1,"spinId":"f63c72ab-044b-438f-963e-6040b185f61e","mode":"NORMAL","animation":"REVERSE_500MS","startPhase":{"left":5.0,"center":2.0,"right":0.0},"stopEnableAfterMs":800}}
[21:15:31] [Render thread/INFO] (PiriRuntimeAcceptance) PIRI_PHASE02_PACKET {"type":"ACTION_ACCEPTED","payload":{"clientSequence":49,"action":"STOP_RIGHT"}}
[21:15:31] [Render thread/INFO] (PiriRuntimeAcceptance) PIRI_PHASE02_PACKET {"type":"REEL_STOP","payload":{"spinId":"f63c72ab-044b-438f-963e-6040b185f61e","reel":"RIGHT","pressedIndex":15,"stopIndex":15,"slip":0,"durationMs":80}}
[21:15:31] [Render thread/INFO] (PiriRuntimeAcceptance) PIRI_PHASE02_PACKET {"type":"ACTION_ACCEPTED","payload":{"clientSequence":50,"action":"STOP_LEFT"}}
[21:15:31] [Render thread/INFO] (PiriRuntimeAcceptance) PIRI_PHASE02_PACKET {"type":"REEL_STOP","payload":{"spinId":"f63c72ab-044b-438f-963e-6040b185f61e","reel":"LEFT","pressedIndex":11,"stopIndex":5,"slip":6,"durationMs":380}}
[21:15:32] [Render thread/INFO] (PiriRuntimeAcceptance) PIRI_PHASE02_PACKET {"type":"ACTION_ACCEPTED","payload":{"clientSequence":51,"action":"STOP_CENTER"}}
[21:15:32] [Render thread/INFO] (PiriRuntimeAcceptance) PIRI_PHASE02_PACKET {"type":"REEL_STOP","payload":{"spinId":"f63c72ab-044b-438f-963e-6040b185f61e","reel":"CENTER","pressedIndex":20,"stopIndex":1,"slip":19,"durationMs":1030}}
[21:15:32] [Render thread/INFO] (PiriRuntimeAcceptance) PIRI_PHASE02_PACKET {"type":"PUBLIC_STATE","payload":{"sessionId":"157fd8f0-2048-4ffe-9f03-416406541556","machineId":1,"expectedNextClientSequence":52,"gameState":"SEATED_READY","lifecycle":"ACTIVE","credit":0,"heldMedals":0,"bet":0,"pay":0,"bonusCount":0,"lampOn":false,"displayStops":{"left":5,"center":1,"right":15},"stoppedMask":7}}
[21:15:33] [Render thread/INFO] (PiriRuntimeAcceptance) PIRI_PHASE02_PACKET {"type":"PUBLIC_STATE","payload":{"sessionId":"157fd8f0-2048-4ffe-9f03-416406541556","machineId":1,"expectedNextClientSequence":52,"gameState":"NORMAL_SPINNING","lifecycle":"ACTIVE","credit":0,"heldMedals":0,"bet":0,"pay":0,"bonusCount":0,"lampOn":false,"displayStops":{"left":5,"center":1,"right":15},"stoppedMask":0}}
[21:15:33] [Render thread/INFO] (PiriRuntimeAcceptance) PIRI_PHASE02_PACKET {"type":"SPIN_START","payload":{"sessionId":"157fd8f0-2048-4ffe-9f03-416406541556","machineId":1,"spinId":"3073144c-325e-4aa6-939f-1165dc607b5f","mode":"NORMAL","animation":"RESUME_NORMAL","startPhase":{"left":5.0,"center":1.0,"right":15.0},"stopEnableAfterMs":200}}
[21:15:34] [Render thread/INFO] (PiriRuntimeAcceptance) PIRI_PHASE02_PACKET {"type":"ACTION_ACCEPTED","payload":{"clientSequence":52,"action":"STOP_RIGHT"}}
[21:15:34] [Render thread/INFO] (PiriRuntimeAcceptance) PIRI_PHASE02_PACKET {"type":"REEL_STOP","payload":{"spinId":"3073144c-325e-4aa6-939f-1165dc607b5f","reel":"RIGHT","pressedIndex":4,"stopIndex":0,"slip":4,"durationMs":280}}
[21:15:34] [Render thread/INFO] (PiriRuntimeAcceptance) PIRI_PHASE02_PACKET {"type":"ACTION_ACCEPTED","payload":{"clientSequence":53,"action":"STOP_CENTER"}}
[21:15:34] [Render thread/INFO] (PiriRuntimeAcceptance) PIRI_PHASE02_PACKET {"type":"REEL_STOP","payload":{"spinId":"3073144c-325e-4aa6-939f-1165dc607b5f","reel":"CENTER","pressedIndex":2,"stopIndex":2,"slip":0,"durationMs":80}}
[21:15:35] [Render thread/INFO] (PiriRuntimeAcceptance) PIRI_PHASE02_PACKET {"type":"ACTION_ACCEPTED","payload":{"clientSequence":54,"action":"STOP_LEFT"}}
[21:15:35] [Render thread/INFO] (PiriRuntimeAcceptance) PIRI_PHASE02_PACKET {"type":"REEL_STOP","payload":{"spinId":"3073144c-325e-4aa6-939f-1165dc607b5f","reel":"LEFT","pressedIndex":19,"stopIndex":5,"slip":14,"durationMs":780}}
[21:15:35] [Render thread/INFO] (PiriRuntimeAcceptance) PIRI_PHASE02_PACKET {"type":"PUBLIC_STATE","payload":{"sessionId":"157fd8f0-2048-4ffe-9f03-416406541556","machineId":1,"expectedNextClientSequence":55,"gameState":"SEATED_READY","lifecycle":"ACTIVE","credit":0,"heldMedals":0,"bet":0,"pay":0,"bonusCount":0,"lampOn":false,"displayStops":{"left":5,"center":2,"right":0},"stoppedMask":7}}
[21:15:36] [Render thread/INFO] (PiriRuntimeAcceptance) PIRI_PHASE02_PACKET {"type":"PUBLIC_STATE","payload":{"sessionId":"157fd8f0-2048-4ffe-9f03-416406541556","machineId":1,"expectedNextClientSequence":55,"gameState":"NORMAL_SPINNING","lifecycle":"ACTIVE","credit":0,"heldMedals":0,"bet":0,"pay":0,"bonusCount":0,"lampOn":false,"displayStops":{"left":5,"center":2,"right":0},"stoppedMask":0}}
[21:15:36] [Render thread/INFO] (PiriRuntimeAcceptance) PIRI_PHASE02_PACKET {"type":"SPIN_START","payload":{"sessionId":"157fd8f0-2048-4ffe-9f03-416406541556","machineId":1,"spinId":"30259c00-f72d-42f4-a02b-0819d7ce1ce6","mode":"NORMAL","animation":"NORMAL","startPhase":{"left":5.0,"center":2.0,"right":0.0},"stopEnableAfterMs":400}}
[21:15:37] [Render thread/INFO] (PiriRuntimeAcceptance) PIRI_PHASE02_PACKET {"type":"ACTION_ACCEPTED","payload":{"clientSequence":55,"action":"STOP_LEFT"}}
[21:15:37] [Render thread/INFO] (PiriRuntimeAcceptance) PIRI_PHASE02_PACKET {"type":"REEL_STOP","payload":{"spinId":"30259c00-f72d-42f4-a02b-0819d7ce1ce6","reel":"LEFT","pressedIndex":17,"stopIndex":17,"slip":0,"durationMs":80}}
[21:15:37] [Render thread/INFO] (PiriRuntimeAcceptance) PIRI_PHASE02_PACKET {"type":"ACTION_ACCEPTED","payload":{"clientSequence":56,"action":"STOP_CENTER"}}
[21:15:37] [Render thread/INFO] (PiriRuntimeAcceptance) PIRI_PHASE02_PACKET {"type":"REEL_STOP","payload":{"spinId":"30259c00-f72d-42f4-a02b-0819d7ce1ce6","reel":"CENTER","pressedIndex":5,"stopIndex":2,"slip":3,"durationMs":230}}
[21:15:38] [Render thread/INFO] (PiriRuntimeAcceptance) PIRI_PHASE02_PACKET {"type":"ACTION_ACCEPTED","payload":{"clientSequence":57,"action":"STOP_RIGHT"}}
[21:15:38] [Render thread/INFO] (PiriRuntimeAcceptance) PIRI_PHASE02_PACKET {"type":"REEL_STOP","payload":{"spinId":"30259c00-f72d-42f4-a02b-0819d7ce1ce6","reel":"RIGHT","pressedIndex":15,"stopIndex":14,"slip":1,"durationMs":130}}
[21:15:38] [Render thread/INFO] (PiriRuntimeAcceptance) PIRI_PHASE02_PACKET {"type":"PUBLIC_STATE","payload":{"sessionId":"157fd8f0-2048-4ffe-9f03-416406541556","machineId":1,"expectedNextClientSequence":58,"gameState":"SEATED_READY","lifecycle":"ACTIVE","credit":0,"heldMedals":0,"bet":0,"pay":0,"bonusCount":0,"lampOn":false,"displayStops":{"left":17,"center":2,"right":14},"stoppedMask":7}}
[21:15:39] [Render thread/INFO] (PiriRuntimeAcceptance) PIRI_PHASE02_PACKET {"type":"PUBLIC_STATE","payload":{"sessionId":"157fd8f0-2048-4ffe-9f03-416406541556","machineId":1,"expectedNextClientSequence":58,"gameState":"NORMAL_SPINNING","lifecycle":"ACTIVE","credit":0,"heldMedals":0,"bet":0,"pay":0,"bonusCount":0,"lampOn":false,"displayStops":{"left":17,"center":2,"right":14},"stoppedMask":0}}
[21:15:39] [Render thread/INFO] (PiriRuntimeAcceptance) PIRI_PHASE02_PACKET {"type":"SPIN_START","payload":{"sessionId":"157fd8f0-2048-4ffe-9f03-416406541556","machineId":1,"spinId":"be0e0629-548c-4958-a097-230da5008d13","mode":"NORMAL","animation":"REVERSE_500MS","startPhase":{"left":17.0,"center":2.0,"right":14.0},"stopEnableAfterMs":800}}
[21:15:41] [Render thread/INFO] (PiriRuntimeAcceptance) PIRI_PHASE02_PACKET {"type":"ACTION_ACCEPTED","payload":{"clientSequence":58,"action":"STOP_LEFT"}}
[21:15:41] [Render thread/INFO] (PiriRuntimeAcceptance) PIRI_PHASE02_PACKET {"type":"REEL_STOP","payload":{"spinId":"be0e0629-548c-4958-a097-230da5008d13","reel":"LEFT","pressedIndex":11,"stopIndex":11,"slip":0,"durationMs":80}}
[21:15:41] [Render thread/INFO] (PiriRuntimeAcceptance) PIRI_PHASE02_PACKET {"type":"ACTION_ACCEPTED","payload":{"clientSequence":59,"action":"STOP_RIGHT"}}
[21:15:41] [Render thread/INFO] (PiriRuntimeAcceptance) PIRI_PHASE02_PACKET {"type":"REEL_STOP","payload":{"spinId":"be0e0629-548c-4958-a097-230da5008d13","reel":"RIGHT","pressedIndex":20,"stopIndex":18,"slip":2,"durationMs":180}}
[21:15:42] [Render thread/INFO] (PiriRuntimeAcceptance) PIRI_PHASE02_PACKET {"type":"ACTION_ACCEPTED","payload":{"clientSequence":60,"action":"STOP_CENTER"}}
[21:15:42] [Render thread/INFO] (PiriRuntimeAcceptance) PIRI_PHASE02_PACKET {"type":"REEL_STOP","payload":{"spinId":"be0e0629-548c-4958-a097-230da5008d13","reel":"CENTER","pressedIndex":20,"stopIndex":18,"slip":2,"durationMs":180}}
[21:15:42] [Render thread/INFO] (PiriRuntimeAcceptance) PIRI_PHASE02_PACKET {"type":"PUBLIC_STATE","payload":{"sessionId":"157fd8f0-2048-4ffe-9f03-416406541556","machineId":1,"expectedNextClientSequence":61,"gameState":"SEATED_READY","lifecycle":"ACTIVE","credit":0,"heldMedals":0,"bet":0,"pay":0,"bonusCount":0,"lampOn":false,"displayStops":{"left":11,"center":18,"right":18},"stoppedMask":7}}
[21:15:42] [Render thread/INFO] (PiriRuntimeAcceptance) PIRI_PHASE02_PACKET {"type":"PUBLIC_STATE","payload":{"sessionId":"157fd8f0-2048-4ffe-9f03-416406541556","machineId":1,"expectedNextClientSequence":61,"gameState":"NORMAL_SPINNING","lifecycle":"ACTIVE","credit":0,"heldMedals":0,"bet":0,"pay":0,"bonusCount":0,"lampOn":false,"displayStops":{"left":11,"center":18,"right":18},"stoppedMask":0}}
[21:15:42] [Render thread/INFO] (PiriRuntimeAcceptance) PIRI_PHASE02_PACKET {"type":"SPIN_START","payload":{"sessionId":"157fd8f0-2048-4ffe-9f03-416406541556","machineId":1,"spinId":"0f5e0d77-4341-4bc5-90a3-038409d36cd2","mode":"NORMAL","animation":"RESUME_NORMAL","startPhase":{"left":11.0,"center":18.0,"right":18.0},"stopEnableAfterMs":200}}
[21:15:43] [Render thread/INFO] (PiriRuntimeAcceptance) PIRI_PHASE02_PACKET {"type":"ACTION_ACCEPTED","payload":{"clientSequence":61,"action":"STOP_CENTER"}}
[21:15:43] [Render thread/INFO] (PiriRuntimeAcceptance) PIRI_PHASE02_PACKET {"type":"REEL_STOP","payload":{"spinId":"0f5e0d77-4341-4bc5-90a3-038409d36cd2","reel":"CENTER","pressedIndex":8,"stopIndex":7,"slip":1,"durationMs":130}}
[21:15:43] [Render thread/INFO] (PiriRuntimeAcceptance) PIRI_PHASE02_PACKET {"type":"ACTION_ACCEPTED","payload":{"clientSequence":62,"action":"STOP_LEFT"}}
[21:15:43] [Render thread/INFO] (PiriRuntimeAcceptance) PIRI_PHASE02_PACKET {"type":"REEL_STOP","payload":{"spinId":"0f5e0d77-4341-4bc5-90a3-038409d36cd2","reel":"LEFT","pressedIndex":13,"stopIndex":12,"slip":1,"durationMs":130}}
[21:15:44] [Render thread/INFO] (PiriRuntimeAcceptance) PIRI_PHASE02_PACKET {"type":"ACTION_ACCEPTED","payload":{"clientSequence":63,"action":"STOP_RIGHT"}}
[21:15:44] [Render thread/INFO] (PiriRuntimeAcceptance) PIRI_PHASE02_PACKET {"type":"REEL_STOP","payload":{"spinId":"0f5e0d77-4341-4bc5-90a3-038409d36cd2","reel":"RIGHT","pressedIndex":6,"stopIndex":2,"slip":4,"durationMs":280}}
[21:15:44] [Render thread/INFO] (PiriRuntimeAcceptance) PIRI_PHASE02_PACKET {"type":"PUBLIC_STATE","payload":{"sessionId":"157fd8f0-2048-4ffe-9f03-416406541556","machineId":1,"expectedNextClientSequence":64,"gameState":"SEATED_READY","lifecycle":"ACTIVE","credit":0,"heldMedals":0,"bet":0,"pay":0,"bonusCount":0,"lampOn":false,"displayStops":{"left":12,"center":7,"right":2},"stoppedMask":7}}
[21:15:45] [Render thread/INFO] (PiriRuntimeAcceptance) PIRI_PHASE02_PACKET {"type":"PUBLIC_STATE","payload":{"sessionId":"157fd8f0-2048-4ffe-9f03-416406541556","machineId":1,"expectedNextClientSequence":64,"gameState":"NORMAL_SPINNING","lifecycle":"ACTIVE","credit":0,"heldMedals":0,"bet":0,"pay":0,"bonusCount":0,"lampOn":false,"displayStops":{"left":12,"center":7,"right":2},"stoppedMask":0}}
[21:15:45] [Render thread/INFO] (PiriRuntimeAcceptance) PIRI_PHASE02_PACKET {"type":"SPIN_START","payload":{"sessionId":"157fd8f0-2048-4ffe-9f03-416406541556","machineId":1,"spinId":"ddcb3dc1-6ebd-4627-bdc9-cd4cb9b4bda6","mode":"NORMAL","animation":"NORMAL","startPhase":{"left":12.0,"center":7.0,"right":2.0},"stopEnableAfterMs":400}}
[21:15:45] [Render thread/INFO] (PiriRuntimeAcceptance) PIRI_PHASE02_PACKET {"type":"ACTION_ACCEPTED","payload":{"clientSequence":64,"action":"STOP_CENTER"}}
[21:15:45] [Render thread/INFO] (PiriRuntimeAcceptance) PIRI_PHASE02_PACKET {"type":"REEL_STOP","payload":{"spinId":"ddcb3dc1-6ebd-4627-bdc9-cd4cb9b4bda6","reel":"CENTER","pressedIndex":19,"stopIndex":19,"slip":0,"durationMs":80}}
[21:15:46] [Render thread/INFO] (PiriRuntimeAcceptance) PIRI_PHASE02_PACKET {"type":"ACTION_ACCEPTED","payload":{"clientSequence":65,"action":"STOP_RIGHT"}}
[21:15:46] [Render thread/INFO] (PiriRuntimeAcceptance) PIRI_PHASE02_PACKET {"type":"REEL_STOP","payload":{"spinId":"ddcb3dc1-6ebd-4627-bdc9-cd4cb9b4bda6","reel":"RIGHT","pressedIndex":5,"stopIndex":2,"slip":3,"durationMs":230}}
[21:15:46] [Render thread/INFO] (PiriRuntimeAcceptance) PIRI_PHASE02_PACKET {"type":"ACTION_ACCEPTED","payload":{"clientSequence":66,"action":"STOP_LEFT"}}
[21:15:46] [Render thread/INFO] (PiriRuntimeAcceptance) PIRI_PHASE02_PACKET {"type":"REEL_STOP","payload":{"spinId":"ddcb3dc1-6ebd-4627-bdc9-cd4cb9b4bda6","reel":"LEFT","pressedIndex":6,"stopIndex":2,"slip":4,"durationMs":280}}
[21:15:46] [Render thread/INFO] (PiriRuntimeAcceptance) PIRI_PHASE02_PACKET {"type":"PUBLIC_STATE","payload":{"sessionId":"157fd8f0-2048-4ffe-9f03-416406541556","machineId":1,"expectedNextClientSequence":67,"gameState":"SEATED_READY","lifecycle":"ACTIVE","credit":0,"heldMedals":0,"bet":0,"pay":0,"bonusCount":0,"lampOn":false,"displayStops":{"left":2,"center":19,"right":2},"stoppedMask":7}}
[21:15:47] [Render thread/INFO] (PiriRuntimeAcceptance) PIRI_PHASE02_PACKET {"type":"PUBLIC_STATE","payload":{"sessionId":"157fd8f0-2048-4ffe-9f03-416406541556","machineId":1,"expectedNextClientSequence":67,"gameState":"NORMAL_SPINNING","lifecycle":"ACTIVE","credit":0,"heldMedals":0,"bet":0,"pay":0,"bonusCount":0,"lampOn":false,"displayStops":{"left":2,"center":19,"right":2},"stoppedMask":0}}
[21:15:47] [Render thread/INFO] (PiriRuntimeAcceptance) PIRI_PHASE02_PACKET {"type":"SPIN_START","payload":{"sessionId":"157fd8f0-2048-4ffe-9f03-416406541556","machineId":1,"spinId":"301bb119-79ca-4b57-b253-943ef2103d5d","mode":"NORMAL","animation":"REVERSE_500MS","startPhase":{"left":2.0,"center":19.0,"right":2.0},"stopEnableAfterMs":800}}
[21:15:48] [Render thread/INFO] (PiriRuntimeAcceptance) PIRI_PHASE02_PACKET {"type":"ACTION_ACCEPTED","payload":{"clientSequence":67,"action":"STOP_RIGHT"}}
[21:15:48] [Render thread/INFO] (PiriRuntimeAcceptance) PIRI_PHASE02_PACKET {"type":"REEL_STOP","payload":{"spinId":"301bb119-79ca-4b57-b253-943ef2103d5d","reel":"RIGHT","pressedIndex":0,"stopIndex":0,"slip":0,"durationMs":80}}
[21:15:49] [Render thread/INFO] (PiriRuntimeAcceptance) PIRI_PHASE02_PACKET {"type":"ACTION_ACCEPTED","payload":{"clientSequence":68,"action":"STOP_LEFT"}}
[21:15:49] [Render thread/INFO] (PiriRuntimeAcceptance) PIRI_PHASE02_PACKET {"type":"REEL_STOP","payload":{"spinId":"301bb119-79ca-4b57-b253-943ef2103d5d","reel":"LEFT","pressedIndex":12,"stopIndex":12,"slip":0,"durationMs":80}}
[21:15:49] [Render thread/INFO] (PiriRuntimeAcceptance) PIRI_PHASE02_PACKET {"type":"ACTION_ACCEPTED","payload":{"clientSequence":69,"action":"STOP_CENTER"}}
[21:15:49] [Render thread/INFO] (PiriRuntimeAcceptance) PIRI_PHASE02_PACKET {"type":"REEL_STOP","payload":{"spinId":"301bb119-79ca-4b57-b253-943ef2103d5d","reel":"CENTER","pressedIndex":20,"stopIndex":18,"slip":2,"durationMs":180}}
[21:15:49] [Render thread/INFO] (PiriRuntimeAcceptance) PIRI_PHASE02_PACKET {"type":"PUBLIC_STATE","payload":{"sessionId":"157fd8f0-2048-4ffe-9f03-416406541556","machineId":1,"expectedNextClientSequence":70,"gameState":"SEATED_READY","lifecycle":"ACTIVE","credit":0,"heldMedals":0,"bet":0,"pay":0,"bonusCount":0,"lampOn":false,"displayStops":{"left":12,"center":18,"right":0},"stoppedMask":7}}
[21:15:50] [Render thread/INFO] (PiriRuntimeAcceptance) PIRI_PHASE02_PACKET {"type":"PUBLIC_STATE","payload":{"sessionId":"157fd8f0-2048-4ffe-9f03-416406541556","machineId":1,"expectedNextClientSequence":70,"gameState":"NORMAL_SPINNING","lifecycle":"ACTIVE","credit":0,"heldMedals":0,"bet":0,"pay":0,"bonusCount":0,"lampOn":false,"displayStops":{"left":12,"center":18,"right":0},"stoppedMask":0}}
[21:15:50] [Render thread/INFO] (PiriRuntimeAcceptance) PIRI_PHASE02_PACKET {"type":"SPIN_START","payload":{"sessionId":"157fd8f0-2048-4ffe-9f03-416406541556","machineId":1,"spinId":"70efa313-ee97-400f-be17-797b3523bcd1","mode":"NORMAL","animation":"RESUME_NORMAL","startPhase":{"left":12.0,"center":18.0,"right":0.0},"stopEnableAfterMs":200}}
[21:15:50] [Render thread/INFO] (PiriRuntimeAcceptance) PIRI_PHASE02_PACKET {"type":"ACTION_ACCEPTED","payload":{"clientSequence":70,"action":"STOP_RIGHT"}}
[21:15:50] [Render thread/INFO] (PiriRuntimeAcceptance) PIRI_PHASE02_PACKET {"type":"REEL_STOP","payload":{"spinId":"70efa313-ee97-400f-be17-797b3523bcd1","reel":"RIGHT","pressedIndex":10,"stopIndex":10,"slip":0,"durationMs":80}}
[21:15:51] [Render thread/INFO] (PiriRuntimeAcceptance) PIRI_PHASE02_PACKET {"type":"ACTION_ACCEPTED","payload":{"clientSequence":71,"action":"STOP_CENTER"}}
[21:15:51] [Render thread/INFO] (PiriRuntimeAcceptance) PIRI_PHASE02_PACKET {"type":"REEL_STOP","payload":{"spinId":"70efa313-ee97-400f-be17-797b3523bcd1","reel":"CENTER","pressedIndex":19,"stopIndex":18,"slip":1,"durationMs":130}}
[21:15:51] [Render thread/INFO] (PiriRuntimeAcceptance) PIRI_PHASE02_PACKET {"type":"ACTION_ACCEPTED","payload":{"clientSequence":72,"action":"STOP_LEFT"}}
[21:15:51] [Render thread/INFO] (PiriRuntimeAcceptance) PIRI_PHASE02_PACKET {"type":"REEL_STOP","payload":{"spinId":"70efa313-ee97-400f-be17-797b3523bcd1","reel":"LEFT","pressedIndex":4,"stopIndex":1,"slip":3,"durationMs":230}}
[21:15:51] [Render thread/INFO] (PiriRuntimeAcceptance) PIRI_PHASE02_PACKET {"type":"PUBLIC_STATE","payload":{"sessionId":"157fd8f0-2048-4ffe-9f03-416406541556","machineId":1,"expectedNextClientSequence":73,"gameState":"SEATED_READY","lifecycle":"ACTIVE","credit":0,"heldMedals":0,"bet":0,"pay":0,"bonusCount":0,"lampOn":false,"displayStops":{"left":1,"center":18,"right":10},"stoppedMask":7}}
[21:15:52] [Render thread/INFO] (PiriRuntimeAcceptance) PIRI_PHASE02_PACKET {"type":"PUBLIC_STATE","payload":{"sessionId":"157fd8f0-2048-4ffe-9f03-416406541556","machineId":1,"expectedNextClientSequence":73,"gameState":"NORMAL_SPINNING","lifecycle":"ACTIVE","credit":0,"heldMedals":0,"bet":0,"pay":0,"bonusCount":0,"lampOn":false,"displayStops":{"left":1,"center":18,"right":10},"stoppedMask":0}}
[21:15:52] [Render thread/INFO] (PiriRuntimeAcceptance) PIRI_PHASE02_PACKET {"type":"SPIN_START","payload":{"sessionId":"157fd8f0-2048-4ffe-9f03-416406541556","machineId":1,"spinId":"fcb5c7ab-c2d5-4436-a1c5-32b031d26f7f","mode":"NORMAL","animation":"NORMAL","startPhase":{"left":1.0,"center":18.0,"right":10.0},"stopEnableAfterMs":400}}
[21:15:53] [Render thread/INFO] (PiriRuntimeAcceptance) PIRI_PHASE02_PACKET {"type":"ACTION_ACCEPTED","payload":{"clientSequence":73,"action":"STOP_LEFT"}}
[21:15:53] [Render thread/INFO] (PiriRuntimeAcceptance) PIRI_PHASE02_PACKET {"type":"REEL_STOP","payload":{"spinId":"fcb5c7ab-c2d5-4436-a1c5-32b031d26f7f","reel":"LEFT","pressedIndex":13,"stopIndex":9,"slip":4,"durationMs":280}}
[21:15:54] [Render thread/INFO] (PiriRuntimeAcceptance) PIRI_PHASE02_PACKET {"type":"ACTION_ACCEPTED","payload":{"clientSequence":74,"action":"STOP_CENTER"}}
[21:15:54] [Render thread/INFO] (PiriRuntimeAcceptance) PIRI_PHASE02_PACKET {"type":"REEL_STOP","payload":{"spinId":"fcb5c7ab-c2d5-4436-a1c5-32b031d26f7f","reel":"CENTER","pressedIndex":0,"stopIndex":0,"slip":0,"durationMs":80}}
[21:15:54] [Render thread/INFO] (PiriRuntimeAcceptance) PIRI_PHASE02_PACKET {"type":"ACTION_ACCEPTED","payload":{"clientSequence":75,"action":"STOP_RIGHT"}}
[21:15:54] [Render thread/INFO] (PiriRuntimeAcceptance) PIRI_PHASE02_PACKET {"type":"REEL_STOP","payload":{"spinId":"fcb5c7ab-c2d5-4436-a1c5-32b031d26f7f","reel":"RIGHT","pressedIndex":4,"stopIndex":4,"slip":0,"durationMs":80}}
[21:15:54] [Render thread/INFO] (PiriRuntimeAcceptance) PIRI_PHASE02_PACKET {"type":"PUBLIC_STATE","payload":{"sessionId":"157fd8f0-2048-4ffe-9f03-416406541556","machineId":1,"expectedNextClientSequence":76,"gameState":"SEATED_READY","lifecycle":"ACTIVE","credit":0,"heldMedals":0,"bet":0,"pay":0,"bonusCount":0,"lampOn":false,"displayStops":{"left":9,"center":0,"right":4},"stoppedMask":7}}
[21:15:56] [Render thread/INFO] (PiriRuntimeAcceptance) PIRI_PHASE02_PACKET {"type":"PUBLIC_STATE","payload":{"sessionId":"157fd8f0-2048-4ffe-9f03-416406541556","machineId":1,"expectedNextClientSequence":76,"gameState":"NORMAL_SPINNING","lifecycle":"ACTIVE","credit":0,"heldMedals":0,"bet":0,"pay":0,"bonusCount":0,"lampOn":false,"displayStops":{"left":9,"center":0,"right":4},"stoppedMask":0}}
[21:15:56] [Render thread/INFO] (PiriRuntimeAcceptance) PIRI_PHASE02_PACKET {"type":"SPIN_START","payload":{"sessionId":"157fd8f0-2048-4ffe-9f03-416406541556","machineId":1,"spinId":"958cf869-df6c-4eb7-9d9f-c1f98f128f4d","mode":"NORMAL","animation":"REVERSE_500MS","startPhase":{"left":9.0,"center":0.0,"right":4.0},"stopEnableAfterMs":800}}
[21:15:57] [Render thread/INFO] (PiriRuntimeAcceptance) PIRI_PHASE02_PACKET {"type":"ACTION_ACCEPTED","payload":{"clientSequence":76,"action":"STOP_LEFT"}}
[21:15:57] [Render thread/INFO] (PiriRuntimeAcceptance) PIRI_PHASE02_PACKET {"type":"REEL_STOP","payload":{"spinId":"958cf869-df6c-4eb7-9d9f-c1f98f128f4d","reel":"LEFT","pressedIndex":3,"stopIndex":0,"slip":3,"durationMs":230}}
[21:15:57] [Render thread/INFO] (PiriRuntimeAcceptance) PIRI_PHASE02_PACKET {"type":"ACTION_ACCEPTED","payload":{"clientSequence":77,"action":"STOP_RIGHT"}}
[21:15:57] [Render thread/INFO] (PiriRuntimeAcceptance) PIRI_PHASE02_PACKET {"type":"REEL_STOP","payload":{"spinId":"958cf869-df6c-4eb7-9d9f-c1f98f128f4d","reel":"RIGHT","pressedIndex":10,"stopIndex":10,"slip":0,"durationMs":80}}
[21:15:58] [Render thread/INFO] (PiriRuntimeAcceptance) PIRI_PHASE02_PACKET {"type":"ACTION_ACCEPTED","payload":{"clientSequence":78,"action":"STOP_CENTER"}}
[21:15:58] [Render thread/INFO] (PiriRuntimeAcceptance) PIRI_PHASE02_PACKET {"type":"REEL_STOP","payload":{"spinId":"958cf869-df6c-4eb7-9d9f-c1f98f128f4d","reel":"CENTER","pressedIndex":18,"stopIndex":18,"slip":0,"durationMs":80}}
[21:15:58] [Render thread/INFO] (PiriRuntimeAcceptance) PIRI_PHASE02_PACKET {"type":"PUBLIC_STATE","payload":{"sessionId":"157fd8f0-2048-4ffe-9f03-416406541556","machineId":1,"expectedNextClientSequence":79,"gameState":"SEATED_READY","lifecycle":"ACTIVE","credit":0,"heldMedals":0,"bet":0,"pay":0,"bonusCount":0,"lampOn":false,"displayStops":{"left":0,"center":18,"right":10},"stoppedMask":7}}
[21:15:58] [Render thread/INFO] (PiriRuntimeAcceptance) PIRI_PHASE02_PACKET {"type":"PUBLIC_STATE","payload":{"sessionId":"157fd8f0-2048-4ffe-9f03-416406541556","machineId":1,"expectedNextClientSequence":79,"gameState":"NORMAL_SPINNING","lifecycle":"ACTIVE","credit":0,"heldMedals":0,"bet":0,"pay":0,"bonusCount":0,"lampOn":false,"displayStops":{"left":0,"center":18,"right":10},"stoppedMask":0}}
[21:15:58] [Render thread/INFO] (PiriRuntimeAcceptance) PIRI_PHASE02_PACKET {"type":"SPIN_START","payload":{"sessionId":"157fd8f0-2048-4ffe-9f03-416406541556","machineId":1,"spinId":"a356614d-e95c-41af-8327-6e7148bbe068","mode":"NORMAL","animation":"RESUME_NORMAL","startPhase":{"left":0.0,"center":18.0,"right":10.0},"stopEnableAfterMs":200}}
[21:15:59] [Render thread/INFO] (PiriRuntimeAcceptance) PIRI_PHASE02_PACKET {"type":"ACTION_ACCEPTED","payload":{"clientSequence":79,"action":"STOP_CENTER"}}
[21:15:59] [Render thread/INFO] (PiriRuntimeAcceptance) PIRI_PHASE02_PACKET {"type":"REEL_STOP","payload":{"spinId":"a356614d-e95c-41af-8327-6e7148bbe068","reel":"CENTER","pressedIndex":8,"stopIndex":8,"slip":0,"durationMs":80}}
[21:15:59] [Render thread/INFO] (PiriRuntimeAcceptance) PIRI_PHASE02_PACKET {"type":"ACTION_ACCEPTED","payload":{"clientSequence":80,"action":"STOP_LEFT"}}
[21:15:59] [Render thread/INFO] (PiriRuntimeAcceptance) PIRI_PHASE02_PACKET {"type":"REEL_STOP","payload":{"spinId":"a356614d-e95c-41af-8327-6e7148bbe068","reel":"LEFT","pressedIndex":2,"stopIndex":0,"slip":2,"durationMs":180}}
[21:16:00] [Render thread/INFO] (PiriRuntimeAcceptance) PIRI_PHASE02_PACKET {"type":"ACTION_ACCEPTED","payload":{"clientSequence":81,"action":"STOP_RIGHT"}}
[21:16:00] [Render thread/INFO] (PiriRuntimeAcceptance) PIRI_PHASE02_PACKET {"type":"REEL_STOP","payload":{"spinId":"a356614d-e95c-41af-8327-6e7148bbe068","reel":"RIGHT","pressedIndex":19,"stopIndex":18,"slip":1,"durationMs":130}}
[21:16:00] [Render thread/INFO] (PiriRuntimeAcceptance) PIRI_PHASE02_PACKET {"type":"PUBLIC_STATE","payload":{"sessionId":"157fd8f0-2048-4ffe-9f03-416406541556","machineId":1,"expectedNextClientSequence":82,"gameState":"SEATED_READY","lifecycle":"ACTIVE","credit":0,"heldMedals":0,"bet":0,"pay":0,"bonusCount":0,"lampOn":false,"displayStops":{"left":0,"center":8,"right":18},"stoppedMask":7}}
[21:16:00] [Render thread/INFO] (PiriRuntimeAcceptance) PIRI_PHASE02_PACKET {"type":"PUBLIC_STATE","payload":{"sessionId":"157fd8f0-2048-4ffe-9f03-416406541556","machineId":1,"expectedNextClientSequence":82,"gameState":"NORMAL_SPINNING","lifecycle":"ACTIVE","credit":0,"heldMedals":0,"bet":0,"pay":0,"bonusCount":0,"lampOn":false,"displayStops":{"left":0,"center":8,"right":18},"stoppedMask":0}}
[21:16:00] [Render thread/INFO] (PiriRuntimeAcceptance) PIRI_PHASE02_PACKET {"type":"SPIN_START","payload":{"sessionId":"157fd8f0-2048-4ffe-9f03-416406541556","machineId":1,"spinId":"abccc7ff-c670-48fd-8380-109823eec06e","mode":"NORMAL","animation":"NORMAL","startPhase":{"left":0.0,"center":8.0,"right":18.0},"stopEnableAfterMs":400}}
[21:16:01] [Render thread/INFO] (PiriRuntimeAcceptance) PIRI_PHASE02_PACKET {"type":"ACTION_ACCEPTED","payload":{"clientSequence":82,"action":"STOP_CENTER"}}
[21:16:01] [Render thread/INFO] (PiriRuntimeAcceptance) PIRI_PHASE02_PACKET {"type":"REEL_STOP","payload":{"spinId":"abccc7ff-c670-48fd-8380-109823eec06e","reel":"CENTER","pressedIndex":20,"stopIndex":20,"slip":0,"durationMs":80}}
[21:16:02] [Render thread/INFO] (PiriRuntimeAcceptance) PIRI_PHASE02_PACKET {"type":"ACTION_ACCEPTED","payload":{"clientSequence":83,"action":"STOP_RIGHT"}}
[21:16:02] [Render thread/INFO] (PiriRuntimeAcceptance) PIRI_PHASE02_PACKET {"type":"REEL_STOP","payload":{"spinId":"abccc7ff-c670-48fd-8380-109823eec06e","reel":"RIGHT","pressedIndex":0,"stopIndex":0,"slip":0,"durationMs":80}}
[21:16:02] [Render thread/INFO] (PiriRuntimeAcceptance) PIRI_PHASE02_PACKET {"type":"ACTION_ACCEPTED","payload":{"clientSequence":84,"action":"STOP_LEFT"}}
[21:16:02] [Render thread/INFO] (PiriRuntimeAcceptance) PIRI_PHASE02_PACKET {"type":"REEL_STOP","payload":{"spinId":"abccc7ff-c670-48fd-8380-109823eec06e","reel":"LEFT","pressedIndex":15,"stopIndex":9,"slip":6,"durationMs":380}}
[21:16:02] [Render thread/INFO] (PiriRuntimeAcceptance) PIRI_PHASE02_PACKET {"type":"PUBLIC_STATE","payload":{"sessionId":"157fd8f0-2048-4ffe-9f03-416406541556","machineId":1,"expectedNextClientSequence":85,"gameState":"SEATED_READY","lifecycle":"ACTIVE","credit":0,"heldMedals":0,"bet":0,"pay":0,"bonusCount":0,"lampOn":false,"displayStops":{"left":9,"center":20,"right":0},"stoppedMask":7}}
[21:17:33] [Render thread/INFO] (Minecraft) Stopping!

BUILD SUCCESSFUL in 3m 41s
15 actionable tasks: 4 executed, 11 up-to-date
