
> Configure project :fabric
Fabric Loom: 1.10.5

> Task :assemble UP-TO-DATE
> Task :check UP-TO-DATE
> Task :asset-tools:compileJava UP-TO-DATE
> Task :asset-tools:processResources NO-SOURCE
> Task :asset-tools:classes UP-TO-DATE
> Task :asset-tools:jar UP-TO-DATE
> Task :asset-tools:sourcesJar UP-TO-DATE
> Task :asset-tools:assemble UP-TO-DATE
> Task :asset-tools:compileTestJava UP-TO-DATE
> Task :asset-tools:processTestResources UP-TO-DATE
> Task :asset-tools:testClasses UP-TO-DATE
> Task :asset-tools:test UP-TO-DATE
> Task :asset-tools:check UP-TO-DATE
> Task :asset-tools:build UP-TO-DATE
> Task :common:compileJava UP-TO-DATE
> Task :common:processResources NO-SOURCE
> Task :common:classes UP-TO-DATE
> Task :common:jar UP-TO-DATE
> Task :common:sourcesJar UP-TO-DATE
> Task :common:assemble UP-TO-DATE
> Task :common:compileTestJava UP-TO-DATE
> Task :common:processTestResources NO-SOURCE
> Task :common:testClasses UP-TO-DATE
> Task :common:test UP-TO-DATE
> Task :common:check UP-TO-DATE
> Task :common:build UP-TO-DATE
> Task :fabric:compileJava
> Task :fabric:processResources UP-TO-DATE
> Task :fabric:classes
> Task :fabric:jar
> Task :paper:compileJava UP-TO-DATE
> Task :fabric:compileTestJava
> Task :fabric:processIncludeJars UP-TO-DATE
> Task :fabric:sourcesJar
> Task :fabric:remapSourcesJar
> Task :fabric:processTestResources NO-SOURCE
> Task :fabric:testClasses
> Task :paper:processResources UP-TO-DATE
> Task :paper:classes UP-TO-DATE
> Task :paper:jar UP-TO-DATE
> Task :fabric:test
> Task :fabric:validateAccessWidener NO-SOURCE
> Task :fabric:check
> Task :paper:sourcesJar UP-TO-DATE
> Task :paper:assemble UP-TO-DATE
> Task :paper:compileTestJava UP-TO-DATE
> Task :paper:processTestResources NO-SOURCE
> Task :paper:testClasses UP-TO-DATE
> Task :paper:test UP-TO-DATE
> Task :paper:check UP-TO-DATE
> Task :paper:build UP-TO-DATE
> Task :fabric:remapJar
> Task :fabric:assemble
> Task :fabric:build
> Task :build

BUILD SUCCESSFUL in 27s
26 actionable tasks: 7 executed, 19 up-to-date
