after-restart\server.log
Starting org.bukkit.craftbukkit.Main
*** Warning, you've not updated in a while! ***
*** Please download a new build as per instructions from https://papermc.io/downloads/paper ***
WARN StatusConsoleListener Advanced terminal features are not available in this environment
[23:14:16 INFO]: [bootstrap] Running Java 21 (OpenJDK 64-Bit Server VM 21.0.12.1+1-LTS; Eclipse Adoptium Temurin-21.0.12.1+1) on Windows 11 10.0 (amd64)
[23:14:16 INFO]: [bootstrap] Loading Paper 1.21-130-master@b1b5d4c (2024-08-10T10:02:42Z) for Minecraft 1.21
[23:14:16 WARN]: [oshi.driver.windows.perfmon.PerfmonDisabled] Invalid registry value type detected for PerfOS counters. Should be REG_DWORD. Ignoring: HKEY_LOCAL_MACHINE\SYSTEM\CurrentControlSet\Services\PerfOS\Performance\Disable Performance Counters.
[23:14:17 INFO]: [PluginInitializerManager] Initializing plugins...
[23:14:17 INFO]: [PluginInitializerManager] Initialized 2 plugins
[23:14:17 INFO]: [PluginInitializerManager] Bukkit plugins (2):
 - PiriJuggler (1.0.0), PiriRuntimeAcceptance (1.0.0)
[23:14:22 INFO]: Environment: Environment[sessionHost=https://sessionserver.mojang.com, servicesHost=https://api.minecraftservices.com, name=PROD]
[23:14:24 INFO]: Loaded 1290 recipes
[23:14:24 INFO]: Loaded 1399 advancements
[23:14:25 INFO]: Starting minecraft server version 1.21
[23:14:25 INFO]: Loading properties
[23:14:25 INFO]: This server is running Paper version 1.21-130-master@b1b5d4c (2024-08-10T10:02:42Z) (Implementing API version 1.21-R0.1-SNAPSHOT)
[23:14:25 INFO]: [spark] This server bundles the spark profiler. For more information please visit https://docs.papermc.io/paper/profiling
[23:14:25 INFO]: Using 4 threads for Netty based IO
[23:14:25 INFO]: Server Ping Player Sample Count: 12
[23:14:26 INFO]: [ChunkTaskScheduler] Chunk system is using 1 I/O threads, 4 worker threads, and population gen parallelism of 4 threads
[23:14:26 INFO]: Default game type: SURVIVAL
[23:14:26 INFO]: Generating keypair
[23:14:26 INFO]: Starting Minecraft server on 127.0.0.1:25586
[23:14:26 INFO]: Using default channel type
[23:14:26 INFO]: Paper: Using Java compression from Velocity.
[23:14:26 INFO]: Paper: Using Java cipher from Velocity.
[23:14:26 INFO]: [PiriJuggler] Loading server plugin PiriJuggler v1.0.0
[23:14:26 INFO]: [PiriRuntimeAcceptance] Loading server plugin PiriRuntimeAcceptance v1.0.0
[23:14:26 INFO]: Server permissions file permissions.yml is empty, ignoring it
[23:14:26 WARN]: **** SERVER IS RUNNING IN OFFLINE/INSECURE MODE!
[23:14:26 WARN]: The server will make no attempt to authenticate usernames. Beware.
[23:14:26 WARN]: While this makes the game possible to play without internet access, it also opens up the ability for hackers to connect with any username they choose.
[23:14:26 WARN]: To change this, set "online-mode" to "true" in the server.properties file.
[23:14:26 INFO]: Preparing level "world"
[23:14:27 INFO]: Preparing start region for dimension minecraft:overworld
[23:14:28 INFO]: Time elapsed: 869 ms
[23:14:28 INFO]: Preparing start region for dimension minecraft:the_nether
[23:14:28 INFO]: Time elapsed: 90 ms
[23:14:28 INFO]: Preparing start region for dimension minecraft:the_end
[23:14:28 INFO]: Time elapsed: 70 ms
[23:14:28 INFO]: [PiriJuggler] Enabling PiriJuggler v1.0.0
[23:14:28 INFO]: [PiriJuggler] Protocol 1; configuration valid
[23:14:28 INFO]: [PiriRuntimeAcceptance] Enabling PiriRuntimeAcceptance v1.0.0
[23:14:28 INFO]: [PiriRuntimeAcceptance] PIRI_RUNTIME_OBSERVER_READY Phase02 1.21-130-b1b5d4c (MC: 1.21)
[23:14:28 INFO]: [spark] Starting background profiler...
[23:14:28 INFO]: [spark] The async-profiler engine is not supported for your os/arch (windows11/amd64), so the built-in Java engine will be used instead.
[23:14:29 INFO]: Done preparing level "world" (2.305s)
[23:14:29 INFO]: Running delayed init tasks
[23:14:29 INFO]: [PiriJuggler] PIRI_DATABASE_READY schema=4 period=297066e7-c235-4abb-b81f-51d51ac2273e machines=2
[23:14:29 INFO]: Done (13.179s)! For help, type "help"
[23:14:29 INFO]: Timings Reset
[23:15:13 INFO]: UUID of player PiriRuntimeTest is 2b9a0e28-4a8f-3fe1-a65b-c41ad05e8077
[23:15:14 INFO]: [93mPiriRuntimeTest joined the game[0m
[23:15:14 INFO]: PiriRuntimeTest[/127.0.0.1:54305] logged in with entity id 53 at ([world]0.5, 65.0, 3.5)
[23:15:53 INFO]: UUID of player PiriRuntimeTest2 is 8062c56f-e70c-32a6-a697-14af84a4d310
[23:15:55 INFO]: [93mPiriRuntimeTest2 joined the game[0m
[23:15:55 INFO]: PiriRuntimeTest2[/127.0.0.1:61409] logged in with entity id 77 at ([world]0.5, 65.0, 3.5)
[23:15:59 INFO]: PiriRuntimeTest issued server command: /piri machine redefine 1
[23:16:00 INFO]: PiriRuntimeTest issued server command: /piri machine redefine 1
[23:16:02 INFO]: PiriRuntimeTest issued server command: /piri machine remove 1
[23:16:02 INFO]: PiriRuntimeTest issued server command: /piri machine create
[23:16:03 INFO]: PiriRuntimeTest2 lost connection: Disconnected
[23:16:03 INFO]: [93mPiriRuntimeTest2 left the game[0m
[23:16:04 INFO]: PiriRuntimeTest lost connection: Disconnected
[23:16:04 INFO]: [93mPiriRuntimeTest left the game[0m
[23:16:05 INFO]: Stopping the server
[23:16:05 INFO]: Stopping server
[23:16:05 INFO]: [PiriRuntimeAcceptance] Disabling PiriRuntimeAcceptance v1.0.0
[23:16:05 INFO]: [PiriJuggler] Disabling PiriJuggler v1.0.0
[23:16:05 INFO]: Saving players
[23:16:05 INFO]: Saving worlds
[23:16:05 INFO]: Saving chunks for level 'ServerLevel[world]'/minecraft:overworld
[23:16:05 INFO]: [ChunkHolderManager] Waiting 60s for chunk system to halt for world 'world'
[23:16:05 INFO]: [ChunkHolderManager] Halted chunk system for world 'world'
[23:16:05 INFO]: [ChunkHolderManager] Saving all chunkholders for world 'world'
[23:16:06 INFO]: [ChunkHolderManager] Saved 121 block chunks, 121 entity chunks, 0 poi chunks in world 'world' in 0.54s
[23:16:06 INFO]: Saving chunks for level 'ServerLevel[world_nether]'/minecraft:the_nether
[23:16:06 INFO]: [ChunkHolderManager] Waiting 60s for chunk system to halt for world 'world_nether'
[23:16:06 INFO]: [ChunkHolderManager] Halted chunk system for world 'world_nether'
[23:16:06 INFO]: [ChunkHolderManager] Saving all chunkholders for world 'world_nether'
[23:16:06 INFO]: [ChunkHolderManager] Saved 49 block chunks, 49 entity chunks, 0 poi chunks in world 'world_nether' in 0.12s
[23:16:06 INFO]: Saving chunks for level 'ServerLevel[world_the_end]'/minecraft:the_end
[23:16:06 INFO]: [ChunkHolderManager] Waiting 60s for chunk system to halt for world 'world_the_end'
[23:16:06 INFO]: [ChunkHolderManager] Halted chunk system for world 'world_the_end'
[23:16:06 INFO]: [ChunkHolderManager] Saving all chunkholders for world 'world_the_end'
[23:16:06 INFO]: [ChunkHolderManager] Saved 49 block chunks, 49 entity chunks, 0 poi chunks in world 'world_the_end' in 0.05s
[23:16:06 INFO]: ThreadedAnvilChunkStorage (world): All chunks are saved
[23:16:06 INFO]: ThreadedAnvilChunkStorage (DIM-1): All chunks are saved
[23:16:06 INFO]: ThreadedAnvilChunkStorage (DIM1): All chunks are saved
[23:16:06 INFO]: ThreadedAnvilChunkStorage: All dimensions are saved

before-restart\server.log
Downloading mojang_1.21.jar
Applying patches
Starting org.bukkit.craftbukkit.Main
*** Warning, you've not updated in a while! ***
*** Please download a new build as per instructions from https://papermc.io/downloads/paper ***
WARN StatusConsoleListener Advanced terminal features are not available in this environment
[23:12:56 INFO]: [bootstrap] Running Java 21 (OpenJDK 64-Bit Server VM 21.0.12.1+1-LTS; Eclipse Adoptium Temurin-21.0.12.1+1) on Windows 11 10.0 (amd64)
[23:12:56 INFO]: [bootstrap] Loading Paper 1.21-130-master@b1b5d4c (2024-08-10T10:02:42Z) for Minecraft 1.21
[23:12:56 WARN]: [oshi.driver.windows.perfmon.PerfmonDisabled] Invalid registry value type detected for PerfOS counters. Should be REG_DWORD. Ignoring: HKEY_LOCAL_MACHINE\SYSTEM\CurrentControlSet\Services\PerfOS\Performance\Disable Performance Counters.
[23:12:57 INFO]: [PluginInitializerManager] Initializing plugins...
[23:12:58 INFO]: [ReobfServer] Remapping server...
[23:13:03 INFO]: [ReobfServer] Done remapping server in 4698ms.
[23:13:03 INFO]: [PluginRemapper] Remapping plugin 'plugins\piri-runtime-test-paper-1.0.0.jar'...
[23:13:03 INFO]: [PluginRemapper] Remapping plugin 'plugins\piri-juggler-paper-1.0.0.jar'...
[23:13:03 INFO]: [PluginRemapper] Done remapping plugin 'plugins\piri-runtime-test-paper-1.0.0.jar' in 189ms.
[23:13:05 INFO]: [PluginRemapper] Done remapping plugin 'plugins\piri-juggler-paper-1.0.0.jar' in 1788ms.
[23:13:05 INFO]: [PluginInitializerManager] Initialized 2 plugins
[23:13:05 INFO]: [PluginInitializerManager] Bukkit plugins (2):
 - PiriJuggler (1.0.0), PiriRuntimeAcceptance (1.0.0)
[23:13:10 INFO]: Environment: Environment[sessionHost=https://sessionserver.mojang.com, servicesHost=https://api.minecraftservices.com, name=PROD]
[23:13:10 INFO]: Found new data pack file/bukkit, loading it automatically
[23:13:10 INFO]: Found new data pack paper, loading it automatically
[23:13:10 INFO]: No existing world data, creating new world
[23:13:11 INFO]: Loaded 1290 recipes
[23:13:12 INFO]: Loaded 1399 advancements
[23:13:12 INFO]: Starting minecraft server version 1.21
[23:13:12 INFO]: Loading properties
[23:13:12 INFO]: This server is running Paper version 1.21-130-master@b1b5d4c (2024-08-10T10:02:42Z) (Implementing API version 1.21-R0.1-SNAPSHOT)
[23:13:12 INFO]: [spark] This server bundles the spark profiler. For more information please visit https://docs.papermc.io/paper/profiling
[23:13:12 INFO]: Server Ping Player Sample Count: 12
[23:13:12 INFO]: Using 4 threads for Netty based IO
[23:13:13 INFO]: [ChunkTaskScheduler] Chunk system is using 1 I/O threads, 4 worker threads, and population gen parallelism of 4 threads
[23:13:13 INFO]: Default game type: SURVIVAL
[23:13:13 INFO]: Generating keypair
[23:13:13 INFO]: Starting Minecraft server on 127.0.0.1:25586
[23:13:13 INFO]: Using default channel type
[23:13:13 INFO]: Paper: Using Java compression from Velocity.
[23:13:13 INFO]: Paper: Using Java cipher from Velocity.
[23:13:13 INFO]: [PiriJuggler] Loading server plugin PiriJuggler v1.0.0
[23:13:13 INFO]: [PiriRuntimeAcceptance] Loading server plugin PiriRuntimeAcceptance v1.0.0
[23:13:13 WARN]: **** SERVER IS RUNNING IN OFFLINE/INSECURE MODE!
[23:13:13 WARN]: The server will make no attempt to authenticate usernames. Beware.
[23:13:13 WARN]: While this makes the game possible to play without internet access, it also opens up the ability for hackers to connect with any username they choose.
[23:13:13 WARN]: To change this, set "online-mode" to "true" in the server.properties file.
[23:13:13 INFO]: Preparing level "world"
[23:13:16 INFO]: Preparing start region for dimension minecraft:overworld
[23:13:18 INFO]: Time elapsed: 2031 ms
[23:13:18 INFO]: Preparing start region for dimension minecraft:the_nether
[23:13:19 INFO]: Time elapsed: 467 ms
[23:13:19 INFO]: Preparing start region for dimension minecraft:the_end
[23:13:19 INFO]: Time elapsed: 146 ms
[23:13:19 INFO]: [PiriJuggler] Enabling PiriJuggler v1.0.0
[23:13:19 INFO]: [PiriJuggler] Protocol 1; configuration valid
[23:13:19 INFO]: [PiriRuntimeAcceptance] Enabling PiriRuntimeAcceptance v1.0.0
[23:13:20 INFO]: [PiriRuntimeAcceptance] PIRI_RUNTIME_OBSERVER_READY Phase02 1.21-130-b1b5d4c (MC: 1.21)
[23:13:20 INFO]: [spark] Starting background profiler...
[23:13:20 INFO]: [spark] The async-profiler engine is not supported for your os/arch (windows11/amd64), so the built-in Java engine will be used instead.
[23:13:20 INFO]: Done preparing level "world" (6.531s)
[23:13:20 INFO]: Running delayed init tasks
[23:13:20 INFO]: [PiriJuggler] PIRI_DATABASE_READY schema=4 period=74faf2ec-0e18-460c-8eff-30ae53b18c0b machines=0
[23:13:20 INFO]: Done (25.117s)! For help, type "help"
[23:13:20 INFO]: *************************************************************************************
[23:13:20 INFO]: This is the first time you're starting this server.
[23:13:20 INFO]: It's recommended you read our 'Getting Started' documentation for guidance.
[23:13:20 INFO]: View this and more helpful information here: https://docs.papermc.io/paper/next-steps
[23:13:20 INFO]: *************************************************************************************
[23:13:20 INFO]: Timings Reset
[23:14:02 INFO]: UUID of player PiriRuntimeTest is 2b9a0e28-4a8f-3fe1-a65b-c41ad05e8077
[23:14:03 INFO]: [93mPiriRuntimeTest joined the game[0m
[23:14:03 INFO]: PiriRuntimeTest[/127.0.0.1:52302] logged in with entity id 91 at ([world]0.5, 65.0, 3.5)
[23:14:05 INFO]: PiriRuntimeTest issued server command: /piri machine create
[23:14:06 INFO]: PiriRuntimeTest issued server command: /piri machine create
[23:14:07 INFO]: PiriRuntimeTest issued server command: /piri machine create
[23:14:09 INFO]: PiriRuntimeTest issued server command: /piri machine remove 1
[23:14:10 INFO]: PiriRuntimeTest issued server command: /piri key give
[23:14:12 INFO]: PiriRuntimeTest lost connection: Disconnected
[23:14:12 INFO]: [93mPiriRuntimeTest left the game[0m
[23:14:12 INFO]: Stopping the server
[23:14:12 INFO]: Stopping server
[23:14:12 INFO]: [PiriRuntimeAcceptance] Disabling PiriRuntimeAcceptance v1.0.0
[23:14:12 INFO]: [PiriJuggler] Disabling PiriJuggler v1.0.0
[23:14:12 INFO]: Saving players
[23:14:13 INFO]: Saving worlds
[23:14:13 INFO]: Saving chunks for level 'ServerLevel[world]'/minecraft:overworld
[23:14:13 INFO]: [ChunkHolderManager] Waiting 60s for chunk system to halt for world 'world'
[23:14:13 INFO]: [ChunkHolderManager] Halted chunk system for world 'world'
[23:14:13 INFO]: [ChunkHolderManager] Saving all chunkholders for world 'world'
[23:14:14 INFO]: [ChunkHolderManager] Saved 1089 block chunks, 121 entity chunks, 0 poi chunks in world 'world' in 0.94s
[23:14:14 INFO]: Saving chunks for level 'ServerLevel[world_nether]'/minecraft:the_nether
[23:14:14 INFO]: [ChunkHolderManager] Waiting 60s for chunk system to halt for world 'world_nether'
[23:14:14 INFO]: [ChunkHolderManager] Halted chunk system for world 'world_nether'
[23:14:14 INFO]: [ChunkHolderManager] Saving all chunkholders for world 'world_nether'
[23:14:14 INFO]: [ChunkHolderManager] Saved 841 block chunks, 49 entity chunks, 0 poi chunks in world 'world_nether' in 0.38s
[23:14:14 INFO]: Saving chunks for level 'ServerLevel[world_the_end]'/minecraft:the_end
[23:14:14 INFO]: [ChunkHolderManager] Waiting 60s for chunk system to halt for world 'world_the_end'
[23:14:14 INFO]: [ChunkHolderManager] Halted chunk system for world 'world_the_end'
[23:14:14 INFO]: [ChunkHolderManager] Saving all chunkholders for world 'world_the_end'
[23:14:14 INFO]: [ChunkHolderManager] Saved 841 block chunks, 49 entity chunks, 0 poi chunks in world 'world_the_end' in 0.30s
[23:14:14 INFO]: ThreadedAnvilChunkStorage (world): All chunks are saved
[23:14:14 INFO]: ThreadedAnvilChunkStorage (DIM-1): All chunks are saved
[23:14:14 INFO]: ThreadedAnvilChunkStorage (DIM1): All chunks are saved
[23:14:14 INFO]: ThreadedAnvilChunkStorage: All dimensions are saved
