Downloading mojang_1.21.jar
Applying patches
Starting org.bukkit.craftbukkit.Main
*** Warning, you've not updated in a while! ***
*** Please download a new build as per instructions from https://papermc.io/downloads/paper ***
WARN StatusConsoleListener Advanced terminal features are not available in this environment
[10:36:15 INFO]: [bootstrap] Running Java 21 (OpenJDK 64-Bit Server VM 21.0.12.1+1-LTS; Eclipse Adoptium Temurin-21.0.12.1+1) on Windows 11 10.0 (amd64)
[10:36:15 INFO]: [bootstrap] Loading Paper 1.21-130-master@b1b5d4c (2024-08-10T10:02:42Z) for Minecraft 1.21
[10:36:15 WARN]: [oshi.driver.windows.perfmon.PerfmonDisabled] Invalid registry value type detected for PerfOS counters. Should be REG_DWORD. Ignoring: HKEY_LOCAL_MACHINE\SYSTEM\CurrentControlSet\Services\PerfOS\Performance\Disable Performance Counters.
[10:36:15 INFO]: [PluginInitializerManager] Initializing plugins...
[10:36:16 INFO]: [ReobfServer] Remapping server...
[10:36:19 INFO]: [ReobfServer] Done remapping server in 3091ms.
[10:36:19 INFO]: [PluginRemapper] Remapping plugin 'plugins\piri-juggler-paper-1.0.0.jar'...
[10:36:19 INFO]: [PluginRemapper] Remapping plugin 'plugins\piri-runtime-test-paper-1.0.0.jar'...
[10:36:19 INFO]: [PluginRemapper] Done remapping plugin 'plugins\piri-runtime-test-paper-1.0.0.jar' in 82ms.
[10:36:20 INFO]: [PluginRemapper] Done remapping plugin 'plugins\piri-juggler-paper-1.0.0.jar' in 1349ms.
[10:36:20 INFO]: [PluginInitializerManager] Initialized 2 plugins
[10:36:20 INFO]: [PluginInitializerManager] Bukkit plugins (2):
 - PiriJuggler (1.0.0), PiriRuntimeAcceptance (1.0.0)
[10:36:23 INFO]: Environment: Environment[sessionHost=https://sessionserver.mojang.com, servicesHost=https://api.minecraftservices.com, name=PROD]
[10:36:24 INFO]: Found new data pack file/bukkit, loading it automatically
[10:36:24 INFO]: Found new data pack paper, loading it automatically
[10:36:24 INFO]: No existing world data, creating new world
[10:36:25 INFO]: Loaded 1290 recipes
[10:36:25 INFO]: Loaded 1399 advancements
[10:36:25 INFO]: Starting minecraft server version 1.21
[10:36:25 INFO]: Loading properties
[10:36:25 INFO]: This server is running Paper version 1.21-130-master@b1b5d4c (2024-08-10T10:02:42Z) (Implementing API version 1.21-R0.1-SNAPSHOT)
[10:36:25 INFO]: [spark] This server bundles the spark profiler. For more information please visit https://docs.papermc.io/paper/profiling
[10:36:25 INFO]: Server Ping Player Sample Count: 12
[10:36:25 INFO]: Using 4 threads for Netty based IO
[10:36:26 INFO]: [ChunkTaskScheduler] Chunk system is using 1 I/O threads, 4 worker threads, and population gen parallelism of 4 threads
[10:36:26 INFO]: Default game type: SURVIVAL
[10:36:26 INFO]: Generating keypair
[10:36:26 INFO]: Starting Minecraft server on 127.0.0.1:25585
[10:36:26 INFO]: Using default channel type
[10:36:26 INFO]: Paper: Using Java compression from Velocity.
[10:36:26 INFO]: Paper: Using Java cipher from Velocity.
[10:36:26 INFO]: [PiriJuggler] Loading server plugin PiriJuggler v1.0.0
[10:36:26 INFO]: [PiriRuntimeAcceptance] Loading server plugin PiriRuntimeAcceptance v1.0.0
[10:36:26 WARN]: **** SERVER IS RUNNING IN OFFLINE/INSECURE MODE!
[10:36:26 WARN]: The server will make no attempt to authenticate usernames. Beware.
[10:36:26 WARN]: While this makes the game possible to play without internet access, it also opens up the ability for hackers to connect with any username they choose.
[10:36:26 WARN]: To change this, set "online-mode" to "true" in the server.properties file.
[10:36:26 INFO]: Preparing level "world"
[10:36:29 INFO]: Preparing start region for dimension minecraft:overworld
[10:36:30 INFO]: Time elapsed: 1250 ms
[10:36:30 INFO]: Preparing start region for dimension minecraft:the_nether
[10:36:30 INFO]: Time elapsed: 421 ms
[10:36:30 INFO]: Preparing start region for dimension minecraft:the_end
[10:36:30 INFO]: Time elapsed: 157 ms
[10:36:30 INFO]: [PiriJuggler] Enabling PiriJuggler v1.0.0
[10:36:31 INFO]: [PiriJuggler] Protocol 1; configuration valid
[10:36:31 INFO]: [PiriRuntimeAcceptance] Enabling PiriRuntimeAcceptance v1.0.0
[10:36:31 INFO]: [PiriRuntimeAcceptance] PIRI_RUNTIME_OBSERVER_READY 1.21-130-b1b5d4c (MC: 1.21)
[10:36:31 INFO]: [spark] Starting background profiler...
[10:36:31 INFO]: [spark] The async-profiler engine is not supported for your os/arch (windows11/amd64), so the built-in Java engine will be used instead.
[10:36:31 INFO]: Done preparing level "world" (4.648s)
[10:36:31 INFO]: Running delayed init tasks
[10:36:31 INFO]: [PiriJuggler] PIRI_DATABASE_READY schema=4 period=84b56900-d64a-455d-9c20-c1b996fe24b9 machines=0
[10:36:31 INFO]: Done (16.504s)! For help, type "help"
[10:36:31 INFO]: *************************************************************************************
[10:36:31 INFO]: This is the first time you're starting this server.
[10:36:31 INFO]: It's recommended you read our 'Getting Started' documentation for guidance.
[10:36:31 INFO]: View this and more helpful information here: https://docs.papermc.io/paper/next-steps
[10:36:31 INFO]: *************************************************************************************
[10:36:31 INFO]: Timings Reset
[10:37:06 INFO]: UUID of player PiriRuntimeTest is 2b9a0e28-4a8f-3fe1-a65b-c41ad05e8077
[10:37:07 INFO]: [93mPiriRuntimeTest joined the game[0m
[10:37:07 INFO]: PiriRuntimeTest[/127.0.0.1:58214] logged in with entity id 59 at ([world]0.5, 114.0, -7.5)
[10:37:07 INFO]: [PiriRuntimeAcceptance] PIRI_RUNTIME_SERVER {"timestamp":"2026-09-13T01:37:07.864039400Z","serverVersion":"1.21-130-b1b5d4c (MC: 1.21)","minecraftVersion":"1.21","player":"PiriRuntimeTest","remoteAddress":"127.0.0.1","envelopeProtocol":2,"hello":{"protocol":2,"modVersion":"1.0.0"},"productionPluginEnabled":true,"gameplayAllowed":false,"passed":true}
[10:37:13 INFO]: PiriRuntimeTest lost connection: Disconnected
[10:37:13 INFO]: [93mPiriRuntimeTest left the game[0m
[10:37:14 INFO]: Stopping the server
[10:37:14 INFO]: Stopping server
[10:37:14 INFO]: [PiriRuntimeAcceptance] Disabling PiriRuntimeAcceptance v1.0.0
[10:37:14 INFO]: [PiriJuggler] Disabling PiriJuggler v1.0.0
[10:37:14 INFO]: Saving players
[10:37:14 INFO]: Saving worlds
[10:37:14 INFO]: Saving chunks for level 'ServerLevel[world]'/minecraft:overworld
[10:37:14 INFO]: [ChunkHolderManager] Waiting 60s for chunk system to halt for world 'world'
[10:37:14 INFO]: [ChunkHolderManager] Halted chunk system for world 'world'
[10:37:14 INFO]: [ChunkHolderManager] Saving all chunkholders for world 'world'
[10:37:15 INFO]: [ChunkHolderManager] Saved 1089 block chunks, 121 entity chunks, 0 poi chunks in world 'world' in 0.68s
[10:37:15 INFO]: Saving chunks for level 'ServerLevel[world_nether]'/minecraft:the_nether
[10:37:15 INFO]: [ChunkHolderManager] Waiting 60s for chunk system to halt for world 'world_nether'
[10:37:15 INFO]: [ChunkHolderManager] Halted chunk system for world 'world_nether'
[10:37:15 INFO]: [ChunkHolderManager] Saving all chunkholders for world 'world_nether'
[10:37:15 INFO]: [ChunkHolderManager] Saved 841 block chunks, 49 entity chunks, 0 poi chunks in world 'world_nether' in 0.30s
[10:37:15 INFO]: Saving chunks for level 'ServerLevel[world_the_end]'/minecraft:the_end
[10:37:15 INFO]: [ChunkHolderManager] Waiting 60s for chunk system to halt for world 'world_the_end'
[10:37:15 INFO]: [ChunkHolderManager] Halted chunk system for world 'world_the_end'
[10:37:15 INFO]: [ChunkHolderManager] Saving all chunkholders for world 'world_the_end'
[10:37:16 INFO]: [ChunkHolderManager] Saved 841 block chunks, 49 entity chunks, 0 poi chunks in world 'world_the_end' in 0.28s
[10:37:16 INFO]: ThreadedAnvilChunkStorage (world): All chunks are saved
[10:37:16 INFO]: ThreadedAnvilChunkStorage (DIM-1): All chunks are saved
[10:37:16 INFO]: ThreadedAnvilChunkStorage (DIM1): All chunks are saved
[10:37:16 INFO]: ThreadedAnvilChunkStorage: All dimensions are saved
