Downloading mojang_1.21.jar
Applying patches
Starting org.bukkit.craftbukkit.Main
*** Warning, you've not updated in a while! ***
*** Please download a new build as per instructions from https://papermc.io/downloads/paper ***
WARN StatusConsoleListener Advanced terminal features are not available in this environment
[12:35:09 INFO]: [bootstrap] Running Java 21 (OpenJDK 64-Bit Server VM 21.0.12.1+1-LTS; Eclipse Adoptium Temurin-21.0.12.1+1) on Windows 11 10.0 (amd64)
[12:35:09 INFO]: [bootstrap] Loading Paper 1.21-130-master@b1b5d4c (2024-08-10T10:02:42Z) for Minecraft 1.21
[12:35:10 WARN]: [oshi.driver.windows.perfmon.PerfmonDisabled] Invalid registry value type detected for PerfOS counters. Should be REG_DWORD. Ignoring: HKEY_LOCAL_MACHINE\SYSTEM\CurrentControlSet\Services\PerfOS\Performance\Disable Performance Counters.
[12:35:11 INFO]: [PluginInitializerManager] Initializing plugins...
[12:35:11 INFO]: [ReobfServer] Remapping server...
[12:35:16 INFO]: [ReobfServer] Done remapping server in 4708ms.
[12:35:16 INFO]: [PluginRemapper] Remapping plugin 'plugins\piri-juggler-paper-1.0.0.jar'...
[12:35:16 INFO]: [PluginRemapper] Remapping plugin 'plugins\piri-runtime-test-paper-1.0.0.jar'...
[12:35:16 INFO]: [PluginRemapper] Done remapping plugin 'plugins\piri-runtime-test-paper-1.0.0.jar' in 150ms.
[12:35:16 INFO]: [PluginRemapper] Done remapping plugin 'plugins\piri-juggler-paper-1.0.0.jar' in 152ms.
[12:35:17 INFO]: [PluginInitializerManager] Initialized 2 plugins
[12:35:17 INFO]: [PluginInitializerManager] Bukkit plugins (2):
 - PiriJuggler (1.0.0), PiriRuntimeAcceptance (1.0.0)
[12:35:22 INFO]: Environment: Environment[sessionHost=https://sessionserver.mojang.com, servicesHost=https://api.minecraftservices.com, name=PROD]
[12:35:22 INFO]: Found new data pack file/bukkit, loading it automatically
[12:35:22 INFO]: Found new data pack paper, loading it automatically
[12:35:23 INFO]: No existing world data, creating new world
[12:35:24 INFO]: Loaded 1290 recipes
[12:35:24 INFO]: Loaded 1399 advancements
[12:35:24 INFO]: Starting minecraft server version 1.21
[12:35:24 INFO]: Loading properties
[12:35:25 INFO]: This server is running Paper version 1.21-130-master@b1b5d4c (2024-08-10T10:02:42Z) (Implementing API version 1.21-R0.1-SNAPSHOT)
[12:35:25 INFO]: [spark] This server bundles the spark profiler. For more information please visit https://docs.papermc.io/paper/profiling
[12:35:25 INFO]: Server Ping Player Sample Count: 12
[12:35:25 INFO]: Using 4 threads for Netty based IO
[12:35:26 INFO]: [ChunkTaskScheduler] Chunk system is using 1 I/O threads, 4 worker threads, and population gen parallelism of 4 threads
[12:35:26 INFO]: Default game type: SURVIVAL
[12:35:26 INFO]: Generating keypair
[12:35:26 INFO]: Starting Minecraft server on 127.0.0.1:25585
[12:35:26 INFO]: Using default channel type
[12:35:26 INFO]: Paper: Using Java compression from Velocity.
[12:35:26 INFO]: Paper: Using Java cipher from Velocity.
[12:35:26 INFO]: [PiriJuggler] Loading server plugin PiriJuggler v1.0.0
[12:35:26 INFO]: [PiriRuntimeAcceptance] Loading server plugin PiriRuntimeAcceptance v1.0.0
[12:35:26 WARN]: **** SERVER IS RUNNING IN OFFLINE/INSECURE MODE!
[12:35:26 WARN]: The server will make no attempt to authenticate usernames. Beware.
[12:35:26 WARN]: While this makes the game possible to play without internet access, it also opens up the ability for hackers to connect with any username they choose.
[12:35:26 WARN]: To change this, set "online-mode" to "true" in the server.properties file.
[12:35:26 INFO]: Preparing level "world"
[12:35:30 INFO]: Preparing start region for dimension minecraft:overworld
[12:35:32 INFO]: Time elapsed: 2110 ms
[12:35:32 INFO]: Preparing start region for dimension minecraft:the_nether
[12:35:33 INFO]: Time elapsed: 586 ms
[12:35:33 INFO]: Preparing start region for dimension minecraft:the_end
[12:35:33 INFO]: Time elapsed: 134 ms
[12:35:33 INFO]: [PiriJuggler] Enabling PiriJuggler v1.0.0
[12:35:33 INFO]: [PiriJuggler] Protocol 1; configuration valid
[12:35:33 INFO]: [PiriRuntimeAcceptance] Enabling PiriRuntimeAcceptance v1.0.0
[12:35:33 INFO]: [PiriRuntimeAcceptance] PIRI_RUNTIME_OBSERVER_READY 1.21-130-b1b5d4c (MC: 1.21)
[12:35:33 INFO]: [spark] Starting background profiler...
[12:35:33 INFO]: [spark] The async-profiler engine is not supported for your os/arch (windows11/amd64), so the built-in Java engine will be used instead.
[12:35:33 INFO]: Done preparing level "world" (6.937s)
[12:35:33 INFO]: Running delayed init tasks
[12:35:33 INFO]: Done (24.627s)! For help, type "help"
[12:35:33 INFO]: *************************************************************************************
[12:35:33 INFO]: This is the first time you're starting this server.
[12:35:33 INFO]: It's recommended you read our 'Getting Started' documentation for guidance.
[12:35:33 INFO]: View this and more helpful information here: https://docs.papermc.io/paper/next-steps
[12:35:33 INFO]: *************************************************************************************
[12:35:33 INFO]: Timings Reset
[12:36:20 INFO]: UUID of player PiriRuntimeTest is 2b9a0e28-4a8f-3fe1-a65b-c41ad05e8077
[12:36:21 INFO]: [93mPiriRuntimeTest joined the game[0m
[12:36:21 INFO]: PiriRuntimeTest[/127.0.0.1:60751] logged in with entity id 46 at ([world]0.5, 80.0, 5.5)
[12:36:22 INFO]: [PiriRuntimeAcceptance] PIRI_RUNTIME_SERVER {"timestamp":"2026-09-11T03:36:22.447687900Z","serverVersion":"1.21-130-b1b5d4c (MC: 1.21)","minecraftVersion":"1.21","player":"PiriRuntimeTest","remoteAddress":"127.0.0.1","envelopeProtocol":2,"hello":{"protocol":2,"modVersion":"1.0.0"},"productionPluginEnabled":true,"gameplayAllowed":false,"passed":true}
[12:36:27 INFO]: PiriRuntimeTest lost connection: Disconnected
[12:36:27 INFO]: [93mPiriRuntimeTest left the game[0m
[12:36:29 INFO]: Stopping the server
[12:36:29 INFO]: Stopping server
[12:36:29 INFO]: [PiriRuntimeAcceptance] Disabling PiriRuntimeAcceptance v1.0.0
[12:36:29 INFO]: [PiriJuggler] Disabling PiriJuggler v1.0.0
[12:36:29 INFO]: Saving players
[12:36:29 INFO]: Saving worlds
[12:36:29 INFO]: Saving chunks for level 'ServerLevel[world]'/minecraft:overworld
[12:36:29 INFO]: [ChunkHolderManager] Waiting 60s for chunk system to halt for world 'world'
[12:36:29 INFO]: [ChunkHolderManager] Halted chunk system for world 'world'
[12:36:29 INFO]: [ChunkHolderManager] Saving all chunkholders for world 'world'
[12:36:30 INFO]: [ChunkHolderManager] Saved 1089 block chunks, 121 entity chunks, 0 poi chunks in world 'world' in 1.08s
[12:36:30 INFO]: Saving chunks for level 'ServerLevel[world_nether]'/minecraft:the_nether
[12:36:30 INFO]: [ChunkHolderManager] Waiting 60s for chunk system to halt for world 'world_nether'
[12:36:30 INFO]: [ChunkHolderManager] Halted chunk system for world 'world_nether'
[12:36:30 INFO]: [ChunkHolderManager] Saving all chunkholders for world 'world_nether'
[12:36:30 INFO]: [ChunkHolderManager] Saved 841 block chunks, 49 entity chunks, 0 poi chunks in world 'world_nether' in 0.30s
[12:36:30 INFO]: Saving chunks for level 'ServerLevel[world_the_end]'/minecraft:the_end
[12:36:30 INFO]: [ChunkHolderManager] Waiting 60s for chunk system to halt for world 'world_the_end'
[12:36:30 INFO]: [ChunkHolderManager] Halted chunk system for world 'world_the_end'
[12:36:30 INFO]: [ChunkHolderManager] Saving all chunkholders for world 'world_the_end'
[12:36:30 INFO]: [ChunkHolderManager] Saved 841 block chunks, 49 entity chunks, 0 poi chunks in world 'world_the_end' in 0.29s
[12:36:30 INFO]: ThreadedAnvilChunkStorage (world): All chunks are saved
[12:36:30 INFO]: ThreadedAnvilChunkStorage (DIM-1): All chunks are saved
[12:36:30 INFO]: ThreadedAnvilChunkStorage (DIM1): All chunks are saved
[12:36:30 INFO]: ThreadedAnvilChunkStorage: All dimensions are saved
