===== normal =====
Downloading mojang_1.21.jar
Applying patches
Starting org.bukkit.craftbukkit.Main
*** Warning, you've not updated in a while! ***
*** Please download a new build as per instructions from https://papermc.io/downloads/paper ***
WARN StatusConsoleListener Advanced terminal features are not available in this environment
[15:32:55 INFO]: [bootstrap] Running Java 21 (OpenJDK 64-Bit Server VM 21.0.12.1+1-LTS; Eclipse Adoptium Temurin-21.0.12.1+1) on Windows 11 10.0 (amd64)
[15:32:55 INFO]: [bootstrap] Loading Paper 1.21-130-master@b1b5d4c (2024-08-10T10:02:42Z) for Minecraft 1.21
[15:32:56 WARN]: [oshi.driver.windows.perfmon.PerfmonDisabled] Invalid registry value type detected for PerfOS counters. Should be REG_DWORD. Ignoring: HKEY_LOCAL_MACHINE\SYSTEM\CurrentControlSet\Services\PerfOS\Performance\Disable Performance Counters.
[15:32:56 INFO]: [PluginInitializerManager] Initializing plugins...
[15:32:57 INFO]: [ReobfServer] Remapping server...
[15:33:00 INFO]: [ReobfServer] Done remapping server in 3501ms.
[15:33:00 INFO]: [PluginRemapper] Remapping plugin 'plugins\piri-juggler-paper-1.0.0.jar'...
[15:33:00 INFO]: [PluginRemapper] Remapping plugin 'plugins\piri-runtime-test-paper-1.0.0.jar'...
[15:33:01 INFO]: [PluginRemapper] Done remapping plugin 'plugins\piri-runtime-test-paper-1.0.0.jar' in 107ms.
[15:33:02 INFO]: [PluginRemapper] Done remapping plugin 'plugins\piri-juggler-paper-1.0.0.jar' in 1480ms.
[15:33:02 INFO]: [PluginInitializerManager] Initialized 2 plugins
[15:33:02 INFO]: [PluginInitializerManager] Bukkit plugins (2):
 - PiriJuggler (1.0.0), PiriRuntimeAcceptance (1.0.0)
[15:33:05 INFO]: Environment: Environment[sessionHost=https://sessionserver.mojang.com, servicesHost=https://api.minecraftservices.com, name=PROD]
[15:33:05 INFO]: Found new data pack file/bukkit, loading it automatically
[15:33:05 INFO]: Found new data pack paper, loading it automatically
[15:33:06 INFO]: No existing world data, creating new world
[15:33:07 INFO]: Loaded 1290 recipes
[15:33:07 INFO]: Loaded 1399 advancements
[15:33:07 INFO]: Starting minecraft server version 1.21
[15:33:07 INFO]: Loading properties
[15:33:07 INFO]: This server is running Paper version 1.21-130-master@b1b5d4c (2024-08-10T10:02:42Z) (Implementing API version 1.21-R0.1-SNAPSHOT)
[15:33:07 INFO]: [spark] This server bundles the spark profiler. For more information please visit https://docs.papermc.io/paper/profiling
[15:33:07 INFO]: Server Ping Player Sample Count: 12
[15:33:07 INFO]: Using 4 threads for Netty based IO
[15:33:08 INFO]: [ChunkTaskScheduler] Chunk system is using 1 I/O threads, 4 worker threads, and population gen parallelism of 4 threads
[15:33:08 INFO]: Default game type: SURVIVAL
[15:33:08 INFO]: Generating keypair
[15:33:08 INFO]: Starting Minecraft server on 127.0.0.1:25585
[15:33:08 INFO]: Using default channel type
[15:33:08 INFO]: Paper: Using Java compression from Velocity.
[15:33:08 INFO]: Paper: Using Java cipher from Velocity.
[15:33:08 INFO]: [PiriJuggler] Loading server plugin PiriJuggler v1.0.0
[15:33:08 INFO]: [PiriRuntimeAcceptance] Loading server plugin PiriRuntimeAcceptance v1.0.0
[15:33:08 WARN]: **** SERVER IS RUNNING IN OFFLINE/INSECURE MODE!
[15:33:08 WARN]: The server will make no attempt to authenticate usernames. Beware.
[15:33:08 WARN]: While this makes the game possible to play without internet access, it also opens up the ability for hackers to connect with any username they choose.
[15:33:08 WARN]: To change this, set "online-mode" to "true" in the server.properties file.
[15:33:08 INFO]: Preparing level "world"
[15:33:11 INFO]: Preparing start region for dimension minecraft:overworld
[15:33:12 INFO]: Time elapsed: 1598 ms
[15:33:12 INFO]: Preparing start region for dimension minecraft:the_nether
[15:33:13 INFO]: Time elapsed: 461 ms
[15:33:13 INFO]: Preparing start region for dimension minecraft:the_end
[15:33:13 INFO]: Time elapsed: 126 ms
[15:33:13 INFO]: [PiriJuggler] Enabling PiriJuggler v1.0.0
[15:33:13 INFO]: [PiriJuggler] PIRI_REELS_READY Report[counts={PIERO=20, PREMIUM_B=782, CHERRY=1514, BIG_ENTRY=10, MISS=5250, REPLAY=525, BELL=50, GRAPE=750, REG_ENTRY=10}, allSequences=500094, premiumFSecondChecks=7938, premiumFSequences=166698]
[15:33:13 INFO]: [PiriJuggler] Protocol 1; configuration valid
[15:33:13 INFO]: [PiriRuntimeAcceptance] Enabling PiriRuntimeAcceptance v1.0.0
[15:33:13 INFO]: [PiriRuntimeAcceptance] PIRI_RUNTIME_OBSERVER_READY 1.21-130-b1b5d4c (MC: 1.21)
[15:33:13 INFO]: [spark] Starting background profiler...
[15:33:13 INFO]: [spark] The async-profiler engine is not supported for your os/arch (windows11/amd64), so the built-in Java engine will be used instead.
[15:33:13 INFO]: Done preparing level "world" (5.217s)
[15:33:13 INFO]: Running delayed init tasks
[15:33:13 INFO]: [PiriJuggler] PIRI_DATABASE_READY schema=4 period=81218ced-04b1-4867-a9ed-d40a57de5b3b machines=0
[15:33:13 INFO]: Done (18.513s)! For help, type "help"
[15:33:13 INFO]: *************************************************************************************
[15:33:13 INFO]: This is the first time you're starting this server.
[15:33:13 INFO]: It's recommended you read our 'Getting Started' documentation for guidance.
[15:33:13 INFO]: View this and more helpful information here: https://docs.papermc.io/paper/next-steps
[15:33:13 INFO]: *************************************************************************************
[15:33:13 INFO]: Timings Reset
[15:33:52 INFO]: UUID of player PiriRuntimeTest is 2b9a0e28-4a8f-3fe1-a65b-c41ad05e8077
[15:33:53 INFO]: [93mPiriRuntimeTest joined the game[0m
[15:33:53 INFO]: PiriRuntimeTest[/127.0.0.1:64573] logged in with entity id 74 at ([world]47.5, 67.0, 191.5)
[15:33:53 INFO]: [PiriRuntimeAcceptance] PIRI_RUNTIME_SERVER {"timestamp":"2026-09-13T06:33:53.558005500Z","serverVersion":"1.21-130-b1b5d4c (MC: 1.21)","minecraftVersion":"1.21","player":"PiriRuntimeTest","remoteAddress":"127.0.0.1","envelopeProtocol":1,"hello":{"protocol":1,"modVersion":"1.0.0"},"productionPluginEnabled":true,"gameplayAllowed":true,"passed":true}
[15:33:58 INFO]: PiriRuntimeTest lost connection: Disconnected
[15:33:58 INFO]: [93mPiriRuntimeTest left the game[0m
[15:33:59 INFO]: Stopping the server
[15:33:59 INFO]: Stopping server
[15:33:59 INFO]: [PiriRuntimeAcceptance] Disabling PiriRuntimeAcceptance v1.0.0
[15:33:59 INFO]: [PiriJuggler] Disabling PiriJuggler v1.0.0
[15:33:59 INFO]: Saving players
[15:33:59 INFO]: Saving worlds
[15:33:59 INFO]: Saving chunks for level 'ServerLevel[world]'/minecraft:overworld
[15:33:59 INFO]: [ChunkHolderManager] Waiting 60s for chunk system to halt for world 'world'
[15:33:59 INFO]: [ChunkHolderManager] Halted chunk system for world 'world'
[15:33:59 INFO]: [ChunkHolderManager] Saving all chunkholders for world 'world'
[15:34:00 INFO]: [ChunkHolderManager] Saved 1089 block chunks, 121 entity chunks, 0 poi chunks in world 'world' in 0.56s
[15:34:00 INFO]: Saving chunks for level 'ServerLevel[world_nether]'/minecraft:the_nether
[15:34:00 INFO]: [ChunkHolderManager] Waiting 60s for chunk system to halt for world 'world_nether'
[15:34:00 INFO]: [ChunkHolderManager] Halted chunk system for world 'world_nether'
[15:34:00 INFO]: [ChunkHolderManager] Saving all chunkholders for world 'world_nether'
[15:34:00 INFO]: [ChunkHolderManager] Saved 841 block chunks, 49 entity chunks, 0 poi chunks in world 'world_nether' in 0.23s
[15:34:00 INFO]: Saving chunks for level 'ServerLevel[world_the_end]'/minecraft:the_end
[15:34:00 INFO]: [ChunkHolderManager] Waiting 60s for chunk system to halt for world 'world_the_end'
[15:34:00 INFO]: [ChunkHolderManager] Halted chunk system for world 'world_the_end'
[15:34:00 INFO]: [ChunkHolderManager] Saving all chunkholders for world 'world_the_end'
[15:34:00 INFO]: [ChunkHolderManager] Saved 841 block chunks, 49 entity chunks, 0 poi chunks in world 'world_the_end' in 0.15s
[15:34:00 INFO]: ThreadedAnvilChunkStorage (world): All chunks are saved
[15:34:00 INFO]: ThreadedAnvilChunkStorage (DIM-1): All chunks are saved
[15:34:00 INFO]: ThreadedAnvilChunkStorage (DIM1): All chunks are saved
[15:34:00 INFO]: ThreadedAnvilChunkStorage: All dimensions are saved

===== mismatch =====
Downloading mojang_1.21.jar
Applying patches
Starting org.bukkit.craftbukkit.Main
*** Warning, you've not updated in a while! ***
*** Please download a new build as per instructions from https://papermc.io/downloads/paper ***
WARN StatusConsoleListener Advanced terminal features are not available in this environment
[15:34:04 INFO]: [bootstrap] Running Java 21 (OpenJDK 64-Bit Server VM 21.0.12.1+1-LTS; Eclipse Adoptium Temurin-21.0.12.1+1) on Windows 11 10.0 (amd64)
[15:34:04 INFO]: [bootstrap] Loading Paper 1.21-130-master@b1b5d4c (2024-08-10T10:02:42Z) for Minecraft 1.21
[15:34:04 WARN]: [oshi.driver.windows.perfmon.PerfmonDisabled] Invalid registry value type detected for PerfOS counters. Should be REG_DWORD. Ignoring: HKEY_LOCAL_MACHINE\SYSTEM\CurrentControlSet\Services\PerfOS\Performance\Disable Performance Counters.
[15:34:05 INFO]: [PluginInitializerManager] Initializing plugins...
[15:34:05 INFO]: [ReobfServer] Remapping server...
[15:34:09 INFO]: [ReobfServer] Done remapping server in 3290ms.
[15:34:09 INFO]: [PluginRemapper] Remapping plugin 'plugins\piri-runtime-test-paper-1.0.0.jar'...
[15:34:09 INFO]: [PluginRemapper] Remapping plugin 'plugins\piri-juggler-paper-1.0.0.jar'...
[15:34:09 INFO]: [PluginRemapper] Done remapping plugin 'plugins\piri-runtime-test-paper-1.0.0.jar' in 89ms.
[15:34:10 INFO]: [PluginRemapper] Done remapping plugin 'plugins\piri-juggler-paper-1.0.0.jar' in 1421ms.
[15:34:10 INFO]: [PluginInitializerManager] Initialized 2 plugins
[15:34:10 INFO]: [PluginInitializerManager] Bukkit plugins (2):
 - PiriJuggler (1.0.0), PiriRuntimeAcceptance (1.0.0)
[15:34:13 INFO]: Environment: Environment[sessionHost=https://sessionserver.mojang.com, servicesHost=https://api.minecraftservices.com, name=PROD]
[15:34:13 INFO]: Found new data pack file/bukkit, loading it automatically
[15:34:13 INFO]: Found new data pack paper, loading it automatically
[15:34:14 INFO]: No existing world data, creating new world
[15:34:14 INFO]: Loaded 1290 recipes
[15:34:15 INFO]: Loaded 1399 advancements
[15:34:15 INFO]: Starting minecraft server version 1.21
[15:34:15 INFO]: Loading properties
[15:34:15 INFO]: This server is running Paper version 1.21-130-master@b1b5d4c (2024-08-10T10:02:42Z) (Implementing API version 1.21-R0.1-SNAPSHOT)
[15:34:15 INFO]: [spark] This server bundles the spark profiler. For more information please visit https://docs.papermc.io/paper/profiling
[15:34:15 INFO]: Server Ping Player Sample Count: 12
[15:34:15 INFO]: Using 4 threads for Netty based IO
[15:34:16 INFO]: [ChunkTaskScheduler] Chunk system is using 1 I/O threads, 4 worker threads, and population gen parallelism of 4 threads
[15:34:16 INFO]: Default game type: SURVIVAL
[15:34:16 INFO]: Generating keypair
[15:34:16 INFO]: Starting Minecraft server on 127.0.0.1:25585
[15:34:16 INFO]: Using default channel type
[15:34:16 INFO]: Paper: Using Java compression from Velocity.
[15:34:16 INFO]: Paper: Using Java cipher from Velocity.
[15:34:16 INFO]: [PiriJuggler] Loading server plugin PiriJuggler v1.0.0
[15:34:16 INFO]: [PiriRuntimeAcceptance] Loading server plugin PiriRuntimeAcceptance v1.0.0
[15:34:16 WARN]: **** SERVER IS RUNNING IN OFFLINE/INSECURE MODE!
[15:34:16 WARN]: The server will make no attempt to authenticate usernames. Beware.
[15:34:16 WARN]: While this makes the game possible to play without internet access, it also opens up the ability for hackers to connect with any username they choose.
[15:34:16 WARN]: To change this, set "online-mode" to "true" in the server.properties file.
[15:34:16 INFO]: Preparing level "world"
[15:34:19 INFO]: Preparing start region for dimension minecraft:overworld
[15:34:20 INFO]: Time elapsed: 1577 ms
[15:34:20 INFO]: Preparing start region for dimension minecraft:the_nether
[15:34:21 INFO]: Time elapsed: 635 ms
[15:34:21 INFO]: Preparing start region for dimension minecraft:the_end
[15:34:21 INFO]: Time elapsed: 105 ms
[15:34:21 INFO]: [PiriJuggler] Enabling PiriJuggler v1.0.0
[15:34:21 INFO]: [PiriJuggler] PIRI_REELS_READY Report[counts={GRAPE=750, PIERO=20, REPLAY=525, CHERRY=1514, REG_ENTRY=10, BIG_ENTRY=10, PREMIUM_B=782, BELL=50, MISS=5250}, allSequences=500094, premiumFSecondChecks=7938, premiumFSequences=166698]
[15:34:21 INFO]: [PiriJuggler] Protocol 1; configuration valid
[15:34:21 INFO]: [PiriRuntimeAcceptance] Enabling PiriRuntimeAcceptance v1.0.0
[15:34:21 INFO]: [PiriRuntimeAcceptance] PIRI_RUNTIME_OBSERVER_READY 1.21-130-b1b5d4c (MC: 1.21)
[15:34:21 INFO]: [spark] Starting background profiler...
[15:34:21 INFO]: [spark] The async-profiler engine is not supported for your os/arch (windows11/amd64), so the built-in Java engine will be used instead.
[15:34:21 INFO]: Done preparing level "world" (5.557s)
[15:34:21 INFO]: Running delayed init tasks
[15:34:21 INFO]: Done (18.113s)! For help, type "help"
[15:34:21 INFO]: *************************************************************************************
[15:34:21 INFO]: This is the first time you're starting this server.
[15:34:21 INFO]: It's recommended you read our 'Getting Started' documentation for guidance.
[15:34:21 INFO]: View this and more helpful information here: https://docs.papermc.io/paper/next-steps
[15:34:21 INFO]: *************************************************************************************
[15:34:21 INFO]: Timings Reset
[15:34:22 INFO]: [PiriJuggler] PIRI_DATABASE_READY schema=4 period=0e7bd12d-daf2-4445-bf47-29a96b80f4a9 machines=0
[15:35:01 INFO]: UUID of player PiriRuntimeTest is 2b9a0e28-4a8f-3fe1-a65b-c41ad05e8077
[15:35:01 INFO]: [93mPiriRuntimeTest joined the game[0m
[15:35:01 INFO]: PiriRuntimeTest[/127.0.0.1:61039] logged in with entity id 31 at ([world]48.5, 70.0, 42.5)
[15:35:02 INFO]: [PiriRuntimeAcceptance] PIRI_RUNTIME_SERVER {"timestamp":"2026-09-13T06:35:02.209292300Z","serverVersion":"1.21-130-b1b5d4c (MC: 1.21)","minecraftVersion":"1.21","player":"PiriRuntimeTest","remoteAddress":"127.0.0.1","envelopeProtocol":2,"hello":{"protocol":2,"modVersion":"1.0.0"},"productionPluginEnabled":true,"gameplayAllowed":false,"passed":true}
[15:35:07 INFO]: PiriRuntimeTest lost connection: Disconnected
[15:35:07 INFO]: [93mPiriRuntimeTest left the game[0m
[15:35:08 INFO]: Stopping the server
[15:35:08 INFO]: Stopping server
[15:35:08 INFO]: [PiriRuntimeAcceptance] Disabling PiriRuntimeAcceptance v1.0.0
[15:35:08 INFO]: [PiriJuggler] Disabling PiriJuggler v1.0.0
[15:35:08 INFO]: Saving players
[15:35:08 INFO]: Saving worlds
[15:35:08 INFO]: Saving chunks for level 'ServerLevel[world]'/minecraft:overworld
[15:35:08 INFO]: [ChunkHolderManager] Waiting 60s for chunk system to halt for world 'world'
[15:35:08 INFO]: [ChunkHolderManager] Halted chunk system for world 'world'
[15:35:08 INFO]: [ChunkHolderManager] Saving all chunkholders for world 'world'
[15:35:09 INFO]: [ChunkHolderManager] Saved 1089 block chunks, 121 entity chunks, 0 poi chunks in world 'world' in 0.76s
[15:35:09 INFO]: Saving chunks for level 'ServerLevel[world_nether]'/minecraft:the_nether
[15:35:09 INFO]: [ChunkHolderManager] Waiting 60s for chunk system to halt for world 'world_nether'
[15:35:09 INFO]: [ChunkHolderManager] Halted chunk system for world 'world_nether'
[15:35:09 INFO]: [ChunkHolderManager] Saving all chunkholders for world 'world_nether'
[15:35:09 INFO]: [ChunkHolderManager] Saved 841 block chunks, 49 entity chunks, 0 poi chunks in world 'world_nether' in 0.22s
[15:35:09 INFO]: Saving chunks for level 'ServerLevel[world_the_end]'/minecraft:the_end
[15:35:09 INFO]: [ChunkHolderManager] Waiting 60s for chunk system to halt for world 'world_the_end'
[15:35:09 INFO]: [ChunkHolderManager] Halted chunk system for world 'world_the_end'
[15:35:09 INFO]: [ChunkHolderManager] Saving all chunkholders for world 'world_the_end'
[15:35:10 INFO]: [ChunkHolderManager] Saved 841 block chunks, 49 entity chunks, 0 poi chunks in world 'world_the_end' in 0.19s
[15:35:10 INFO]: ThreadedAnvilChunkStorage (world): All chunks are saved
[15:35:10 INFO]: ThreadedAnvilChunkStorage (DIM-1): All chunks are saved
[15:35:10 INFO]: ThreadedAnvilChunkStorage (DIM1): All chunks are saved
[15:35:10 INFO]: ThreadedAnvilChunkStorage: All dimensions are saved
