Starting org.bukkit.craftbukkit.Main
*** Warning, you've not updated in a while! ***
*** Please download a new build as per instructions from https://papermc.io/downloads/paper ***
WARN StatusConsoleListener Advanced terminal features are not available in this environment
[13:39:32 INFO]: [bootstrap] Running Java 21 (OpenJDK 64-Bit Server VM 21.0.12.1+1-LTS; Eclipse Adoptium Temurin-21.0.12.1+1) on Windows 11 10.0 (amd64)
[13:39:32 INFO]: [bootstrap] Loading Paper 1.21-130-master@b1b5d4c (2024-08-10T10:02:42Z) for Minecraft 1.21
[13:39:32 WARN]: [oshi.driver.windows.perfmon.PerfmonDisabled] Invalid registry value type detected for PerfOS counters. Should be REG_DWORD. Ignoring: HKEY_LOCAL_MACHINE\SYSTEM\CurrentControlSet\Services\PerfOS\Performance\Disable Performance Counters.
[13:39:33 INFO]: [PluginInitializerManager] Initializing plugins...
[13:39:34 INFO]: [PluginInitializerManager] Initialized 2 plugins
[13:39:34 INFO]: [PluginInitializerManager] Bukkit plugins (2):
 - PiriJuggler (1.0.0), PiriRuntimeAcceptance (1.0.0)
[13:39:37 INFO]: Environment: Environment[sessionHost=https://sessionserver.mojang.com, servicesHost=https://api.minecraftservices.com, name=PROD]
[13:39:39 INFO]: Loaded 1290 recipes
[13:39:39 INFO]: Loaded 1399 advancements
[13:39:39 INFO]: Starting minecraft server version 1.21
[13:39:39 INFO]: Loading properties
[13:39:39 INFO]: This server is running Paper version 1.21-130-master@b1b5d4c (2024-08-10T10:02:42Z) (Implementing API version 1.21-R0.1-SNAPSHOT)
[13:39:40 INFO]: [spark] This server bundles the spark profiler. For more information please visit https://docs.papermc.io/paper/profiling
[13:39:40 INFO]: Server Ping Player Sample Count: 12
[13:39:40 INFO]: Using 4 threads for Netty based IO
[13:39:40 INFO]: [ChunkTaskScheduler] Chunk system is using 1 I/O threads, 4 worker threads, and population gen parallelism of 4 threads
[13:39:41 INFO]: Default game type: SURVIVAL
[13:39:41 INFO]: Generating keypair
[13:39:41 INFO]: Starting Minecraft server on 127.0.0.1:25585
[13:39:41 INFO]: Using default channel type
[13:39:41 INFO]: Paper: Using Java compression from Velocity.
[13:39:41 INFO]: Paper: Using Java cipher from Velocity.
[13:39:41 INFO]: [PiriJuggler] Loading server plugin PiriJuggler v1.0.0
[13:39:41 INFO]: [PiriRuntimeAcceptance] Loading server plugin PiriRuntimeAcceptance v1.0.0
[13:39:41 INFO]: Server permissions file permissions.yml is empty, ignoring it
[13:39:41 WARN]: **** SERVER IS RUNNING IN OFFLINE/INSECURE MODE!
[13:39:41 WARN]: The server will make no attempt to authenticate usernames. Beware.
[13:39:41 WARN]: While this makes the game possible to play without internet access, it also opens up the ability for hackers to connect with any username they choose.
[13:39:41 WARN]: To change this, set "online-mode" to "true" in the server.properties file.
[13:39:41 INFO]: Preparing level "world"
[13:39:41 INFO]: Preparing start region for dimension minecraft:overworld
[13:39:42 INFO]: Time elapsed: 556 ms
[13:39:42 INFO]: Preparing start region for dimension minecraft:the_nether
[13:39:42 INFO]: Time elapsed: 89 ms
[13:39:42 INFO]: Preparing start region for dimension minecraft:the_end
[13:39:42 INFO]: Time elapsed: 82 ms
[13:39:42 INFO]: [PiriJuggler] Enabling PiriJuggler v1.0.0
[13:39:42 INFO]: [PiriJuggler] Protocol 1; configuration valid
[13:39:42 INFO]: [PiriRuntimeAcceptance] Enabling PiriRuntimeAcceptance v1.0.0
[13:39:42 INFO]: [PiriRuntimeAcceptance] PIRI_RUNTIME_OBSERVER_READY 1.21-130-b1b5d4c (MC: 1.21)
[13:39:42 INFO]: [spark] Starting background profiler...
[13:39:42 INFO]: [spark] The async-profiler engine is not supported for your os/arch (windows11/amd64), so the built-in Java engine will be used instead.
[13:39:42 INFO]: Done preparing level "world" (1.173s)
[13:39:42 INFO]: Running delayed init tasks
[13:39:42 INFO]: Done (10.364s)! For help, type "help"
[13:39:42 INFO]: Timings Reset
[13:40:02 INFO]: UUID of player PiriRuntimeTest is 2b9a0e28-4a8f-3fe1-a65b-c41ad05e8077
[13:40:03 INFO]: [93mPiriRuntimeTest joined the game[0m
[13:40:03 INFO]: PiriRuntimeTest[/127.0.0.1:62677] logged in with entity id 34 at ([world]3.5, -60.0, -3.5)
[13:40:04 INFO]: [PiriRuntimeAcceptance] PIRI_RUNTIME_SERVER {"timestamp":"2026-09-12T04:40:04.127609900Z","serverVersion":"1.21-130-b1b5d4c (MC: 1.21)","minecraftVersion":"1.21","player":"PiriRuntimeTest","remoteAddress":"127.0.0.1","envelopeProtocol":1,"hello":{"protocol":1,"modVersion":"1.0.0"},"productionPluginEnabled":true,"gameplayAllowed":true,"passed":true}
[13:40:09 INFO]: PiriRuntimeTest lost connection: Disconnected
[13:40:09 INFO]: [93mPiriRuntimeTest left the game[0m
[13:40:10 INFO]: Stopping the server
[13:40:10 INFO]: Stopping server
[13:40:10 INFO]: [PiriRuntimeAcceptance] Disabling PiriRuntimeAcceptance v1.0.0
[13:40:10 INFO]: [PiriJuggler] Disabling PiriJuggler v1.0.0
[13:40:10 INFO]: Saving players
[13:40:10 INFO]: Saving worlds
[13:40:10 INFO]: Saving chunks for level 'ServerLevel[world]'/minecraft:overworld
[13:40:10 INFO]: [ChunkHolderManager] Waiting 60s for chunk system to halt for world 'world'
[13:40:10 INFO]: [ChunkHolderManager] Halted chunk system for world 'world'
[13:40:10 INFO]: [ChunkHolderManager] Saving all chunkholders for world 'world'
[13:40:11 INFO]: [ChunkHolderManager] Saved 121 block chunks, 121 entity chunks, 0 poi chunks in world 'world' in 0.14s
[13:40:11 INFO]: Saving chunks for level 'ServerLevel[world_nether]'/minecraft:the_nether
[13:40:11 INFO]: [ChunkHolderManager] Waiting 60s for chunk system to halt for world 'world_nether'
[13:40:11 INFO]: [ChunkHolderManager] Halted chunk system for world 'world_nether'
[13:40:11 INFO]: [ChunkHolderManager] Saving all chunkholders for world 'world_nether'
[13:40:11 INFO]: [ChunkHolderManager] Saved 49 block chunks, 49 entity chunks, 0 poi chunks in world 'world_nether' in 0.07s
[13:40:11 INFO]: Saving chunks for level 'ServerLevel[world_the_end]'/minecraft:the_end
[13:40:11 INFO]: [ChunkHolderManager] Waiting 60s for chunk system to halt for world 'world_the_end'
[13:40:11 INFO]: [ChunkHolderManager] Halted chunk system for world 'world_the_end'
[13:40:11 INFO]: [ChunkHolderManager] Saving all chunkholders for world 'world_the_end'
[13:40:11 INFO]: [ChunkHolderManager] Saved 49 block chunks, 49 entity chunks, 0 poi chunks in world 'world_the_end' in 0.05s
[13:40:11 INFO]: ThreadedAnvilChunkStorage (world): All chunks are saved
[13:40:11 INFO]: ThreadedAnvilChunkStorage (DIM-1): All chunks are saved
[13:40:11 INFO]: ThreadedAnvilChunkStorage (DIM1): All chunks are saved
[13:40:11 INFO]: ThreadedAnvilChunkStorage: All dimensions are saved
