===== normal =====
Starting org.bukkit.craftbukkit.Main
*** Warning, you've not updated in a while! ***
*** Please download a new build as per instructions from https://papermc.io/downloads/paper ***
WARN StatusConsoleListener Advanced terminal features are not available in this environment
[10:12:12 INFO]: [bootstrap] Running Java 21 (OpenJDK 64-Bit Server VM 21.0.12.1+1-LTS; Eclipse Adoptium Temurin-21.0.12.1+1) on Windows 11 10.0 (amd64)
[10:12:12 INFO]: [bootstrap] Loading Paper 1.21-130-master@b1b5d4c (2024-08-10T10:02:42Z) for Minecraft 1.21
[10:12:12 WARN]: [oshi.driver.windows.perfmon.PerfmonDisabled] Invalid registry value type detected for PerfOS counters. Should be REG_DWORD. Ignoring: HKEY_LOCAL_MACHINE\SYSTEM\CurrentControlSet\Services\PerfOS\Performance\Disable Performance Counters.
[10:12:13 INFO]: [PluginInitializerManager] Initializing plugins...
[10:12:13 INFO]: [PluginRemapper] Remapping plugin 'plugins\piri-juggler-paper-1.0.0.jar'...
[10:12:13 INFO]: [PluginRemapper] Remapping plugin 'plugins\piri-runtime-test-paper-1.0.0.jar'...
[10:12:13 INFO]: [PluginRemapper] Done remapping plugin 'plugins\piri-runtime-test-paper-1.0.0.jar' in 299ms.
[10:12:14 INFO]: [PluginRemapper] Done remapping plugin 'plugins\piri-juggler-paper-1.0.0.jar' in 1495ms.
[10:12:14 INFO]: [PluginInitializerManager] Initialized 2 plugins
[10:12:14 INFO]: [PluginInitializerManager] Bukkit plugins (2):
 - PiriJuggler (1.0.0), PiriRuntimeAcceptance (1.0.0)
[10:12:18 INFO]: Environment: Environment[sessionHost=https://sessionserver.mojang.com, servicesHost=https://api.minecraftservices.com, name=PROD]
[10:12:19 INFO]: Loaded 1290 recipes
[10:12:20 INFO]: Loaded 1399 advancements
[10:12:20 INFO]: Starting minecraft server version 1.21
[10:12:20 INFO]: Loading properties
[10:12:20 INFO]: This server is running Paper version 1.21-130-master@b1b5d4c (2024-08-10T10:02:42Z) (Implementing API version 1.21-R0.1-SNAPSHOT)
[10:12:20 INFO]: [spark] This server bundles the spark profiler. For more information please visit https://docs.papermc.io/paper/profiling
[10:12:20 INFO]: Server Ping Player Sample Count: 12
[10:12:20 INFO]: Using 4 threads for Netty based IO
[10:12:21 INFO]: [ChunkTaskScheduler] Chunk system is using 1 I/O threads, 4 worker threads, and population gen parallelism of 4 threads
[10:12:21 INFO]: Default game type: SURVIVAL
[10:12:21 INFO]: Generating keypair
[10:12:21 INFO]: Starting Minecraft server on 127.0.0.1:25585
[10:12:21 INFO]: Using default channel type
[10:12:21 INFO]: Paper: Using Java compression from Velocity.
[10:12:21 INFO]: Paper: Using Java cipher from Velocity.
[10:12:21 INFO]: [PiriJuggler] Loading server plugin PiriJuggler v1.0.0
[10:12:21 INFO]: [PiriRuntimeAcceptance] Loading server plugin PiriRuntimeAcceptance v1.0.0
[10:12:21 INFO]: Server permissions file permissions.yml is empty, ignoring it
[10:12:21 WARN]: **** SERVER IS RUNNING IN OFFLINE/INSECURE MODE!
[10:12:21 WARN]: The server will make no attempt to authenticate usernames. Beware.
[10:12:21 WARN]: While this makes the game possible to play without internet access, it also opens up the ability for hackers to connect with any username they choose.
[10:12:21 WARN]: To change this, set "online-mode" to "true" in the server.properties file.
[10:12:21 INFO]: Preparing level "world"
[10:12:22 INFO]: Preparing start region for dimension minecraft:overworld
[10:12:23 INFO]: Time elapsed: 799 ms
[10:12:23 INFO]: Preparing start region for dimension minecraft:the_nether
[10:12:23 INFO]: Time elapsed: 64 ms
[10:12:23 INFO]: Preparing start region for dimension minecraft:the_end
[10:12:23 INFO]: Time elapsed: 76 ms
[10:12:23 INFO]: [PiriJuggler] Enabling PiriJuggler v1.0.0
[10:12:23 INFO]: [PiriJuggler] PIRI_REELS_READY Report[counts={BONUS=5250, BIG_ENTRY=10, PREMIUM_B=774, MISS=5242, REG_ENTRY=10, CHERRY=1510, GRAPE=750, BELL=50, PIERO=20, REPLAY=525}, allSequences=555660, premiumFSecondChecks=7938, premiumFSequences=166698]
[10:12:23 INFO]: [PiriJuggler] Protocol 1; configuration valid
[10:12:23 INFO]: [PiriRuntimeAcceptance] Enabling PiriRuntimeAcceptance v1.0.0
[10:12:23 INFO]: [PiriRuntimeAcceptance] PIRI_RUNTIME_OBSERVER_READY 1.21-130-b1b5d4c (MC: 1.21)
[10:12:23 INFO]: [spark] Starting background profiler...
[10:12:23 INFO]: [spark] The async-profiler engine is not supported for your os/arch (windows11/amd64), so the built-in Java engine will be used instead.
[10:12:23 INFO]: Done preparing level "world" (2.178s)
[10:12:23 INFO]: Running delayed init tasks
[10:12:23 INFO]: [PiriJuggler] PIRI_DATABASE_READY schema=4 period=3111e1bb-71e4-491c-ba72-7f8479ab9198 machines=0
[10:12:23 INFO]: Done (12.021s)! For help, type "help"
[10:12:23 INFO]: Timings Reset
[10:13:01 INFO]: UUID of player PiriRuntimeTest is 2b9a0e28-4a8f-3fe1-a65b-c41ad05e8077
[10:13:02 INFO]: [93mPiriRuntimeTest joined the game[0m
[10:13:03 INFO]: PiriRuntimeTest[/127.0.0.1:61568] logged in with entity id 95 at ([world]-8.5, 77.0, -0.5)
[10:13:03 INFO]: [PiriRuntimeAcceptance] PIRI_RUNTIME_SERVER {"timestamp":"2026-09-14T01:13:03.712271100Z","serverVersion":"1.21-130-b1b5d4c (MC: 1.21)","minecraftVersion":"1.21","player":"PiriRuntimeTest","remoteAddress":"127.0.0.1","envelopeProtocol":1,"hello":{"protocol":1,"modVersion":"1.0.0"},"productionPluginEnabled":true,"gameplayAllowed":true,"passed":true}
[10:13:09 INFO]: PiriRuntimeTest lost connection: Disconnected
[10:13:09 INFO]: [93mPiriRuntimeTest left the game[0m
[10:13:10 INFO]: Stopping the server
[10:13:10 INFO]: Stopping server
[10:13:10 INFO]: [PiriRuntimeAcceptance] Disabling PiriRuntimeAcceptance v1.0.0
[10:13:10 INFO]: [PiriJuggler] Disabling PiriJuggler v1.0.0
[10:13:10 INFO]: Saving players
[10:13:10 INFO]: Saving worlds
[10:13:10 INFO]: Saving chunks for level 'ServerLevel[world]'/minecraft:overworld
[10:13:10 INFO]: [ChunkHolderManager] Waiting 60s for chunk system to halt for world 'world'
[10:13:10 INFO]: [ChunkHolderManager] Halted chunk system for world 'world'
[10:13:10 INFO]: [ChunkHolderManager] Saving all chunkholders for world 'world'
[10:13:11 INFO]: [ChunkHolderManager] Saved 121 block chunks, 121 entity chunks, 0 poi chunks in world 'world' in 0.46s
[10:13:11 INFO]: Saving chunks for level 'ServerLevel[world_nether]'/minecraft:the_nether
[10:13:11 INFO]: [ChunkHolderManager] Waiting 60s for chunk system to halt for world 'world_nether'
[10:13:11 INFO]: [ChunkHolderManager] Halted chunk system for world 'world_nether'
[10:13:11 INFO]: [ChunkHolderManager] Saving all chunkholders for world 'world_nether'
[10:13:11 INFO]: [ChunkHolderManager] Saved 49 block chunks, 49 entity chunks, 0 poi chunks in world 'world_nether' in 0.07s
[10:13:11 INFO]: Saving chunks for level 'ServerLevel[world_the_end]'/minecraft:the_end
[10:13:11 INFO]: [ChunkHolderManager] Waiting 60s for chunk system to halt for world 'world_the_end'
[10:13:11 INFO]: [ChunkHolderManager] Halted chunk system for world 'world_the_end'
[10:13:11 INFO]: [ChunkHolderManager] Saving all chunkholders for world 'world_the_end'
[10:13:11 INFO]: [ChunkHolderManager] Saved 49 block chunks, 49 entity chunks, 0 poi chunks in world 'world_the_end' in 0.06s
[10:13:11 INFO]: ThreadedAnvilChunkStorage (world): All chunks are saved
[10:13:11 INFO]: ThreadedAnvilChunkStorage (DIM-1): All chunks are saved
[10:13:11 INFO]: ThreadedAnvilChunkStorage (DIM1): All chunks are saved
[10:13:11 INFO]: ThreadedAnvilChunkStorage: All dimensions are saved

===== mismatch =====
Starting org.bukkit.craftbukkit.Main
*** Warning, you've not updated in a while! ***
*** Please download a new build as per instructions from https://papermc.io/downloads/paper ***
WARN StatusConsoleListener Advanced terminal features are not available in this environment
[10:13:13 INFO]: [bootstrap] Running Java 21 (OpenJDK 64-Bit Server VM 21.0.12.1+1-LTS; Eclipse Adoptium Temurin-21.0.12.1+1) on Windows 11 10.0 (amd64)
[10:13:13 INFO]: [bootstrap] Loading Paper 1.21-130-master@b1b5d4c (2024-08-10T10:02:42Z) for Minecraft 1.21
[10:13:13 WARN]: [oshi.driver.windows.perfmon.PerfmonDisabled] Invalid registry value type detected for PerfOS counters. Should be REG_DWORD. Ignoring: HKEY_LOCAL_MACHINE\SYSTEM\CurrentControlSet\Services\PerfOS\Performance\Disable Performance Counters.
[10:13:13 INFO]: [PluginInitializerManager] Initializing plugins...
[10:13:14 INFO]: [PluginRemapper] Remapping plugin 'plugins\piri-juggler-paper-1.0.0.jar'...
[10:13:14 INFO]: [PluginRemapper] Remapping plugin 'plugins\piri-runtime-test-paper-1.0.0.jar'...
[10:13:14 INFO]: [PluginRemapper] Done remapping plugin 'plugins\piri-runtime-test-paper-1.0.0.jar' in 453ms.
[10:13:16 INFO]: [PluginRemapper] Done remapping plugin 'plugins\piri-juggler-paper-1.0.0.jar' in 1947ms.
[10:13:16 INFO]: [PluginInitializerManager] Initialized 2 plugins
[10:13:16 INFO]: [PluginInitializerManager] Bukkit plugins (2):
 - PiriJuggler (1.0.0), PiriRuntimeAcceptance (1.0.0)
[10:13:20 INFO]: Environment: Environment[sessionHost=https://sessionserver.mojang.com, servicesHost=https://api.minecraftservices.com, name=PROD]
[10:13:22 INFO]: Loaded 1290 recipes
[10:13:22 INFO]: Loaded 1399 advancements
[10:13:22 INFO]: Starting minecraft server version 1.21
[10:13:22 INFO]: Loading properties
[10:13:22 INFO]: This server is running Paper version 1.21-130-master@b1b5d4c (2024-08-10T10:02:42Z) (Implementing API version 1.21-R0.1-SNAPSHOT)
[10:13:23 INFO]: [spark] This server bundles the spark profiler. For more information please visit https://docs.papermc.io/paper/profiling
[10:13:23 INFO]: Using 4 threads for Netty based IO
[10:13:23 INFO]: Server Ping Player Sample Count: 12
[10:13:23 INFO]: [ChunkTaskScheduler] Chunk system is using 1 I/O threads, 4 worker threads, and population gen parallelism of 4 threads
[10:13:24 INFO]: Default game type: SURVIVAL
[10:13:24 INFO]: Generating keypair
[10:13:24 INFO]: Starting Minecraft server on 127.0.0.1:25585
[10:13:24 INFO]: Using default channel type
[10:13:24 INFO]: Paper: Using Java compression from Velocity.
[10:13:24 INFO]: Paper: Using Java cipher from Velocity.
[10:13:24 INFO]: [PiriJuggler] Loading server plugin PiriJuggler v1.0.0
[10:13:24 INFO]: [PiriRuntimeAcceptance] Loading server plugin PiriRuntimeAcceptance v1.0.0
[10:13:24 INFO]: Server permissions file permissions.yml is empty, ignoring it
[10:13:24 WARN]: **** SERVER IS RUNNING IN OFFLINE/INSECURE MODE!
[10:13:24 WARN]: The server will make no attempt to authenticate usernames. Beware.
[10:13:24 WARN]: While this makes the game possible to play without internet access, it also opens up the ability for hackers to connect with any username they choose.
[10:13:24 WARN]: To change this, set "online-mode" to "true" in the server.properties file.
[10:13:24 INFO]: Preparing level "world"
[10:13:24 INFO]: Preparing start region for dimension minecraft:overworld
[10:13:25 INFO]: Time elapsed: 835 ms
[10:13:25 INFO]: Preparing start region for dimension minecraft:the_nether
[10:13:25 INFO]: Time elapsed: 116 ms
[10:13:25 INFO]: Preparing start region for dimension minecraft:the_end
[10:13:26 INFO]: Time elapsed: 99 ms
[10:13:26 INFO]: [PiriJuggler] Enabling PiriJuggler v1.0.0
[10:13:26 INFO]: [PiriJuggler] PIRI_REELS_READY Report[counts={PREMIUM_B=774, MISS=5242, PIERO=20, BELL=50, GRAPE=750, BONUS=5250, REPLAY=525, REG_ENTRY=10, BIG_ENTRY=10, CHERRY=1510}, allSequences=555660, premiumFSecondChecks=7938, premiumFSequences=166698]
[10:13:26 INFO]: [PiriJuggler] Protocol 1; configuration valid
[10:13:26 INFO]: [PiriRuntimeAcceptance] Enabling PiriRuntimeAcceptance v1.0.0
[10:13:26 INFO]: [PiriRuntimeAcceptance] PIRI_RUNTIME_OBSERVER_READY 1.21-130-b1b5d4c (MC: 1.21)
[10:13:26 INFO]: [spark] Starting background profiler...
[10:13:26 INFO]: [spark] The async-profiler engine is not supported for your os/arch (windows11/amd64), so the built-in Java engine will be used instead.
[10:13:26 INFO]: Done preparing level "world" (2.432s)
[10:13:26 INFO]: Running delayed init tasks
[10:13:26 INFO]: [PiriJuggler] PIRI_DATABASE_READY schema=4 period=0d9c919c-57a2-4dde-b527-04309057c71b machines=0
[10:13:26 INFO]: Done (14.410s)! For help, type "help"
[10:13:26 INFO]: Timings Reset
[10:14:05 INFO]: UUID of player PiriRuntimeTest is 2b9a0e28-4a8f-3fe1-a65b-c41ad05e8077
[10:14:06 INFO]: [93mPiriRuntimeTest joined the game[0m
[10:14:06 INFO]: PiriRuntimeTest[/127.0.0.1:65404] logged in with entity id 36 at ([world]-2.5, 114.0, 1.5)
[10:14:07 INFO]: [PiriRuntimeAcceptance] PIRI_RUNTIME_SERVER {"timestamp":"2026-09-14T01:14:07.299053700Z","serverVersion":"1.21-130-b1b5d4c (MC: 1.21)","minecraftVersion":"1.21","player":"PiriRuntimeTest","remoteAddress":"127.0.0.1","envelopeProtocol":2,"hello":{"protocol":2,"modVersion":"1.0.0"},"productionPluginEnabled":true,"gameplayAllowed":false,"passed":true}
[10:14:12 INFO]: PiriRuntimeTest lost connection: Disconnected
[10:14:12 INFO]: [93mPiriRuntimeTest left the game[0m
[10:14:13 INFO]: Stopping the server
[10:14:13 INFO]: Stopping server
[10:14:13 INFO]: [PiriRuntimeAcceptance] Disabling PiriRuntimeAcceptance v1.0.0
[10:14:13 INFO]: [PiriJuggler] Disabling PiriJuggler v1.0.0
[10:14:13 INFO]: Saving players
[10:14:13 INFO]: Saving worlds
[10:14:13 INFO]: Saving chunks for level 'ServerLevel[world]'/minecraft:overworld
[10:14:13 INFO]: [ChunkHolderManager] Waiting 60s for chunk system to halt for world 'world'
[10:14:13 INFO]: [ChunkHolderManager] Halted chunk system for world 'world'
[10:14:13 INFO]: [ChunkHolderManager] Saving all chunkholders for world 'world'
[10:14:13 INFO]: [ChunkHolderManager] Saved 121 block chunks, 121 entity chunks, 0 poi chunks in world 'world' in 0.44s
[10:14:13 INFO]: Saving chunks for level 'ServerLevel[world_nether]'/minecraft:the_nether
[10:14:13 INFO]: [ChunkHolderManager] Waiting 60s for chunk system to halt for world 'world_nether'
[10:14:13 INFO]: [ChunkHolderManager] Halted chunk system for world 'world_nether'
[10:14:13 INFO]: [ChunkHolderManager] Saving all chunkholders for world 'world_nether'
[10:14:13 INFO]: [ChunkHolderManager] Saved 49 block chunks, 49 entity chunks, 0 poi chunks in world 'world_nether' in 0.07s
[10:14:13 INFO]: Saving chunks for level 'ServerLevel[world_the_end]'/minecraft:the_end
[10:14:13 INFO]: [ChunkHolderManager] Waiting 60s for chunk system to halt for world 'world_the_end'
[10:14:13 INFO]: [ChunkHolderManager] Halted chunk system for world 'world_the_end'
[10:14:13 INFO]: [ChunkHolderManager] Saving all chunkholders for world 'world_the_end'
[10:14:13 INFO]: [ChunkHolderManager] Saved 49 block chunks, 49 entity chunks, 0 poi chunks in world 'world_the_end' in 0.05s
[10:14:13 INFO]: ThreadedAnvilChunkStorage (world): All chunks are saved
[10:14:13 INFO]: ThreadedAnvilChunkStorage (DIM-1): All chunks are saved
[10:14:13 INFO]: ThreadedAnvilChunkStorage (DIM1): All chunks are saved
[10:14:13 INFO]: ThreadedAnvilChunkStorage: All dimensions are saved
