Downloading mojang_1.21.jar
Applying patches
Starting org.bukkit.craftbukkit.Main
*** Warning, you've not updated in a while! ***
*** Please download a new build as per instructions from https://papermc.io/downloads/paper ***
WARN StatusConsoleListener Advanced terminal features are not available in this environment
[23:18:39 INFO]: [bootstrap] Running Java 21 (OpenJDK 64-Bit Server VM 21.0.12.1+1-LTS; Eclipse Adoptium Temurin-21.0.12.1+1) on Windows 11 10.0 (amd64)
[23:18:39 INFO]: [bootstrap] Loading Paper 1.21-130-master@b1b5d4c (2024-08-10T10:02:42Z) for Minecraft 1.21
[23:18:39 WARN]: [oshi.driver.windows.perfmon.PerfmonDisabled] Invalid registry value type detected for PerfOS counters. Should be REG_DWORD. Ignoring: HKEY_LOCAL_MACHINE\SYSTEM\CurrentControlSet\Services\PerfOS\Performance\Disable Performance Counters.
[23:18:40 INFO]: [PluginInitializerManager] Initializing plugins...
[23:18:41 INFO]: [ReobfServer] Remapping server...
[23:18:46 INFO]: [ReobfServer] Done remapping server in 5103ms.
[23:18:46 INFO]: [PluginRemapper] Remapping plugin 'plugins\piri-runtime-test-paper-1.0.0.jar'...
[23:18:46 INFO]: [PluginRemapper] Remapping plugin 'plugins\piri-juggler-paper-1.0.0.jar'...
[23:18:46 INFO]: [PluginRemapper] Done remapping plugin 'plugins\piri-runtime-test-paper-1.0.0.jar' in 148ms.
[23:18:48 INFO]: [PluginRemapper] Done remapping plugin 'plugins\piri-juggler-paper-1.0.0.jar' in 2105ms.
[23:18:48 INFO]: [PluginInitializerManager] Initialized 2 plugins
[23:18:48 INFO]: [PluginInitializerManager] Bukkit plugins (2):
 - PiriJuggler (1.0.0), PiriRuntimeAcceptance (1.0.0)
[23:18:54 INFO]: Environment: Environment[sessionHost=https://sessionserver.mojang.com, servicesHost=https://api.minecraftservices.com, name=PROD]
[23:18:54 INFO]: Found new data pack file/bukkit, loading it automatically
[23:18:54 INFO]: Found new data pack paper, loading it automatically
[23:18:55 INFO]: No existing world data, creating new world
[23:18:56 INFO]: Loaded 1290 recipes
[23:18:56 INFO]: Loaded 1399 advancements
[23:18:56 INFO]: Starting minecraft server version 1.21
[23:18:56 INFO]: Loading properties
[23:18:57 INFO]: This server is running Paper version 1.21-130-master@b1b5d4c (2024-08-10T10:02:42Z) (Implementing API version 1.21-R0.1-SNAPSHOT)
[23:18:57 INFO]: [spark] This server bundles the spark profiler. For more information please visit https://docs.papermc.io/paper/profiling
[23:18:57 INFO]: Server Ping Player Sample Count: 12
[23:18:57 INFO]: Using 4 threads for Netty based IO
[23:18:58 INFO]: [ChunkTaskScheduler] Chunk system is using 1 I/O threads, 4 worker threads, and population gen parallelism of 4 threads
[23:18:58 INFO]: Default game type: SURVIVAL
[23:18:58 INFO]: Generating keypair
[23:18:58 INFO]: Starting Minecraft server on 127.0.0.1:25585
[23:18:58 INFO]: Using default channel type
[23:18:58 INFO]: Paper: Using Java compression from Velocity.
[23:18:58 INFO]: Paper: Using Java cipher from Velocity.
[23:18:58 INFO]: [PiriJuggler] Loading server plugin PiriJuggler v1.0.0
[23:18:58 INFO]: [PiriRuntimeAcceptance] Loading server plugin PiriRuntimeAcceptance v1.0.0
[23:18:58 WARN]: **** SERVER IS RUNNING IN OFFLINE/INSECURE MODE!
[23:18:58 WARN]: The server will make no attempt to authenticate usernames. Beware.
[23:18:58 WARN]: While this makes the game possible to play without internet access, it also opens up the ability for hackers to connect with any username they choose.
[23:18:58 WARN]: To change this, set "online-mode" to "true" in the server.properties file.
[23:18:58 INFO]: Preparing level "world"
[23:19:02 INFO]: Preparing start region for dimension minecraft:overworld
[23:19:04 INFO]: Time elapsed: 2256 ms
[23:19:04 INFO]: Preparing start region for dimension minecraft:the_nether
[23:19:05 INFO]: Time elapsed: 810 ms
[23:19:05 INFO]: Preparing start region for dimension minecraft:the_end
[23:19:05 INFO]: Time elapsed: 152 ms
[23:19:05 INFO]: [PiriJuggler] Enabling PiriJuggler v1.0.0
[23:19:06 INFO]: [PiriJuggler] Protocol 1; configuration valid
[23:19:06 INFO]: [PiriRuntimeAcceptance] Enabling PiriRuntimeAcceptance v1.0.0
[23:19:06 INFO]: [PiriRuntimeAcceptance] PIRI_RUNTIME_OBSERVER_READY 1.21-130-b1b5d4c (MC: 1.21)
[23:19:06 INFO]: [spark] Starting background profiler...
[23:19:06 INFO]: [spark] The async-profiler engine is not supported for your os/arch (windows11/amd64), so the built-in Java engine will be used instead.
[23:19:06 INFO]: Done preparing level "world" (7.710s)
[23:19:06 INFO]: Running delayed init tasks
[23:19:06 INFO]: [PiriJuggler] PIRI_DATABASE_READY schema=4 period=4a5434ef-93c6-4880-9a3b-9d1f07dc6fe9 machines=0
[23:19:06 INFO]: Done (28.452s)! For help, type "help"
[23:19:06 INFO]: *************************************************************************************
[23:19:06 INFO]: This is the first time you're starting this server.
[23:19:06 INFO]: It's recommended you read our 'Getting Started' documentation for guidance.
[23:19:06 INFO]: View this and more helpful information here: https://docs.papermc.io/paper/next-steps
[23:19:06 INFO]: *************************************************************************************
[23:19:06 INFO]: Timings Reset
[23:19:56 INFO]: UUID of player PiriRuntimeTest is 2b9a0e28-4a8f-3fe1-a65b-c41ad05e8077
[23:19:57 INFO]: [93mPiriRuntimeTest joined the game[0m
[23:19:57 INFO]: PiriRuntimeTest[/127.0.0.1:63639] logged in with entity id 44 at ([world]2.5, 72.0, 1.5)
[23:19:58 INFO]: [PiriRuntimeAcceptance] PIRI_RUNTIME_SERVER {"timestamp":"2026-09-12T14:19:58.052282500Z","serverVersion":"1.21-130-b1b5d4c (MC: 1.21)","minecraftVersion":"1.21","player":"PiriRuntimeTest","remoteAddress":"127.0.0.1","envelopeProtocol":2,"hello":{"protocol":2,"modVersion":"1.0.0"},"productionPluginEnabled":true,"gameplayAllowed":false,"passed":true}
[23:20:03 INFO]: PiriRuntimeTest lost connection: Disconnected
[23:20:03 INFO]: [93mPiriRuntimeTest left the game[0m
[23:20:04 INFO]: Stopping the server
[23:20:04 INFO]: Stopping server
[23:20:04 INFO]: [PiriRuntimeAcceptance] Disabling PiriRuntimeAcceptance v1.0.0
[23:20:04 INFO]: [PiriJuggler] Disabling PiriJuggler v1.0.0
[23:20:04 INFO]: Saving players
[23:20:04 INFO]: Saving worlds
[23:20:04 INFO]: Saving chunks for level 'ServerLevel[world]'/minecraft:overworld
[23:20:04 INFO]: [ChunkHolderManager] Waiting 60s for chunk system to halt for world 'world'
[23:20:04 INFO]: [ChunkHolderManager] Halted chunk system for world 'world'
[23:20:04 INFO]: [ChunkHolderManager] Saving all chunkholders for world 'world'
[23:20:06 INFO]: [ChunkHolderManager] Saved 1089 block chunks, 121 entity chunks, 2 poi chunks in world 'world' in 1.45s
[23:20:06 INFO]: Saving chunks for level 'ServerLevel[world_nether]'/minecraft:the_nether
[23:20:06 INFO]: [ChunkHolderManager] Waiting 60s for chunk system to halt for world 'world_nether'
[23:20:06 INFO]: [ChunkHolderManager] Halted chunk system for world 'world_nether'
[23:20:06 INFO]: [ChunkHolderManager] Saving all chunkholders for world 'world_nether'
[23:20:06 INFO]: [ChunkHolderManager] Saved 841 block chunks, 49 entity chunks, 0 poi chunks in world 'world_nether' in 0.36s
[23:20:06 INFO]: Saving chunks for level 'ServerLevel[world_the_end]'/minecraft:the_end
[23:20:06 INFO]: [ChunkHolderManager] Waiting 60s for chunk system to halt for world 'world_the_end'
[23:20:06 INFO]: [ChunkHolderManager] Halted chunk system for world 'world_the_end'
[23:20:06 INFO]: [ChunkHolderManager] Saving all chunkholders for world 'world_the_end'
[23:20:07 INFO]: [ChunkHolderManager] Saved 841 block chunks, 49 entity chunks, 0 poi chunks in world 'world_the_end' in 0.26s
[23:20:07 INFO]: ThreadedAnvilChunkStorage (world): All chunks are saved
[23:20:07 INFO]: ThreadedAnvilChunkStorage (DIM-1): All chunks are saved
[23:20:07 INFO]: ThreadedAnvilChunkStorage (DIM1): All chunks are saved
[23:20:07 INFO]: ThreadedAnvilChunkStorage: All dimensions are saved
