Downloading mojang_1.21.jar
Applying patches
Starting org.bukkit.craftbukkit.Main
*** Warning, you've not updated in a while! ***
*** Please download a new build as per instructions from https://papermc.io/downloads/paper ***
WARN StatusConsoleListener Advanced terminal features are not available in this environment
[21:24:47 INFO]: [bootstrap] Running Java 21 (OpenJDK 64-Bit Server VM 21.0.12.1+1-LTS; Eclipse Adoptium Temurin-21.0.12.1+1) on Windows 11 10.0 (amd64)
[21:24:47 INFO]: [bootstrap] Loading Paper 1.21-130-master@b1b5d4c (2024-08-10T10:02:42Z) for Minecraft 1.21
[21:24:47 WARN]: [oshi.driver.windows.perfmon.PerfmonDisabled] Invalid registry value type detected for PerfOS counters. Should be REG_DWORD. Ignoring: HKEY_LOCAL_MACHINE\SYSTEM\CurrentControlSet\Services\PerfOS\Performance\Disable Performance Counters.
[21:24:48 INFO]: [PluginInitializerManager] Initializing plugins...
[21:24:48 INFO]: [ReobfServer] Remapping server...
[21:24:52 INFO]: [ReobfServer] Done remapping server in 3813ms.
[21:24:52 INFO]: [PluginRemapper] Remapping plugin 'plugins\piri-juggler-paper-1.0.0.jar'...
[21:24:52 INFO]: [PluginRemapper] Remapping plugin 'plugins\piri-runtime-test-paper-1.0.0.jar'...
[21:24:52 INFO]: [PluginRemapper] Done remapping plugin 'plugins\piri-runtime-test-paper-1.0.0.jar' in 124ms.
[21:24:54 INFO]: [PluginRemapper] Done remapping plugin 'plugins\piri-juggler-paper-1.0.0.jar' in 1466ms.
[21:24:54 INFO]: [PluginInitializerManager] Initialized 2 plugins
[21:24:54 INFO]: [PluginInitializerManager] Bukkit plugins (2):
 - PiriJuggler (1.0.0), PiriRuntimeAcceptance (1.0.0)
[21:24:58 INFO]: Environment: Environment[sessionHost=https://sessionserver.mojang.com, servicesHost=https://api.minecraftservices.com, name=PROD]
[21:24:58 INFO]: Found new data pack file/bukkit, loading it automatically
[21:24:58 INFO]: Found new data pack paper, loading it automatically
[21:24:59 INFO]: No existing world data, creating new world
[21:24:59 INFO]: Loaded 1290 recipes
[21:25:00 INFO]: Loaded 1399 advancements
[21:25:00 INFO]: Starting minecraft server version 1.21
[21:25:00 INFO]: Loading properties
[21:25:00 INFO]: This server is running Paper version 1.21-130-master@b1b5d4c (2024-08-10T10:02:42Z) (Implementing API version 1.21-R0.1-SNAPSHOT)
[21:25:00 INFO]: [spark] This server bundles the spark profiler. For more information please visit https://docs.papermc.io/paper/profiling
[21:25:00 INFO]: Server Ping Player Sample Count: 12
[21:25:00 INFO]: Using 4 threads for Netty based IO
[21:25:01 INFO]: [ChunkTaskScheduler] Chunk system is using 1 I/O threads, 4 worker threads, and population gen parallelism of 4 threads
[21:25:01 INFO]: Default game type: SURVIVAL
[21:25:01 INFO]: Generating keypair
[21:25:01 INFO]: Starting Minecraft server on 127.0.0.1:25589
[21:25:01 INFO]: Using default channel type
[21:25:01 INFO]: Paper: Using Java compression from Velocity.
[21:25:01 INFO]: Paper: Using Java cipher from Velocity.
[21:25:01 INFO]: [PiriJuggler] Loading server plugin PiriJuggler v1.0.0
[21:25:01 INFO]: [PiriRuntimeAcceptance] Loading server plugin PiriRuntimeAcceptance v1.0.0
[21:25:01 WARN]: **** SERVER IS RUNNING IN OFFLINE/INSECURE MODE!
[21:25:01 WARN]: The server will make no attempt to authenticate usernames. Beware.
[21:25:01 WARN]: While this makes the game possible to play without internet access, it also opens up the ability for hackers to connect with any username they choose.
[21:25:01 WARN]: To change this, set "online-mode" to "true" in the server.properties file.
[21:25:01 INFO]: Preparing level "world"
[21:25:04 INFO]: Preparing start region for dimension minecraft:overworld
[21:25:06 INFO]: Time elapsed: 1623 ms
[21:25:06 INFO]: Preparing start region for dimension minecraft:the_nether
[21:25:06 INFO]: Time elapsed: 346 ms
[21:25:06 INFO]: Preparing start region for dimension minecraft:the_end
[21:25:06 INFO]: Time elapsed: 122 ms
[21:25:06 INFO]: [PiriJuggler] Enabling PiriJuggler v1.0.0
[21:25:07 INFO]: [PiriJuggler] PIRI_REELS_READY Report[counts={BIG_ENTRY=10, PREMIUM_B=782, CHERRY=1514, REPLAY=525, BELL=50, GRAPE=750, MISS=5250, PIERO=20, REG_ENTRY=10}, allSequences=500094, premiumFSecondChecks=7938, premiumFSequences=166698]
[21:25:07 INFO]: [PiriJuggler] Protocol 1; configuration valid
[21:25:07 INFO]: [PiriRuntimeAcceptance] Enabling PiriRuntimeAcceptance v1.0.0
[21:25:08 INFO]: [PiriRuntimeAcceptance] PIRI_RUNTIME_OBSERVER_READY Phase05
[21:25:08 INFO]: [spark] Starting background profiler...
[21:25:08 INFO]: [spark] The async-profiler engine is not supported for your os/arch (windows11/amd64), so the built-in Java engine will be used instead.
[21:25:08 INFO]: Done preparing level "world" (6.985s)
[21:25:08 INFO]: Running delayed init tasks
[21:25:08 INFO]: [PiriJuggler] PIRI_DATABASE_READY schema=4 period=c2cb7950-3263-4d79-af72-515738eefd9c machines=0
[21:25:08 INFO]: Done (22.076s)! For help, type "help"
[21:25:08 INFO]: *************************************************************************************
[21:25:08 INFO]: This is the first time you're starting this server.
[21:25:08 INFO]: It's recommended you read our 'Getting Started' documentation for guidance.
[21:25:08 INFO]: View this and more helpful information here: https://docs.papermc.io/paper/next-steps
[21:25:08 INFO]: *************************************************************************************
[21:25:08 INFO]: Timings Reset
[21:25:48 INFO]: UUID of player PiriRuntimeTest is 2b9a0e28-4a8f-3fe1-a65b-c41ad05e8077
[21:25:49 INFO]: [93mPiriRuntimeTest joined the game[0m
[21:25:49 INFO]: PiriRuntimeTest[/127.0.0.1:59490] logged in with entity id 49 at ([world]0.5, 65.0, 3.5)
[21:25:50 INFO]: PiriRuntimeTest issued server command: /piri machine create
[21:30:44 INFO]: PiriRuntimeTest issued server command: /piri simulator 1 100000
[21:30:51 INFO]: PiriRuntimeTest lost connection: Disconnected
[21:30:51 INFO]: [93mPiriRuntimeTest left the game[0m
[21:30:51 INFO]: Stopping the server
[21:30:51 INFO]: Stopping server
[21:30:51 INFO]: [PiriRuntimeAcceptance] Disabling PiriRuntimeAcceptance v1.0.0
[21:30:51 INFO]: [PiriJuggler] Disabling PiriJuggler v1.0.0
[21:30:52 INFO]: Saving players
[21:30:52 INFO]: Saving worlds
[21:30:52 INFO]: Saving chunks for level 'ServerLevel[world]'/minecraft:overworld
[21:30:52 INFO]: [ChunkHolderManager] Waiting 60s for chunk system to halt for world 'world'
[21:30:52 INFO]: [ChunkHolderManager] Halted chunk system for world 'world'
[21:30:52 INFO]: [ChunkHolderManager] Saving all chunkholders for world 'world'
[21:30:52 INFO]: [ChunkHolderManager] Saved 1106 block chunks, 4 entity chunks, 0 poi chunks in world 'world' in 0.30s
[21:30:52 INFO]: Saving chunks for level 'ServerLevel[world_nether]'/minecraft:the_nether
[21:30:52 INFO]: [ChunkHolderManager] Waiting 60s for chunk system to halt for world 'world_nether'
[21:30:52 INFO]: [ChunkHolderManager] Halted chunk system for world 'world_nether'
[21:30:52 INFO]: [ChunkHolderManager] Saving all chunkholders for world 'world_nether'
[21:30:52 INFO]: [ChunkHolderManager] Saved 792 block chunks, 0 entity chunks, 0 poi chunks in world 'world_nether' in 0.17s
[21:30:52 INFO]: Saving chunks for level 'ServerLevel[world_the_end]'/minecraft:the_end
[21:30:52 INFO]: [ChunkHolderManager] Waiting 60s for chunk system to halt for world 'world_the_end'
[21:30:52 INFO]: [ChunkHolderManager] Halted chunk system for world 'world_the_end'
[21:30:52 INFO]: [ChunkHolderManager] Saving all chunkholders for world 'world_the_end'
[21:30:52 INFO]: [ChunkHolderManager] Saved 792 block chunks, 10 entity chunks, 0 poi chunks in world 'world_the_end' in 0.12s
[21:30:52 INFO]: ThreadedAnvilChunkStorage (world): All chunks are saved
[21:30:52 INFO]: ThreadedAnvilChunkStorage (DIM-1): All chunks are saved
[21:30:52 INFO]: ThreadedAnvilChunkStorage (DIM1): All chunks are saved
[21:30:52 INFO]: ThreadedAnvilChunkStorage: All dimensions are saved
