Starting org.bukkit.craftbukkit.Main
*** Warning, you've not updated in a while! ***
*** Please download a new build as per instructions from https://papermc.io/downloads/paper ***
WARN StatusConsoleListener Advanced terminal features are not available in this environment
[12:34:10 INFO]: [bootstrap] Running Java 21 (OpenJDK 64-Bit Server VM 21.0.12.1+1-LTS; Eclipse Adoptium Temurin-21.0.12.1+1) on Windows 11 10.0 (amd64)
[12:34:10 INFO]: [bootstrap] Loading Paper 1.21-130-master@b1b5d4c (2024-08-10T10:02:42Z) for Minecraft 1.21
[12:34:11 WARN]: [oshi.driver.windows.perfmon.PerfmonDisabled] Invalid registry value type detected for PerfOS counters. Should be REG_DWORD. Ignoring: HKEY_LOCAL_MACHINE\SYSTEM\CurrentControlSet\Services\PerfOS\Performance\Disable Performance Counters.
[12:34:11 INFO]: [PluginInitializerManager] Initializing plugins...
[12:34:12 INFO]: [PluginInitializerManager] Initialized 2 plugins
[12:34:12 INFO]: [PluginInitializerManager] Bukkit plugins (2):
 - PiriJuggler (1.0.0), PiriRuntimeAcceptance (1.0.0)
[12:34:18 INFO]: Environment: Environment[sessionHost=https://sessionserver.mojang.com, servicesHost=https://api.minecraftservices.com, name=PROD]
[12:34:21 INFO]: Loaded 1290 recipes
[12:34:21 INFO]: Loaded 1399 advancements
[12:34:21 INFO]: Starting minecraft server version 1.21
[12:34:21 INFO]: Loading properties
[12:34:22 INFO]: This server is running Paper version 1.21-130-master@b1b5d4c (2024-08-10T10:02:42Z) (Implementing API version 1.21-R0.1-SNAPSHOT)
[12:34:22 INFO]: [spark] This server bundles the spark profiler. For more information please visit https://docs.papermc.io/paper/profiling
[12:34:22 INFO]: Server Ping Player Sample Count: 12
[12:34:22 INFO]: Using 4 threads for Netty based IO
[12:34:23 INFO]: [ChunkTaskScheduler] Chunk system is using 1 I/O threads, 4 worker threads, and population gen parallelism of 4 threads
[12:34:23 INFO]: Default game type: SURVIVAL
[12:34:23 INFO]: Generating keypair
[12:34:23 INFO]: Starting Minecraft server on 127.0.0.1:25585
[12:34:23 INFO]: Using default channel type
[12:34:23 INFO]: Paper: Using Java compression from Velocity.
[12:34:23 INFO]: Paper: Using Java cipher from Velocity.
[12:34:23 INFO]: [PiriJuggler] Loading server plugin PiriJuggler v1.0.0
[12:34:23 INFO]: [PiriRuntimeAcceptance] Loading server plugin PiriRuntimeAcceptance v1.0.0
[12:34:23 INFO]: Server permissions file permissions.yml is empty, ignoring it
[12:34:23 WARN]: **** SERVER IS RUNNING IN OFFLINE/INSECURE MODE!
[12:34:23 WARN]: The server will make no attempt to authenticate usernames. Beware.
[12:34:23 WARN]: While this makes the game possible to play without internet access, it also opens up the ability for hackers to connect with any username they choose.
[12:34:23 WARN]: To change this, set "online-mode" to "true" in the server.properties file.
[12:34:23 INFO]: Preparing level "world"
[12:34:24 INFO]: Preparing start region for dimension minecraft:overworld
[12:34:24 INFO]: Time elapsed: 409 ms
[12:34:24 INFO]: Preparing start region for dimension minecraft:the_nether
[12:34:25 INFO]: Time elapsed: 587 ms
[12:34:25 INFO]: Preparing start region for dimension minecraft:the_end
[12:34:25 INFO]: Time elapsed: 61 ms
[12:34:25 INFO]: [PiriJuggler] Enabling PiriJuggler v1.0.0
[12:34:25 INFO]: [PiriJuggler] Protocol 1; configuration valid
[12:34:25 INFO]: [PiriRuntimeAcceptance] Enabling PiriRuntimeAcceptance v1.0.0
[12:34:25 INFO]: [PiriRuntimeAcceptance] PIRI_RUNTIME_OBSERVER_READY 1.21-130-b1b5d4c (MC: 1.21)
[12:34:25 INFO]: [spark] Starting background profiler...
[12:34:25 INFO]: [spark] The async-profiler engine is not supported for your os/arch (windows11/amd64), so the built-in Java engine will be used instead.
[12:34:25 INFO]: Done preparing level "world" (1.720s)
[12:34:25 INFO]: Running delayed init tasks
[12:34:25 INFO]: Done (15.601s)! For help, type "help"
[12:34:25 INFO]: Timings Reset
[12:34:53 INFO]: UUID of player PiriRuntimeTest is 2b9a0e28-4a8f-3fe1-a65b-c41ad05e8077
[12:34:54 INFO]: [93mPiriRuntimeTest joined the game[0m
[12:34:54 INFO]: PiriRuntimeTest[/127.0.0.1:65324] logged in with entity id 14 at ([world]3.5, -60.0, -3.5)
[12:34:55 INFO]: [PiriRuntimeAcceptance] PIRI_RUNTIME_SERVER {"timestamp":"2026-09-11T03:34:55.148374700Z","serverVersion":"1.21-130-b1b5d4c (MC: 1.21)","minecraftVersion":"1.21","player":"PiriRuntimeTest","remoteAddress":"127.0.0.1","envelopeProtocol":1,"hello":{"protocol":1,"modVersion":"1.0.0"},"productionPluginEnabled":true,"gameplayAllowed":true,"passed":true}
[12:35:00 INFO]: PiriRuntimeTest lost connection: Disconnected
[12:35:00 INFO]: [93mPiriRuntimeTest left the game[0m
[12:35:01 INFO]: Stopping the server
[12:35:01 INFO]: Stopping server
[12:35:01 INFO]: [PiriRuntimeAcceptance] Disabling PiriRuntimeAcceptance v1.0.0
[12:35:01 INFO]: [PiriJuggler] Disabling PiriJuggler v1.0.0
[12:35:01 INFO]: Saving players
[12:35:01 INFO]: Saving worlds
[12:35:01 INFO]: Saving chunks for level 'ServerLevel[world]'/minecraft:overworld
[12:35:01 INFO]: [ChunkHolderManager] Waiting 60s for chunk system to halt for world 'world'
[12:35:01 INFO]: [ChunkHolderManager] Halted chunk system for world 'world'
[12:35:01 INFO]: [ChunkHolderManager] Saving all chunkholders for world 'world'
[12:35:03 INFO]: [ChunkHolderManager] Saved 1089 block chunks, 121 entity chunks, 0 poi chunks in world 'world' in 1.18s
[12:35:03 INFO]: Saving chunks for level 'ServerLevel[world_nether]'/minecraft:the_nether
[12:35:03 INFO]: [ChunkHolderManager] Waiting 60s for chunk system to halt for world 'world_nether'
[12:35:03 INFO]: [ChunkHolderManager] Halted chunk system for world 'world_nether'
[12:35:03 INFO]: [ChunkHolderManager] Saving all chunkholders for world 'world_nether'
[12:35:03 INFO]: [ChunkHolderManager] Saved 49 block chunks, 49 entity chunks, 0 poi chunks in world 'world_nether' in 0.08s
[12:35:03 INFO]: Saving chunks for level 'ServerLevel[world_the_end]'/minecraft:the_end
[12:35:03 INFO]: [ChunkHolderManager] Waiting 60s for chunk system to halt for world 'world_the_end'
[12:35:03 INFO]: [ChunkHolderManager] Halted chunk system for world 'world_the_end'
[12:35:03 INFO]: [ChunkHolderManager] Saving all chunkholders for world 'world_the_end'
[12:35:03 INFO]: [ChunkHolderManager] Saved 49 block chunks, 49 entity chunks, 0 poi chunks in world 'world_the_end' in 0.07s
[12:35:03 INFO]: ThreadedAnvilChunkStorage (world): All chunks are saved
[12:35:03 INFO]: ThreadedAnvilChunkStorage (DIM-1): All chunks are saved
[12:35:03 INFO]: ThreadedAnvilChunkStorage (DIM1): All chunks are saved
[12:35:03 INFO]: ThreadedAnvilChunkStorage: All dimensions are saved
