Downloading mojang_1.21.jar
Applying patches
Starting org.bukkit.craftbukkit.Main
*** Warning, you've not updated in a while! ***
*** Please download a new build as per instructions from https://papermc.io/downloads/paper ***
WARN StatusConsoleListener Advanced terminal features are not available in this environment
[20:57:55 INFO]: [bootstrap] Running Java 21 (OpenJDK 64-Bit Server VM 21.0.12.1+1-LTS; Eclipse Adoptium Temurin-21.0.12.1+1) on Windows 11 10.0 (amd64)
[20:57:55 INFO]: [bootstrap] Loading Paper 1.21-130-master@b1b5d4c (2024-08-10T10:02:42Z) for Minecraft 1.21
[20:57:55 WARN]: [oshi.driver.windows.perfmon.PerfmonDisabled] Invalid registry value type detected for PerfOS counters. Should be REG_DWORD. Ignoring: HKEY_LOCAL_MACHINE\SYSTEM\CurrentControlSet\Services\PerfOS\Performance\Disable Performance Counters.
[20:57:55 INFO]: [PluginInitializerManager] Initializing plugins...
[20:57:56 INFO]: [ReobfServer] Remapping server...
[20:57:59 INFO]: [ReobfServer] Done remapping server in 3356ms.
[20:57:59 INFO]: [PluginRemapper] Remapping plugin 'plugins\piri-juggler-paper-1.0.0.jar'...
[20:57:59 INFO]: [PluginRemapper] Remapping plugin 'plugins\piri-runtime-test-paper-1.0.0.jar'...
[20:57:59 INFO]: [PluginRemapper] Done remapping plugin 'plugins\piri-runtime-test-paper-1.0.0.jar' in 93ms.
[20:58:01 INFO]: [PluginRemapper] Done remapping plugin 'plugins\piri-juggler-paper-1.0.0.jar' in 1320ms.
[20:58:01 INFO]: [PluginInitializerManager] Initialized 2 plugins
[20:58:01 INFO]: [PluginInitializerManager] Bukkit plugins (2):
 - PiriJuggler (1.0.0), PiriRuntimeAcceptance (1.0.0)
[20:58:04 INFO]: Environment: Environment[sessionHost=https://sessionserver.mojang.com, servicesHost=https://api.minecraftservices.com, name=PROD]
[20:58:04 INFO]: Found new data pack file/bukkit, loading it automatically
[20:58:04 INFO]: Found new data pack paper, loading it automatically
[20:58:05 INFO]: No existing world data, creating new world
[20:58:05 INFO]: Loaded 1290 recipes
[20:58:05 INFO]: Loaded 1399 advancements
[20:58:06 INFO]: Starting minecraft server version 1.21
[20:58:06 INFO]: Loading properties
[20:58:06 INFO]: This server is running Paper version 1.21-130-master@b1b5d4c (2024-08-10T10:02:42Z) (Implementing API version 1.21-R0.1-SNAPSHOT)
[20:58:06 INFO]: [spark] This server bundles the spark profiler. For more information please visit https://docs.papermc.io/paper/profiling
[20:58:06 INFO]: Server Ping Player Sample Count: 12
[20:58:06 INFO]: Using 4 threads for Netty based IO
[20:58:06 INFO]: [ChunkTaskScheduler] Chunk system is using 1 I/O threads, 4 worker threads, and population gen parallelism of 4 threads
[20:58:07 INFO]: Default game type: SURVIVAL
[20:58:07 INFO]: Generating keypair
[20:58:07 INFO]: Starting Minecraft server on 127.0.0.1:25589
[20:58:07 INFO]: Using default channel type
[20:58:07 INFO]: Paper: Using Java compression from Velocity.
[20:58:07 INFO]: Paper: Using Java cipher from Velocity.
[20:58:07 INFO]: [PiriJuggler] Loading server plugin PiriJuggler v1.0.0
[20:58:07 INFO]: [PiriRuntimeAcceptance] Loading server plugin PiriRuntimeAcceptance v1.0.0
[20:58:07 WARN]: **** SERVER IS RUNNING IN OFFLINE/INSECURE MODE!
[20:58:07 WARN]: The server will make no attempt to authenticate usernames. Beware.
[20:58:07 WARN]: While this makes the game possible to play without internet access, it also opens up the ability for hackers to connect with any username they choose.
[20:58:07 WARN]: To change this, set "online-mode" to "true" in the server.properties file.
[20:58:07 INFO]: Preparing level "world"
[20:58:10 INFO]: Preparing start region for dimension minecraft:overworld
[20:58:11 INFO]: Time elapsed: 1132 ms
[20:58:11 INFO]: Preparing start region for dimension minecraft:the_nether
[20:58:11 INFO]: Time elapsed: 420 ms
[20:58:11 INFO]: Preparing start region for dimension minecraft:the_end
[20:58:11 INFO]: Time elapsed: 332 ms
[20:58:11 INFO]: [PiriJuggler] Enabling PiriJuggler v1.0.0
[20:58:12 INFO]: [PiriJuggler] PIRI_REELS_READY Report[counts={BIG_ENTRY=10, REPLAY=525, CHERRY=1514, PREMIUM_B=782, MISS=5250, BELL=50, PIERO=20, GRAPE=750, REG_ENTRY=10}, allSequences=500094, premiumFSecondChecks=7938, premiumFSequences=166698]
[20:58:12 INFO]: [PiriJuggler] Protocol 1; configuration valid
[20:58:12 INFO]: [PiriRuntimeAcceptance] Enabling PiriRuntimeAcceptance v1.0.0
[20:58:12 INFO]: [PiriRuntimeAcceptance] PIRI_RUNTIME_OBSERVER_READY Phase05
[20:58:12 INFO]: [spark] Starting background profiler...
[20:58:12 INFO]: [spark] The async-profiler engine is not supported for your os/arch (windows11/amd64), so the built-in Java engine will be used instead.
[20:58:13 INFO]: Done preparing level "world" (5.683s)
[20:58:13 INFO]: Running delayed init tasks
[20:58:13 INFO]: [PiriJuggler] PIRI_DATABASE_READY schema=4 period=3d69b6cf-2592-4055-9f8b-4da56162caa0 machines=0
[20:58:13 INFO]: Done (18.464s)! For help, type "help"
[20:58:13 INFO]: *************************************************************************************
[20:58:13 INFO]: This is the first time you're starting this server.
[20:58:13 INFO]: It's recommended you read our 'Getting Started' documentation for guidance.
[20:58:13 INFO]: View this and more helpful information here: https://docs.papermc.io/paper/next-steps
[20:58:13 INFO]: *************************************************************************************
[20:58:13 INFO]: Timings Reset
[20:58:53 INFO]: UUID of player PiriRuntimeTest is 2b9a0e28-4a8f-3fe1-a65b-c41ad05e8077
[20:58:54 INFO]: [93mPiriRuntimeTest joined the game[0m
[20:58:54 INFO]: PiriRuntimeTest[/127.0.0.1:56137] logged in with entity id 35 at ([world]0.5, 65.0, 3.5)
[20:58:55 INFO]: PiriRuntimeTest issued server command: /piri machine create
[21:03:41 INFO]: PiriRuntimeTest issued server command: /piri simulator 1 100000
[21:03:48 INFO]: PiriRuntimeTest lost connection: Disconnected
[21:03:48 INFO]: [93mPiriRuntimeTest left the game[0m
[21:03:49 INFO]: Stopping the server
[21:03:49 INFO]: Stopping server
[21:03:49 INFO]: [PiriRuntimeAcceptance] Disabling PiriRuntimeAcceptance v1.0.0
[21:03:49 INFO]: [PiriJuggler] Disabling PiriJuggler v1.0.0
[21:03:49 INFO]: Saving players
[21:03:49 INFO]: Saving worlds
[21:03:49 INFO]: Saving chunks for level 'ServerLevel[world]'/minecraft:overworld
[21:03:49 INFO]: [ChunkHolderManager] Waiting 60s for chunk system to halt for world 'world'
[21:03:49 INFO]: [ChunkHolderManager] Halted chunk system for world 'world'
[21:03:49 INFO]: [ChunkHolderManager] Saving all chunkholders for world 'world'
[21:03:49 INFO]: [ChunkHolderManager] Saved 1263 block chunks, 113 entity chunks, 0 poi chunks in world 'world' in 0.44s
[21:03:49 INFO]: Saving chunks for level 'ServerLevel[world_nether]'/minecraft:the_nether
[21:03:49 INFO]: [ChunkHolderManager] Waiting 60s for chunk system to halt for world 'world_nether'
[21:03:49 INFO]: [ChunkHolderManager] Halted chunk system for world 'world_nether'
[21:03:49 INFO]: [ChunkHolderManager] Saving all chunkholders for world 'world_nether'
[21:03:49 INFO]: [ChunkHolderManager] Saved 793 block chunks, 1 entity chunks, 0 poi chunks in world 'world_nether' in 0.13s
[21:03:49 INFO]: Saving chunks for level 'ServerLevel[world_the_end]'/minecraft:the_end
[21:03:49 INFO]: [ChunkHolderManager] Waiting 60s for chunk system to halt for world 'world_the_end'
[21:03:49 INFO]: [ChunkHolderManager] Halted chunk system for world 'world_the_end'
[21:03:49 INFO]: [ChunkHolderManager] Saving all chunkholders for world 'world_the_end'
[21:03:50 INFO]: [ChunkHolderManager] Saved 792 block chunks, 10 entity chunks, 0 poi chunks in world 'world_the_end' in 0.12s
[21:03:50 INFO]: ThreadedAnvilChunkStorage (world): All chunks are saved
[21:03:50 INFO]: ThreadedAnvilChunkStorage (DIM-1): All chunks are saved
[21:03:50 INFO]: ThreadedAnvilChunkStorage (DIM1): All chunks are saved
[21:03:50 INFO]: ThreadedAnvilChunkStorage: All dimensions are saved
