Downloading mojang_1.21.jar
Applying patches
Starting org.bukkit.craftbukkit.Main
*** Warning, you've not updated in a while! ***
*** Please download a new build as per instructions from https://papermc.io/downloads/paper ***
WARN StatusConsoleListener Advanced terminal features are not available in this environment
[21:13:30 INFO]: [bootstrap] Running Java 21 (OpenJDK 64-Bit Server VM 21.0.12.1+1-LTS; Eclipse Adoptium Temurin-21.0.12.1+1) on Windows 11 10.0 (amd64)
[21:13:30 INFO]: [bootstrap] Loading Paper 1.21-130-master@b1b5d4c (2024-08-10T10:02:42Z) for Minecraft 1.21
[21:13:31 WARN]: [oshi.driver.windows.perfmon.PerfmonDisabled] Invalid registry value type detected for PerfOS counters. Should be REG_DWORD. Ignoring: HKEY_LOCAL_MACHINE\SYSTEM\CurrentControlSet\Services\PerfOS\Performance\Disable Performance Counters.
[21:13:31 INFO]: [PluginInitializerManager] Initializing plugins...
[21:13:32 INFO]: [ReobfServer] Remapping server...
[21:13:36 INFO]: [ReobfServer] Done remapping server in 3612ms.
[21:13:36 INFO]: [PluginRemapper] Remapping plugin 'plugins\piri-runtime-test-paper-1.0.0.jar'...
[21:13:36 INFO]: [PluginRemapper] Remapping plugin 'plugins\piri-juggler-paper-1.0.0.jar'...
[21:13:36 INFO]: [PluginRemapper] Done remapping plugin 'plugins\piri-runtime-test-paper-1.0.0.jar' in 102ms.
[21:13:37 INFO]: [PluginRemapper] Done remapping plugin 'plugins\piri-juggler-paper-1.0.0.jar' in 1430ms.
[21:13:37 INFO]: [PluginInitializerManager] Initialized 2 plugins
[21:13:37 INFO]: [PluginInitializerManager] Bukkit plugins (2):
 - PiriJuggler (1.0.0), PiriRuntimeAcceptance (1.0.0)
[21:13:41 INFO]: Environment: Environment[sessionHost=https://sessionserver.mojang.com, servicesHost=https://api.minecraftservices.com, name=PROD]
[21:13:41 INFO]: Found new data pack file/bukkit, loading it automatically
[21:13:41 INFO]: Found new data pack paper, loading it automatically
[21:13:42 INFO]: No existing world data, creating new world
[21:13:43 INFO]: Loaded 1290 recipes
[21:13:43 INFO]: Loaded 1399 advancements
[21:13:43 INFO]: Starting minecraft server version 1.21
[21:13:43 INFO]: Loading properties
[21:13:43 INFO]: This server is running Paper version 1.21-130-master@b1b5d4c (2024-08-10T10:02:42Z) (Implementing API version 1.21-R0.1-SNAPSHOT)
[21:13:44 INFO]: [spark] This server bundles the spark profiler. For more information please visit https://docs.papermc.io/paper/profiling
[21:13:44 INFO]: Using 4 threads for Netty based IO
[21:13:44 INFO]: Server Ping Player Sample Count: 12
[21:13:44 INFO]: [ChunkTaskScheduler] Chunk system is using 1 I/O threads, 4 worker threads, and population gen parallelism of 4 threads
[21:13:44 INFO]: Default game type: SURVIVAL
[21:13:44 INFO]: Generating keypair
[21:13:44 INFO]: Starting Minecraft server on 127.0.0.1:25588
[21:13:44 INFO]: Using default channel type
[21:13:44 INFO]: Paper: Using Java compression from Velocity.
[21:13:44 INFO]: Paper: Using Java cipher from Velocity.
[21:13:45 INFO]: [PiriJuggler] Loading server plugin PiriJuggler v1.0.0
[21:13:45 INFO]: [PiriRuntimeAcceptance] Loading server plugin PiriRuntimeAcceptance v1.0.0
[21:13:45 WARN]: **** SERVER IS RUNNING IN OFFLINE/INSECURE MODE!
[21:13:45 WARN]: The server will make no attempt to authenticate usernames. Beware.
[21:13:45 WARN]: While this makes the game possible to play without internet access, it also opens up the ability for hackers to connect with any username they choose.
[21:13:45 WARN]: To change this, set "online-mode" to "true" in the server.properties file.
[21:13:45 INFO]: Preparing level "world"
[21:13:48 INFO]: Preparing start region for dimension minecraft:overworld
[21:13:49 INFO]: Time elapsed: 1317 ms
[21:13:49 INFO]: Preparing start region for dimension minecraft:the_nether
[21:13:50 INFO]: Time elapsed: 559 ms
[21:13:50 INFO]: Preparing start region for dimension minecraft:the_end
[21:13:50 INFO]: Time elapsed: 99 ms
[21:13:50 INFO]: [PiriJuggler] Enabling PiriJuggler v1.0.0
[21:13:51 INFO]: [PiriJuggler] PIRI_REELS_READY Report[counts={MISS=5250, PREMIUM_B=782, BIG_ENTRY=10, BELL=50, REG_ENTRY=10, GRAPE=750, CHERRY=1514, PIERO=20, REPLAY=525}, allSequences=500094, premiumFSecondChecks=7938, premiumFSequences=166698]
[21:13:51 INFO]: [PiriJuggler] Protocol 1; configuration valid
[21:13:51 INFO]: [PiriRuntimeAcceptance] Enabling PiriRuntimeAcceptance v1.0.0
[21:13:51 INFO]: [PiriRuntimeAcceptance] PIRI_RUNTIME_OBSERVER_READY Phase04 1.21-130-b1b5d4c (MC: 1.21)
[21:13:51 INFO]: [spark] Starting background profiler...
[21:13:51 INFO]: [spark] The async-profiler engine is not supported for your os/arch (windows11/amd64), so the built-in Java engine will be used instead.
[21:13:52 INFO]: Done preparing level "world" (6.971s)
[21:13:52 INFO]: Running delayed init tasks
[21:13:52 INFO]: [PiriJuggler] PIRI_DATABASE_READY schema=4 period=537dd039-28f2-4227-9134-ea0c77d5240d machines=0
[21:13:52 INFO]: Done (21.926s)! For help, type "help"
[21:13:52 INFO]: *************************************************************************************
[21:13:52 INFO]: This is the first time you're starting this server.
[21:13:52 INFO]: It's recommended you read our 'Getting Started' documentation for guidance.
[21:13:52 INFO]: View this and more helpful information here: https://docs.papermc.io/paper/next-steps
[21:13:52 INFO]: *************************************************************************************
[21:13:52 INFO]: Timings Reset
[21:14:35 INFO]: UUID of player PiriRuntimeTest is 2b9a0e28-4a8f-3fe1-a65b-c41ad05e8077
[21:14:36 INFO]: [93mPiriRuntimeTest joined the game[0m
[21:14:36 INFO]: PiriRuntimeTest[/127.0.0.1:51053] logged in with entity id 59 at ([world]0.5, 65.0, 3.5)
[21:14:38 INFO]: PiriRuntimeTest issued server command: /piri machine create
[21:17:33 INFO]: PiriRuntimeTest lost connection: Disconnected
[21:17:33 INFO]: [93mPiriRuntimeTest left the game[0m
[21:17:33 INFO]: Stopping the server
[21:17:34 INFO]: Stopping server
[21:17:34 INFO]: [PiriRuntimeAcceptance] Disabling PiriRuntimeAcceptance v1.0.0
[21:17:34 INFO]: [PiriJuggler] Disabling PiriJuggler v1.0.0
[21:17:34 INFO]: Saving players
[21:17:34 INFO]: Saving worlds
[21:17:34 INFO]: Saving chunks for level 'ServerLevel[world]'/minecraft:overworld
[21:17:34 INFO]: [ChunkHolderManager] Waiting 60s for chunk system to halt for world 'world'
[21:17:34 INFO]: [ChunkHolderManager] Halted chunk system for world 'world'
[21:17:34 INFO]: [ChunkHolderManager] Saving all chunkholders for world 'world'
[21:17:34 INFO]: [ChunkHolderManager] Saved 1089 block chunks, 121 entity chunks, 0 poi chunks in world 'world' in 0.65s
[21:17:34 INFO]: Saving chunks for level 'ServerLevel[world_nether]'/minecraft:the_nether
[21:17:34 INFO]: [ChunkHolderManager] Waiting 60s for chunk system to halt for world 'world_nether'
[21:17:34 INFO]: [ChunkHolderManager] Halted chunk system for world 'world_nether'
[21:17:34 INFO]: [ChunkHolderManager] Saving all chunkholders for world 'world_nether'
[21:17:35 INFO]: [ChunkHolderManager] Saved 841 block chunks, 49 entity chunks, 0 poi chunks in world 'world_nether' in 0.28s
[21:17:35 INFO]: Saving chunks for level 'ServerLevel[world_the_end]'/minecraft:the_end
[21:17:35 INFO]: [ChunkHolderManager] Waiting 60s for chunk system to halt for world 'world_the_end'
[21:17:35 INFO]: [ChunkHolderManager] Halted chunk system for world 'world_the_end'
[21:17:35 INFO]: [ChunkHolderManager] Saving all chunkholders for world 'world_the_end'
[21:17:35 INFO]: [ChunkHolderManager] Saved 841 block chunks, 49 entity chunks, 0 poi chunks in world 'world_the_end' in 0.20s
[21:17:35 INFO]: ThreadedAnvilChunkStorage (world): All chunks are saved
[21:17:35 INFO]: ThreadedAnvilChunkStorage (DIM-1): All chunks are saved
[21:17:35 INFO]: ThreadedAnvilChunkStorage (DIM1): All chunks are saved
[21:17:35 INFO]: ThreadedAnvilChunkStorage: All dimensions are saved
