Downloading mojang_1.21.jar
Applying patches
Starting org.bukkit.craftbukkit.Main
*** Warning, you've not updated in a while! ***
*** Please download a new build as per instructions from https://papermc.io/downloads/paper ***
WARN StatusConsoleListener Advanced terminal features are not available in this environment
[09:57:56 INFO]: [bootstrap] Running Java 21 (OpenJDK 64-Bit Server VM 21.0.12.1+1-LTS; Eclipse Adoptium Temurin-21.0.12.1+1) on Windows 11 10.0 (amd64)
[09:57:56 INFO]: [bootstrap] Loading Paper 1.21-130-master@b1b5d4c (2024-08-10T10:02:42Z) for Minecraft 1.21
[09:57:56 WARN]: [oshi.driver.windows.perfmon.PerfmonDisabled] Invalid registry value type detected for PerfOS counters. Should be REG_DWORD. Ignoring: HKEY_LOCAL_MACHINE\SYSTEM\CurrentControlSet\Services\PerfOS\Performance\Disable Performance Counters.
[09:57:57 INFO]: [PluginInitializerManager] Initializing plugins...
[09:57:57 INFO]: [ReobfServer] Remapping server...
[09:58:01 INFO]: [ReobfServer] Done remapping server in 3634ms.
[09:58:01 INFO]: [PluginRemapper] Remapping plugin 'plugins\piri-runtime-test-paper-1.0.0.jar'...
[09:58:01 INFO]: [PluginRemapper] Remapping plugin 'plugins\piri-juggler-paper-1.0.0.jar'...
[09:58:01 INFO]: [PluginRemapper] Done remapping plugin 'plugins\piri-runtime-test-paper-1.0.0.jar' in 122ms.
[09:58:02 INFO]: [PluginRemapper] Done remapping plugin 'plugins\piri-juggler-paper-1.0.0.jar' in 1758ms.
[09:58:03 INFO]: [PluginInitializerManager] Initialized 2 plugins
[09:58:03 INFO]: [PluginInitializerManager] Bukkit plugins (2):
 - PiriJuggler (1.0.0), PiriRuntimeAcceptance (1.0.0)
[09:58:06 INFO]: Environment: Environment[sessionHost=https://sessionserver.mojang.com, servicesHost=https://api.minecraftservices.com, name=PROD]
[09:58:07 INFO]: Found new data pack file/bukkit, loading it automatically
[09:58:07 INFO]: Found new data pack paper, loading it automatically
[09:58:07 INFO]: No existing world data, creating new world
[09:58:08 INFO]: Loaded 1290 recipes
[09:58:08 INFO]: Loaded 1399 advancements
[09:58:08 INFO]: Starting minecraft server version 1.21
[09:58:08 INFO]: Loading properties
[09:58:08 INFO]: This server is running Paper version 1.21-130-master@b1b5d4c (2024-08-10T10:02:42Z) (Implementing API version 1.21-R0.1-SNAPSHOT)
[09:58:09 INFO]: [spark] This server bundles the spark profiler. For more information please visit https://docs.papermc.io/paper/profiling
[09:58:09 INFO]: Using 4 threads for Netty based IO
[09:58:09 INFO]: Server Ping Player Sample Count: 12
[09:58:09 INFO]: [ChunkTaskScheduler] Chunk system is using 1 I/O threads, 4 worker threads, and population gen parallelism of 4 threads
[09:58:09 INFO]: Default game type: SURVIVAL
[09:58:09 INFO]: Generating keypair
[09:58:09 INFO]: Starting Minecraft server on 127.0.0.1:25589
[09:58:09 INFO]: Using default channel type
[09:58:09 INFO]: Paper: Using Java compression from Velocity.
[09:58:09 INFO]: Paper: Using Java cipher from Velocity.
[09:58:10 INFO]: [PiriJuggler] Loading server plugin PiriJuggler v1.0.0
[09:58:10 INFO]: [PiriRuntimeAcceptance] Loading server plugin PiriRuntimeAcceptance v1.0.0
[09:58:10 WARN]: **** SERVER IS RUNNING IN OFFLINE/INSECURE MODE!
[09:58:10 WARN]: The server will make no attempt to authenticate usernames. Beware.
[09:58:10 WARN]: While this makes the game possible to play without internet access, it also opens up the ability for hackers to connect with any username they choose.
[09:58:10 WARN]: To change this, set "online-mode" to "true" in the server.properties file.
[09:58:10 INFO]: Preparing level "world"
[09:58:12 INFO]: Preparing start region for dimension minecraft:overworld
[09:58:14 INFO]: Time elapsed: 1558 ms
[09:58:14 INFO]: Preparing start region for dimension minecraft:the_nether
[09:58:14 INFO]: Time elapsed: 294 ms
[09:58:14 INFO]: Preparing start region for dimension minecraft:the_end
[09:58:14 INFO]: Time elapsed: 112 ms
[09:58:14 INFO]: [PiriJuggler] Enabling PiriJuggler v1.0.0
[09:58:15 INFO]: [PiriJuggler] PIRI_REELS_READY Report[counts={REG_ENTRY=10, BONUS=5250, MISS=5242, REPLAY=525, GRAPE=750, PIERO=20, PREMIUM_B=774, BIG_ENTRY=10, BELL=50, CHERRY=1510}, allSequences=555660, premiumFSecondChecks=7938, premiumFSequences=166698]
[09:58:15 INFO]: [PiriJuggler] Protocol 1; configuration valid
[09:58:15 INFO]: [PiriRuntimeAcceptance] Enabling PiriRuntimeAcceptance v1.0.0
[09:58:15 INFO]: [PiriRuntimeAcceptance] PIRI_RUNTIME_OBSERVER_READY Phase05
[09:58:15 INFO]: [spark] Starting background profiler...
[09:58:16 INFO]: [spark] The async-profiler engine is not supported for your os/arch (windows11/amd64), so the built-in Java engine will be used instead.
[09:58:16 INFO]: Done preparing level "world" (5.964s)
[09:58:16 INFO]: Running delayed init tasks
[09:58:16 INFO]: [PiriJuggler] PIRI_DATABASE_READY schema=4 period=f3a91ca7-8262-4920-b665-281431833358 machines=0
[09:58:16 INFO]: Done (20.363s)! For help, type "help"
[09:58:16 INFO]: *************************************************************************************
[09:58:16 INFO]: This is the first time you're starting this server.
[09:58:16 INFO]: It's recommended you read our 'Getting Started' documentation for guidance.
[09:58:16 INFO]: View this and more helpful information here: https://docs.papermc.io/paper/next-steps
[09:58:16 INFO]: *************************************************************************************
[09:58:16 INFO]: Timings Reset
[09:58:56 INFO]: UUID of player PiriRuntimeTest is 2b9a0e28-4a8f-3fe1-a65b-c41ad05e8077
[09:58:57 INFO]: [93mPiriRuntimeTest joined the game[0m
[09:58:57 INFO]: PiriRuntimeTest[/127.0.0.1:59817] logged in with entity id 51 at ([world]0.5, 65.0, 3.5)
[09:58:58 INFO]: PiriRuntimeTest issued server command: /piri machine create
[09:59:17 INFO]: PiriRuntimeTest lost connection: Disconnected
[09:59:17 INFO]: [93mPiriRuntimeTest left the game[0m
[09:59:17 INFO]: Stopping the server
[09:59:17 INFO]: Stopping server
[09:59:17 INFO]: [PiriRuntimeAcceptance] Disabling PiriRuntimeAcceptance v1.0.0
[09:59:17 INFO]: [PiriJuggler] Disabling PiriJuggler v1.0.0
[09:59:17 INFO]: Saving players
[09:59:17 INFO]: Saving worlds
[09:59:17 INFO]: Saving chunks for level 'ServerLevel[world]'/minecraft:overworld
[09:59:17 INFO]: [ChunkHolderManager] Waiting 60s for chunk system to halt for world 'world'
[09:59:17 INFO]: [ChunkHolderManager] Halted chunk system for world 'world'
[09:59:17 INFO]: [ChunkHolderManager] Saving all chunkholders for world 'world'
[09:59:18 INFO]: [ChunkHolderManager] Saved 1354 block chunks, 166 entity chunks, 0 poi chunks in world 'world' in 0.68s
[09:59:18 INFO]: Saving chunks for level 'ServerLevel[world_nether]'/minecraft:the_nether
[09:59:18 INFO]: [ChunkHolderManager] Waiting 60s for chunk system to halt for world 'world_nether'
[09:59:18 INFO]: [ChunkHolderManager] Halted chunk system for world 'world_nether'
[09:59:18 INFO]: [ChunkHolderManager] Saving all chunkholders for world 'world_nether'
[09:59:18 INFO]: [ChunkHolderManager] Saved 841 block chunks, 49 entity chunks, 0 poi chunks in world 'world_nether' in 0.19s
[09:59:18 INFO]: Saving chunks for level 'ServerLevel[world_the_end]'/minecraft:the_end
[09:59:18 INFO]: [ChunkHolderManager] Waiting 60s for chunk system to halt for world 'world_the_end'
[09:59:18 INFO]: [ChunkHolderManager] Halted chunk system for world 'world_the_end'
[09:59:18 INFO]: [ChunkHolderManager] Saving all chunkholders for world 'world_the_end'
[09:59:18 INFO]: [ChunkHolderManager] Saved 841 block chunks, 49 entity chunks, 0 poi chunks in world 'world_the_end' in 0.17s
[09:59:18 INFO]: ThreadedAnvilChunkStorage (world): All chunks are saved
[09:59:18 INFO]: ThreadedAnvilChunkStorage (DIM-1): All chunks are saved
[09:59:18 INFO]: ThreadedAnvilChunkStorage (DIM1): All chunks are saved
[09:59:18 INFO]: ThreadedAnvilChunkStorage: All dimensions are saved
