Downloading mojang_1.21.jar
Applying patches
Starting org.bukkit.craftbukkit.Main
*** Warning, you've not updated in a while! ***
*** Please download a new build as per instructions from https://papermc.io/downloads/paper ***
WARN StatusConsoleListener Advanced terminal features are not available in this environment
[23:17:03 INFO]: [bootstrap] Running Java 21 (OpenJDK 64-Bit Server VM 21.0.12.1+1-LTS; Eclipse Adoptium Temurin-21.0.12.1+1) on Windows 11 10.0 (amd64)
[23:17:03 INFO]: [bootstrap] Loading Paper 1.21-130-master@b1b5d4c (2024-08-10T10:02:42Z) for Minecraft 1.21
[23:17:04 WARN]: [oshi.driver.windows.perfmon.PerfmonDisabled] Invalid registry value type detected for PerfOS counters. Should be REG_DWORD. Ignoring: HKEY_LOCAL_MACHINE\SYSTEM\CurrentControlSet\Services\PerfOS\Performance\Disable Performance Counters.
[23:17:05 INFO]: [PluginInitializerManager] Initializing plugins...
[23:17:05 INFO]: [ReobfServer] Remapping server...
[23:17:11 INFO]: [ReobfServer] Done remapping server in 5048ms.
[23:17:11 INFO]: [PluginRemapper] Remapping plugin 'plugins\piri-juggler-paper-1.0.0.jar'...
[23:17:11 INFO]: [PluginRemapper] Remapping plugin 'plugins\piri-runtime-test-paper-1.0.0.jar'...
[23:17:11 INFO]: [PluginRemapper] Done remapping plugin 'plugins\piri-runtime-test-paper-1.0.0.jar' in 168ms.
[23:17:12 INFO]: [PluginRemapper] Done remapping plugin 'plugins\piri-juggler-paper-1.0.0.jar' in 1865ms.
[23:17:13 INFO]: [PluginInitializerManager] Initialized 2 plugins
[23:17:13 INFO]: [PluginInitializerManager] Bukkit plugins (2):
 - PiriJuggler (1.0.0), PiriRuntimeAcceptance (1.0.0)
[23:17:18 INFO]: Environment: Environment[sessionHost=https://sessionserver.mojang.com, servicesHost=https://api.minecraftservices.com, name=PROD]
[23:17:18 INFO]: Found new data pack file/bukkit, loading it automatically
[23:17:18 INFO]: Found new data pack paper, loading it automatically
[23:17:19 INFO]: No existing world data, creating new world
[23:17:20 INFO]: Loaded 1290 recipes
[23:17:21 INFO]: Loaded 1399 advancements
[23:17:21 INFO]: Starting minecraft server version 1.21
[23:17:21 INFO]: Loading properties
[23:17:21 INFO]: This server is running Paper version 1.21-130-master@b1b5d4c (2024-08-10T10:02:42Z) (Implementing API version 1.21-R0.1-SNAPSHOT)
[23:17:21 INFO]: [spark] This server bundles the spark profiler. For more information please visit https://docs.papermc.io/paper/profiling
[23:17:21 INFO]: Server Ping Player Sample Count: 12
[23:17:21 INFO]: Using 4 threads for Netty based IO
[23:17:22 INFO]: [ChunkTaskScheduler] Chunk system is using 1 I/O threads, 4 worker threads, and population gen parallelism of 4 threads
[23:17:22 INFO]: Default game type: SURVIVAL
[23:17:22 INFO]: Generating keypair
[23:17:22 INFO]: Starting Minecraft server on 127.0.0.1:25585
[23:17:23 INFO]: Using default channel type
[23:17:23 INFO]: Paper: Using Java compression from Velocity.
[23:17:23 INFO]: Paper: Using Java cipher from Velocity.
[23:17:23 INFO]: [PiriJuggler] Loading server plugin PiriJuggler v1.0.0
[23:17:23 INFO]: [PiriRuntimeAcceptance] Loading server plugin PiriRuntimeAcceptance v1.0.0
[23:17:23 WARN]: **** SERVER IS RUNNING IN OFFLINE/INSECURE MODE!
[23:17:23 WARN]: The server will make no attempt to authenticate usernames. Beware.
[23:17:23 WARN]: While this makes the game possible to play without internet access, it also opens up the ability for hackers to connect with any username they choose.
[23:17:23 WARN]: To change this, set "online-mode" to "true" in the server.properties file.
[23:17:23 INFO]: Preparing level "world"
[23:17:27 INFO]: Preparing start region for dimension minecraft:overworld
[23:17:29 INFO]: Time elapsed: 2512 ms
[23:17:29 INFO]: Preparing start region for dimension minecraft:the_nether
[23:17:30 INFO]: Time elapsed: 625 ms
[23:17:30 INFO]: Preparing start region for dimension minecraft:the_end
[23:17:30 INFO]: Time elapsed: 225 ms
[23:17:30 INFO]: [PiriJuggler] Enabling PiriJuggler v1.0.0
[23:17:30 INFO]: [PiriJuggler] Protocol 1; configuration valid
[23:17:30 INFO]: [PiriRuntimeAcceptance] Enabling PiriRuntimeAcceptance v1.0.0
[23:17:30 INFO]: [PiriRuntimeAcceptance] PIRI_RUNTIME_OBSERVER_READY 1.21-130-b1b5d4c (MC: 1.21)
[23:17:30 INFO]: [spark] Starting background profiler...
[23:17:30 INFO]: [spark] The async-profiler engine is not supported for your os/arch (windows11/amd64), so the built-in Java engine will be used instead.
[23:17:31 INFO]: Done preparing level "world" (7.784s)
[23:17:31 INFO]: Running delayed init tasks
[23:17:31 INFO]: [PiriJuggler] PIRI_DATABASE_READY schema=4 period=b3c066c3-65d1-4f61-82ab-c87b219f74af machines=0
[23:17:31 INFO]: Done (28.363s)! For help, type "help"
[23:17:31 INFO]: *************************************************************************************
[23:17:31 INFO]: This is the first time you're starting this server.
[23:17:31 INFO]: It's recommended you read our 'Getting Started' documentation for guidance.
[23:17:31 INFO]: View this and more helpful information here: https://docs.papermc.io/paper/next-steps
[23:17:31 INFO]: *************************************************************************************
[23:17:31 INFO]: Timings Reset
[23:18:22 INFO]: UUID of player PiriRuntimeTest is 2b9a0e28-4a8f-3fe1-a65b-c41ad05e8077
[23:18:23 INFO]: [93mPiriRuntimeTest joined the game[0m
[23:18:23 INFO]: PiriRuntimeTest[/127.0.0.1:52184] logged in with entity id 71 at ([world]-38.5, 71.0, -49.5)
[23:18:24 INFO]: [PiriRuntimeAcceptance] PIRI_RUNTIME_SERVER {"timestamp":"2026-09-12T14:18:24.419045500Z","serverVersion":"1.21-130-b1b5d4c (MC: 1.21)","minecraftVersion":"1.21","player":"PiriRuntimeTest","remoteAddress":"127.0.0.1","envelopeProtocol":1,"hello":{"protocol":1,"modVersion":"1.0.0"},"productionPluginEnabled":true,"gameplayAllowed":true,"passed":true}
[23:18:29 INFO]: PiriRuntimeTest lost connection: Disconnected
[23:18:29 INFO]: [93mPiriRuntimeTest left the game[0m
[23:18:30 INFO]: Stopping the server
[23:18:30 INFO]: Stopping server
[23:18:30 INFO]: [PiriRuntimeAcceptance] Disabling PiriRuntimeAcceptance v1.0.0
[23:18:30 INFO]: [PiriJuggler] Disabling PiriJuggler v1.0.0
[23:18:30 INFO]: Saving players
[23:18:31 INFO]: Saving worlds
[23:18:31 INFO]: Saving chunks for level 'ServerLevel[world]'/minecraft:overworld
[23:18:31 INFO]: [ChunkHolderManager] Waiting 60s for chunk system to halt for world 'world'
[23:18:31 INFO]: [ChunkHolderManager] Halted chunk system for world 'world'
[23:18:31 INFO]: [ChunkHolderManager] Saving all chunkholders for world 'world'
[23:18:32 INFO]: [ChunkHolderManager] Saved 1089 block chunks, 121 entity chunks, 0 poi chunks in world 'world' in 1.00s
[23:18:32 INFO]: Saving chunks for level 'ServerLevel[world_nether]'/minecraft:the_nether
[23:18:32 INFO]: [ChunkHolderManager] Waiting 60s for chunk system to halt for world 'world_nether'
[23:18:32 INFO]: [ChunkHolderManager] Halted chunk system for world 'world_nether'
[23:18:32 INFO]: [ChunkHolderManager] Saving all chunkholders for world 'world_nether'
[23:18:32 INFO]: [ChunkHolderManager] Saved 841 block chunks, 49 entity chunks, 0 poi chunks in world 'world_nether' in 0.45s
[23:18:32 INFO]: Saving chunks for level 'ServerLevel[world_the_end]'/minecraft:the_end
[23:18:32 INFO]: [ChunkHolderManager] Waiting 60s for chunk system to halt for world 'world_the_end'
[23:18:32 INFO]: [ChunkHolderManager] Halted chunk system for world 'world_the_end'
[23:18:32 INFO]: [ChunkHolderManager] Saving all chunkholders for world 'world_the_end'
[23:18:32 INFO]: [ChunkHolderManager] Saved 841 block chunks, 49 entity chunks, 0 poi chunks in world 'world_the_end' in 0.24s
[23:18:32 INFO]: ThreadedAnvilChunkStorage (world): All chunks are saved
[23:18:32 INFO]: ThreadedAnvilChunkStorage (DIM-1): All chunks are saved
[23:18:32 INFO]: ThreadedAnvilChunkStorage (DIM1): All chunks are saved
[23:18:32 INFO]: ThreadedAnvilChunkStorage: All dimensions are saved
