
> Configure project :fabric
Fabric Loom: 1.10.5

> Configure project :runtime-test-client
Fabric Loom: 1.10.5

> Task :common:compileJava UP-TO-DATE
> Task :fabric:compileJava UP-TO-DATE
> Task :fabric:processResources UP-TO-DATE
> Task :fabric:classes UP-TO-DATE
> Task :paper:compileJava UP-TO-DATE
> Task :fabric:compileTestJava UP-TO-DATE
> Task :common:processResources NO-SOURCE
> Task :common:classes UP-TO-DATE
> Task :fabric:jar UP-TO-DATE
> Task :fabric:processIncludeJars UP-TO-DATE
> Task :fabric:remapJar UP-TO-DATE
> Task :runtime-test-client:compileJava UP-TO-DATE
> Task :runtime-test-client:processResources UP-TO-DATE
> Task :runtime-test-client:classes UP-TO-DATE
> Task :runtime-test-client:generateLog4jConfig UP-TO-DATE
> Task :runtime-test-client:generateRemapClasspath
> Task :runtime-test-client:generateDLIConfig
> Task :runtime-test-client:configureLaunch
> Task :runtime-test-client:downloadAssets FAILED

FAILURE: Build failed with an exception.

* What went wrong:
Execution failed for task ':runtime-test-client:downloadAssets'.
> Cannot access output property 'legacyResourcesDirectory' of task ':runtime-test-client:downloadAssets'. Accessing unreadable inputs or outputs is not supported. Declare the task as untracked by using Task.doNotTrackState(). For more information, please refer to https://docs.gradle.org/8.14.3/userguide/incremental_build.html#sec:disable-state-tracking in the Gradle documentation.
   > Could not stat file C:\Users\PC_user\Documents\PiriJuggler_Codex_Workflow_v4_AUDITED\runtime-test-support\client\C:\Users\PC_user\Documents\PiriJuggler_Codex_Workflow_v4_AUDITED\runtime-evidence\PHASE_01\work\client-normal\resources

* Try:
> Run with --stacktrace option to get the stack trace.
> Run with --info or --debug option to get more log output.
> Run with --scan to get full insights.
> Get more help at https://help.gradle.org.

BUILD FAILED in 35s
14 actionable tasks: 3 executed, 11 up-to-date
