Downloading mojang_1.21.jar
Applying patches
Starting org.bukkit.craftbukkit.Main
*** Warning, you've not updated in a while! ***
*** Please download a new build as per instructions from https://papermc.io/downloads/paper ***
WARN StatusConsoleListener Advanced terminal features are not available in this environment
[23:02:56 INFO]: [bootstrap] Running Java 21 (OpenJDK 64-Bit Server VM 21.0.12.1+1-LTS; Eclipse Adoptium Temurin-21.0.12.1+1) on Windows 11 10.0 (amd64)
[23:02:56 INFO]: [bootstrap] Loading Paper 1.21-130-master@b1b5d4c (2024-08-10T10:02:42Z) for Minecraft 1.21
[23:02:56 WARN]: [oshi.driver.windows.perfmon.PerfmonDisabled] Invalid registry value type detected for PerfOS counters. Should be REG_DWORD. Ignoring: HKEY_LOCAL_MACHINE\SYSTEM\CurrentControlSet\Services\PerfOS\Performance\Disable Performance Counters.
[23:02:57 INFO]: [PluginInitializerManager] Initializing plugins...
[23:02:58 INFO]: [ReobfServer] Remapping server...
[23:03:02 INFO]: [ReobfServer] Done remapping server in 4027ms.
[23:03:02 INFO]: [PluginRemapper] Remapping plugin 'plugins\piri-runtime-test-paper-1.0.0.jar'...
[23:03:02 INFO]: [PluginRemapper] Remapping plugin 'plugins\piri-juggler-paper-1.0.0.jar'...
[23:03:02 INFO]: [PluginRemapper] Done remapping plugin 'plugins\piri-runtime-test-paper-1.0.0.jar' in 123ms.
[23:03:04 INFO]: [PluginRemapper] Done remapping plugin 'plugins\piri-juggler-paper-1.0.0.jar' in 1531ms.
[23:03:04 INFO]: [PluginInitializerManager] Initialized 2 plugins
[23:03:04 INFO]: [PluginInitializerManager] Bukkit plugins (2):
 - PiriJuggler (1.0.0), PiriRuntimeAcceptance (1.0.0)
[23:03:08 INFO]: Environment: Environment[sessionHost=https://sessionserver.mojang.com, servicesHost=https://api.minecraftservices.com, name=PROD]
[23:03:09 INFO]: Found new data pack file/bukkit, loading it automatically
[23:03:09 INFO]: Found new data pack paper, loading it automatically
[23:03:09 INFO]: No existing world data, creating new world
[23:03:10 INFO]: Loaded 1290 recipes
[23:03:10 INFO]: Loaded 1399 advancements
[23:03:11 INFO]: Starting minecraft server version 1.21
[23:03:11 INFO]: Loading properties
[23:03:11 INFO]: This server is running Paper version 1.21-130-master@b1b5d4c (2024-08-10T10:02:42Z) (Implementing API version 1.21-R0.1-SNAPSHOT)
[23:03:11 INFO]: [spark] This server bundles the spark profiler. For more information please visit https://docs.papermc.io/paper/profiling
[23:03:11 INFO]: Using 4 threads for Netty based IO
[23:03:11 INFO]: Server Ping Player Sample Count: 12
[23:03:12 INFO]: [ChunkTaskScheduler] Chunk system is using 1 I/O threads, 4 worker threads, and population gen parallelism of 4 threads
[23:03:12 INFO]: Default game type: SURVIVAL
[23:03:12 INFO]: Generating keypair
[23:03:12 INFO]: Starting Minecraft server on 127.0.0.1:25586
[23:03:13 INFO]: Using default channel type
[23:03:13 INFO]: Paper: Using Java compression from Velocity.
[23:03:13 INFO]: Paper: Using Java cipher from Velocity.
[23:03:13 INFO]: [PiriJuggler] Loading server plugin PiriJuggler v1.0.0
[23:03:13 INFO]: [PiriRuntimeAcceptance] Loading server plugin PiriRuntimeAcceptance v1.0.0
[23:03:13 WARN]: **** SERVER IS RUNNING IN OFFLINE/INSECURE MODE!
[23:03:13 WARN]: The server will make no attempt to authenticate usernames. Beware.
[23:03:13 WARN]: While this makes the game possible to play without internet access, it also opens up the ability for hackers to connect with any username they choose.
[23:03:13 WARN]: To change this, set "online-mode" to "true" in the server.properties file.
[23:03:13 INFO]: Preparing level "world"
[23:03:17 INFO]: Preparing start region for dimension minecraft:overworld
[23:03:18 INFO]: Time elapsed: 1900 ms
[23:03:18 INFO]: Preparing start region for dimension minecraft:the_nether
[23:03:19 INFO]: Time elapsed: 538 ms
[23:03:19 INFO]: Preparing start region for dimension minecraft:the_end
[23:03:19 INFO]: Time elapsed: 131 ms
[23:03:19 INFO]: [PiriJuggler] Enabling PiriJuggler v1.0.0
[23:03:19 INFO]: [PiriJuggler] Protocol 1; configuration valid
[23:03:19 INFO]: [PiriRuntimeAcceptance] Enabling PiriRuntimeAcceptance v1.0.0
[23:03:20 INFO]: [PiriRuntimeAcceptance] PIRI_RUNTIME_OBSERVER_READY Phase02 1.21-130-b1b5d4c (MC: 1.21)
[23:03:20 INFO]: [spark] Starting background profiler...
[23:03:20 INFO]: [spark] The async-profiler engine is not supported for your os/arch (windows11/amd64), so the built-in Java engine will be used instead.
[23:03:20 INFO]: Done preparing level "world" (7.408s)
[23:03:20 INFO]: Running delayed init tasks
[23:03:20 INFO]: [PiriJuggler] PIRI_DATABASE_READY schema=4 period=a46f5739-9c0f-4212-8d74-8cbf2f1e15cb machines=0
[23:03:20 INFO]: Done (25.425s)! For help, type "help"
[23:03:20 INFO]: *************************************************************************************
[23:03:20 INFO]: This is the first time you're starting this server.
[23:03:20 INFO]: It's recommended you read our 'Getting Started' documentation for guidance.
[23:03:20 INFO]: View this and more helpful information here: https://docs.papermc.io/paper/next-steps
[23:03:20 INFO]: *************************************************************************************
[23:03:20 INFO]: Timings Reset
[23:04:07 INFO]: UUID of player PiriRuntimeTest is 2b9a0e28-4a8f-3fe1-a65b-c41ad05e8077
[23:04:08 INFO]: [93mPiriRuntimeTest joined the game[0m
[23:04:08 INFO]: PiriRuntimeTest[/127.0.0.1:60379] logged in with entity id 69 at ([world]0.5, 65.0, 3.5)
[23:04:10 INFO]: PiriRuntimeTest issued server command: /piri machine create
[23:04:11 INFO]: PiriRuntimeTest issued server command: /piri machine create
[23:04:12 INFO]: PiriRuntimeTest issued server command: /piri machine create
[23:04:14 INFO]: PiriRuntimeTest issued server command: /piri machine remove 1
[23:04:15 INFO]: PiriRuntimeTest issued server command: /piri key give
[23:04:17 INFO]: PiriRuntimeTest lost connection: Disconnected
[23:04:17 INFO]: [93mPiriRuntimeTest left the game[0m
[23:04:18 INFO]: Stopping the server
[23:04:18 INFO]: Stopping server
[23:04:18 INFO]: [PiriRuntimeAcceptance] Disabling PiriRuntimeAcceptance v1.0.0
[23:04:18 INFO]: [PiriJuggler] Disabling PiriJuggler v1.0.0
[23:04:18 INFO]: Saving players
[23:04:18 INFO]: Saving worlds
[23:04:18 INFO]: Saving chunks for level 'ServerLevel[world]'/minecraft:overworld
[23:04:18 INFO]: [ChunkHolderManager] Waiting 60s for chunk system to halt for world 'world'
[23:04:18 INFO]: [ChunkHolderManager] Halted chunk system for world 'world'
[23:04:18 INFO]: [ChunkHolderManager] Saving all chunkholders for world 'world'
[23:04:19 INFO]: [ChunkHolderManager] Saved 1263 block chunks, 163 entity chunks, 2 poi chunks in world 'world' in 0.94s
[23:04:19 INFO]: Saving chunks for level 'ServerLevel[world_nether]'/minecraft:the_nether
[23:04:19 INFO]: [ChunkHolderManager] Waiting 60s for chunk system to halt for world 'world_nether'
[23:04:19 INFO]: [ChunkHolderManager] Halted chunk system for world 'world_nether'
[23:04:19 INFO]: [ChunkHolderManager] Saving all chunkholders for world 'world_nether'
[23:04:19 INFO]: [ChunkHolderManager] Saved 841 block chunks, 49 entity chunks, 0 poi chunks in world 'world_nether' in 0.27s
[23:04:19 INFO]: Saving chunks for level 'ServerLevel[world_the_end]'/minecraft:the_end
[23:04:19 INFO]: [ChunkHolderManager] Waiting 60s for chunk system to halt for world 'world_the_end'
[23:04:19 INFO]: [ChunkHolderManager] Halted chunk system for world 'world_the_end'
[23:04:19 INFO]: [ChunkHolderManager] Saving all chunkholders for world 'world_the_end'
[23:04:19 INFO]: [ChunkHolderManager] Saved 841 block chunks, 49 entity chunks, 0 poi chunks in world 'world_the_end' in 0.21s
[23:04:20 INFO]: ThreadedAnvilChunkStorage (world): All chunks are saved
[23:04:20 INFO]: ThreadedAnvilChunkStorage (DIM-1): All chunks are saved
[23:04:20 INFO]: ThreadedAnvilChunkStorage (DIM1): All chunks are saved
[23:04:20 INFO]: ThreadedAnvilChunkStorage: All dimensions are saved
