
> Configure project :fabric
Fabric Loom: 1.10.5

> Configure project :runtime-test-client
Fabric Loom: 1.10.5

> Task :common:compileJava UP-TO-DATE
> Task :common:processResources NO-SOURCE
> Task :common:classes UP-TO-DATE
> Task :fabric:compileJava UP-TO-DATE
> Task :fabric:processResources UP-TO-DATE
> Task :fabric:classes UP-TO-DATE
> Task :fabric:jar UP-TO-DATE
> Task :runtime-test-client:compileJava
> Task :runtime-test-client:processResources UP-TO-DATE
> Task :runtime-test-client:classes
> Task :runtime-test-client:jar
> Task :runtime-test-client:compileTestJava NO-SOURCE
> Task :runtime-test-client:processIncludeJars UP-TO-DATE
> Task :runtime-test-client:sourcesJar
> Task :runtime-test-client:remapJar
> Task :runtime-test-client:processTestResources NO-SOURCE
> Task :runtime-test-client:testClasses UP-TO-DATE
> Task :runtime-test-client:test NO-SOURCE
> Task :runtime-test-client:validateAccessWidener NO-SOURCE
> Task :runtime-test-client:check UP-TO-DATE
> Task :paper:compileJava UP-TO-DATE
> Task :runtime-test-paper:compileJava
> Task :runtime-test-paper:processResources UP-TO-DATE
> Task :runtime-test-paper:classes
> Task :runtime-test-paper:jar
> Task :runtime-test-paper:sourcesJar
> Task :runtime-test-paper:assemble
> Task :runtime-test-paper:compileTestJava NO-SOURCE
> Task :runtime-test-paper:processTestResources NO-SOURCE
> Task :runtime-test-paper:testClasses UP-TO-DATE
> Task :runtime-test-paper:test NO-SOURCE
> Task :runtime-test-client:remapSourcesJar
> Task :runtime-test-client:assemble
> Task :runtime-test-client:build
> Task :runtime-test-paper:check UP-TO-DATE
> Task :runtime-test-paper:build

BUILD SUCCESSFUL in 30s
16 actionable tasks: 8 executed, 8 up-to-date
