game\server.log
Downloading mojang_1.21.jar
Applying patches
Starting org.bukkit.craftbukkit.Main
*** Warning, you've not updated in a while! ***
*** Please download a new build as per instructions from https://papermc.io/downloads/paper ***
WARN StatusConsoleListener Advanced terminal features are not available in this environment
[10:06:12 INFO]: [bootstrap] Running Java 21 (OpenJDK 64-Bit Server VM 21.0.12.1+1-LTS; Eclipse Adoptium Temurin-21.0.12.1+1) on Windows 11 10.0 (amd64)
[10:06:12 INFO]: [bootstrap] Loading Paper 1.21-130-master@b1b5d4c (2024-08-10T10:02:42Z) for Minecraft 1.21
[10:06:12 WARN]: [oshi.driver.windows.perfmon.PerfmonDisabled] Invalid registry value type detected for PerfOS counters. Should be REG_DWORD. Ignoring: HKEY_LOCAL_MACHINE\SYSTEM\CurrentControlSet\Services\PerfOS\Performance\Disable Performance Counters.
[10:06:13 INFO]: [PluginInitializerManager] Initializing plugins...
[10:06:13 INFO]: [ReobfServer] Remapping server...
[10:06:17 INFO]: [ReobfServer] Done remapping server in 3331ms.
[10:06:17 INFO]: [PluginRemapper] Remapping plugin 'plugins\piri-runtime-test-paper-1.0.0.jar'...
[10:06:17 INFO]: [PluginRemapper] Remapping plugin 'plugins\piri-juggler-paper-1.0.0.jar'...
[10:06:17 INFO]: [PluginRemapper] Done remapping plugin 'plugins\piri-runtime-test-paper-1.0.0.jar' in 90ms.
[10:06:18 INFO]: [PluginRemapper] Done remapping plugin 'plugins\piri-juggler-paper-1.0.0.jar' in 1398ms.
[10:06:18 INFO]: [PluginInitializerManager] Initialized 2 plugins
[10:06:18 INFO]: [PluginInitializerManager] Bukkit plugins (2):
 - PiriJuggler (1.0.0), PiriRuntimeAcceptance (1.0.0)
[10:06:22 INFO]: Environment: Environment[sessionHost=https://sessionserver.mojang.com, servicesHost=https://api.minecraftservices.com, name=PROD]
[10:06:22 INFO]: Found new data pack file/bukkit, loading it automatically
[10:06:22 INFO]: Found new data pack paper, loading it automatically
[10:06:23 INFO]: No existing world data, creating new world
[10:06:23 INFO]: Loaded 1290 recipes
[10:06:23 INFO]: Loaded 1399 advancements
[10:06:23 INFO]: Starting minecraft server version 1.21
[10:06:23 INFO]: Loading properties
[10:06:23 INFO]: This server is running Paper version 1.21-130-master@b1b5d4c (2024-08-10T10:02:42Z) (Implementing API version 1.21-R0.1-SNAPSHOT)
[10:06:24 INFO]: [spark] This server bundles the spark profiler. For more information please visit https://docs.papermc.io/paper/profiling
[10:06:24 INFO]: Using 4 threads for Netty based IO
[10:06:24 INFO]: Server Ping Player Sample Count: 12
[10:06:24 INFO]: [ChunkTaskScheduler] Chunk system is using 1 I/O threads, 4 worker threads, and population gen parallelism of 4 threads
[10:06:25 INFO]: Default game type: SURVIVAL
[10:06:25 INFO]: Generating keypair
[10:06:25 INFO]: Starting Minecraft server on 127.0.0.1:25589
[10:06:25 INFO]: Using default channel type
[10:06:25 INFO]: Paper: Using Java compression from Velocity.
[10:06:25 INFO]: Paper: Using Java cipher from Velocity.
[10:06:25 INFO]: [PiriJuggler] Loading server plugin PiriJuggler v1.0.0
[10:06:25 INFO]: [PiriRuntimeAcceptance] Loading server plugin PiriRuntimeAcceptance v1.0.0
[10:06:25 WARN]: **** SERVER IS RUNNING IN OFFLINE/INSECURE MODE!
[10:06:25 WARN]: The server will make no attempt to authenticate usernames. Beware.
[10:06:25 WARN]: While this makes the game possible to play without internet access, it also opens up the ability for hackers to connect with any username they choose.
[10:06:25 WARN]: To change this, set "online-mode" to "true" in the server.properties file.
[10:06:25 INFO]: Preparing level "world"
[10:06:28 INFO]: Preparing start region for dimension minecraft:overworld
[10:06:29 INFO]: Time elapsed: 1332 ms
[10:06:29 INFO]: Preparing start region for dimension minecraft:the_nether
[10:06:29 INFO]: Time elapsed: 432 ms
[10:06:29 INFO]: Preparing start region for dimension minecraft:the_end
[10:06:29 INFO]: Time elapsed: 94 ms
[10:06:29 INFO]: [PiriJuggler] Enabling PiriJuggler v1.0.0
[10:06:30 INFO]: [PiriJuggler] PIRI_REELS_READY Report[counts={BONUS=5250, MISS=5242, PIERO=20, REG_ENTRY=10, BELL=50, BIG_ENTRY=10, REPLAY=525, PREMIUM_B=774, CHERRY=1510, GRAPE=750}, allSequences=555660, premiumFSecondChecks=7938, premiumFSequences=166698]
[10:06:30 INFO]: [PiriJuggler] Protocol 1; configuration valid
[10:06:30 INFO]: [PiriRuntimeAcceptance] Enabling PiriRuntimeAcceptance v1.0.0
[10:06:30 INFO]: [PiriRuntimeAcceptance] PIRI_RUNTIME_OBSERVER_READY Phase05
[10:06:30 INFO]: [spark] Starting background profiler...
[10:06:30 INFO]: [spark] The async-profiler engine is not supported for your os/arch (windows11/amd64), so the built-in Java engine will be used instead.
[10:06:30 INFO]: Done preparing level "world" (5.445s)
[10:06:30 INFO]: Running delayed init tasks
[10:06:30 INFO]: [PiriJuggler] PIRI_DATABASE_READY schema=4 period=15d89c12-6afc-4559-b367-97ee9ff089e0 machines=0
[10:06:30 INFO]: Done (18.635s)! For help, type "help"
[10:06:30 INFO]: *************************************************************************************
[10:06:30 INFO]: This is the first time you're starting this server.
[10:06:30 INFO]: It's recommended you read our 'Getting Started' documentation for guidance.
[10:06:30 INFO]: View this and more helpful information here: https://docs.papermc.io/paper/next-steps
[10:06:30 INFO]: *************************************************************************************
[10:06:30 INFO]: Timings Reset
[10:07:10 INFO]: UUID of player PiriRuntimeTest is 2b9a0e28-4a8f-3fe1-a65b-c41ad05e8077
[10:07:11 INFO]: [93mPiriRuntimeTest joined the game[0m
[10:07:11 INFO]: PiriRuntimeTest[/127.0.0.1:60873] logged in with entity id 57 at ([world]0.5, 65.0, 3.5)
[10:07:12 INFO]: PiriRuntimeTest issued server command: /piri machine create
[10:12:01 INFO]: PiriRuntimeTest issued server command: /piri simulator 1 100000
[10:12:08 INFO]: PiriRuntimeTest lost connection: Disconnected
[10:12:08 INFO]: [93mPiriRuntimeTest left the game[0m
[10:12:09 INFO]: Stopping the server
[10:12:09 INFO]: Stopping server
[10:12:09 INFO]: [PiriRuntimeAcceptance] Disabling PiriRuntimeAcceptance v1.0.0
[10:12:09 INFO]: [PiriJuggler] Disabling PiriJuggler v1.0.0
[10:12:09 INFO]: Saving players
[10:12:09 INFO]: Saving worlds
[10:12:09 INFO]: Saving chunks for level 'ServerLevel[world]'/minecraft:overworld
[10:12:09 INFO]: [ChunkHolderManager] Waiting 60s for chunk system to halt for world 'world'
[10:12:09 INFO]: [ChunkHolderManager] Halted chunk system for world 'world'
[10:12:09 INFO]: [ChunkHolderManager] Saving all chunkholders for world 'world'
[10:12:10 INFO]: [ChunkHolderManager] Saved 1050 block chunks, 82 entity chunks, 1 poi chunks in world 'world' in 0.44s
[10:12:10 INFO]: Saving chunks for level 'ServerLevel[world_nether]'/minecraft:the_nether
[10:12:10 INFO]: [ChunkHolderManager] Waiting 60s for chunk system to halt for world 'world_nether'
[10:12:10 INFO]: [ChunkHolderManager] Halted chunk system for world 'world_nether'
[10:12:10 INFO]: [ChunkHolderManager] Saving all chunkholders for world 'world_nether'
[10:12:10 INFO]: [ChunkHolderManager] Saved 794 block chunks, 1 entity chunks, 0 poi chunks in world 'world_nether' in 0.18s
[10:12:10 INFO]: Saving chunks for level 'ServerLevel[world_the_end]'/minecraft:the_end
[10:12:10 INFO]: [ChunkHolderManager] Waiting 60s for chunk system to halt for world 'world_the_end'
[10:12:10 INFO]: [ChunkHolderManager] Halted chunk system for world 'world_the_end'
[10:12:10 INFO]: [ChunkHolderManager] Saving all chunkholders for world 'world_the_end'
[10:12:10 INFO]: [ChunkHolderManager] Saved 792 block chunks, 10 entity chunks, 0 poi chunks in world 'world_the_end' in 0.13s
[10:12:10 INFO]: ThreadedAnvilChunkStorage (world): All chunks are saved
[10:12:10 INFO]: ThreadedAnvilChunkStorage (DIM-1): All chunks are saved
[10:12:10 INFO]: ThreadedAnvilChunkStorage (DIM1): All chunks are saved
[10:12:10 INFO]: ThreadedAnvilChunkStorage: All dimensions are saved
